Component: Arm Compiler for Embedded 6.21 Tool: armlink [5ec1fa00]

==============================================================================

Section Cross References

    app.o(.text.main) refers to rcc_config.o(.rodata.RCC_config16) for RCC_config16
    app.o(.text.main) refers to rcc.o(.text.MCAL_RCC_SysCtlClockExternal) for MCAL_RCC_SysCtlClockExternal
    app.o(.text.main) refers to gpio_config.o(.rodata.PF1) for PF1
    app.o(.text.main) refers to gpio.o(.text.MCAL_GPIO_Pin_Init) for MCAL_GPIO_Pin_Init
    app.o(.text.main) refers to ir_config.o(.data.IR_config) for IR_config
    app.o(.text.main) refers to ir.o(.text.HAL_IR_Inti) for HAL_IR_Inti
    app.o(.text.main) refers to motor_config.o(.data.motor_config) for motor_config
    app.o(.text.main) refers to motor.o(.text.HAL_DC_MOTOR_INIT) for HAL_DC_MOTOR_INIT
    app.o(.text.main) refers to ultrasonic_config.o(.data.ultra1) for ultra1
    app.o(.text.main) refers to ultrasonic.o(.text.HAL_Ultra_Inti) for HAL_Ultra_Inti
    app.o(.text.main) refers to communication.o(.text.HAL_Comm_Inti) for HAL_Comm_Inti
    app.o(.text.main) refers to app.o(.text.sendTask) for sendTask
    app.o(.text.main) refers to app.o(.rodata.str1.1) for .L.str
    app.o(.text.main) refers to tasks.o(.text.xTaskCreate) for xTaskCreate
    app.o(.text.main) refers to app.o(.text.UltraTask) for UltraTask
    app.o(.text.main) refers to app.o(.text.IRTask) for IRTask
    app.o(.text.main) refers to app.o(.text.MainTask) for MainTask
    app.o(.text.main) refers to tasks.o(.text.vTaskStartScheduler) for vTaskStartScheduler
    app.o(.ARM.exidx.text.main) refers to app.o(.text.main) for [Anonymous Symbol]
    app.o(.text.sendTask) refers to app.o(.bss.d) for d
    app.o(.text.sendTask) refers to communication.o(.text.HAL_Comm_SendFrame) for HAL_Comm_SendFrame
    app.o(.text.sendTask) refers to app.o(.bss.rr) for rr
    app.o(.text.sendTask) refers to communication.o(.text.HAL_Comm_ReceiveFrame) for HAL_Comm_ReceiveFrame
    app.o(.text.sendTask) refers to tasks.o(.text.vTaskDelay) for vTaskDelay
    app.o(.ARM.exidx.text.sendTask) refers to app.o(.text.sendTask) for [Anonymous Symbol]
    app.o(.text.UltraTask) refers to ultrasonic_config.o(.data.ultra1) for ultra1
    app.o(.text.UltraTask) refers to app.o(.bss.Global_Distance) for Global_Distance
    app.o(.text.UltraTask) refers to ultrasonic.o(.text.HAL_Ultra_Dist) for HAL_Ultra_Dist
    app.o(.text.UltraTask) refers to tasks.o(.text.vTaskDelay) for vTaskDelay
    app.o(.ARM.exidx.text.UltraTask) refers to app.o(.text.UltraTask) for [Anonymous Symbol]
    app.o(.text.IRTask) refers to ir_config.o(.data.IR_config) for IR_config
    app.o(.text.IRTask) refers to app.o(.bss.Global_RightValue) for Global_RightValue
    app.o(.text.IRTask) refers to ir.o(.text.HAL_IR_Read_RightIR) for HAL_IR_Read_RightIR
    app.o(.text.IRTask) refers to app.o(.bss.Global_LeftValue) for Global_LeftValue
    app.o(.text.IRTask) refers to ir.o(.text.HAL_IR_Read_LeftIR) for HAL_IR_Read_LeftIR
    app.o(.text.IRTask) refers to tasks.o(.text.vTaskDelay) for vTaskDelay
    app.o(.ARM.exidx.text.IRTask) refers to app.o(.text.IRTask) for [Anonymous Symbol]
    app.o(.text.MainTask) refers to app.o(.bss.rr) for rr
    app.o(.text.MainTask) refers to gpio_config.o(.rodata.PF1) for PF1
    app.o(.text.MainTask) refers to gpio.o(.text.MCAL_GPIO_Pin_Write) for MCAL_GPIO_Pin_Write
    app.o(.text.MainTask) refers to app.o(.bss.Global_Distance) for Global_Distance
    app.o(.text.MainTask) refers to motor_config.o(.data.motor_config) for motor_config
    app.o(.text.MainTask) refers to motor.o(.text.HAL_DC_MOTORS_OFF) for HAL_DC_MOTORS_OFF
    app.o(.text.MainTask) refers to app.o(.bss.Global_LeftValue) for Global_LeftValue
    app.o(.text.MainTask) refers to app.o(.bss.Global_RightValue) for Global_RightValue
    app.o(.text.MainTask) refers to motor.o(.text.HAL_DC_MOTOR_MOVE_FORWARD) for HAL_DC_MOTOR_MOVE_FORWARD
    app.o(.text.MainTask) refers to app.o(.bss.key) for key
    app.o(.text.MainTask) refers to motor.o(.text.HAL_DC_MOTOR_ControlSpeed) for HAL_DC_MOTOR_ControlSpeed
    app.o(.text.MainTask) refers to delay.o(.text.MCAL_DelayMs) for MCAL_DelayMs
    app.o(.text.MainTask) refers to motor.o(.text.HAL_DC_MOTOR_MOVE_FORWARD_RIGHT) for HAL_DC_MOTOR_MOVE_FORWARD_RIGHT
    app.o(.text.MainTask) refers to ir_config.o(.data.IR_config) for IR_config
    app.o(.text.MainTask) refers to ir.o(.text.HAL_IR_Read_LeftIR) for HAL_IR_Read_LeftIR
    app.o(.text.MainTask) refers to motor.o(.text.HAL_DC_MOTOR_MOVE_FORWARD_LEFT) for HAL_DC_MOTOR_MOVE_FORWARD_LEFT
    app.o(.text.MainTask) refers to ir.o(.text.HAL_IR_Read_RightIR) for HAL_IR_Read_RightIR
    app.o(.text.MainTask) refers to tasks.o(.text.vTaskDelay) for vTaskDelay
    app.o(.ARM.exidx.text.MainTask) refers to app.o(.text.MainTask) for [Anonymous Symbol]
    app.o(.ARM.exidx.text.fun) refers to app.o(.text.fun) for [Anonymous Symbol]
[...]
    [Anonymous Symbol]                       0x00000d78   Section        0  pwm.o(.text.MCAL_PWM_PulseWidthSet)
    [Anonymous Symbol]                       0x00000dac   Section        0  pwm.o(.text.MCAL_PWM_Start)
    [Anonymous Symbol]                       0x00000ddc   Section        0  rcc.o(.text.MCAL_RCC_SysCtlClockExternal)
    [Anonymous Symbol]                       0x00000e14   Section        0  spi.o(.text.MCAL_SSI_Inti)
    [Anonymous Symbol]                       0x00000f74   Section        0  spi.o(.text.MCAL_SSI_ReceiveData)
    [Anonymous Symbol]                       0x00000fac   Section        0  spi.o(.text.MCAL_SSI_SendData)
    [Anonymous Symbol]                       0x00000fe0   Section        0  timer.o(.text.MCAL_Timer_GET_VALUE)
    [Anonymous Symbol]                       0x00001018   Section        0  timer.o(.text.MCAL_Timer_IntClear)
    [Anonymous Symbol]                       0x00001048   Section        0  timer.o(.text.MCAL_Timer_Inti_CAP)
    [Anonymous Symbol]                       0x000011a4   Section        0  timer.o(.text.MCAL_Timer_SET_EVENT)
    [Anonymous Symbol]                       0x000011d8   Section        0  timer.o(.text.MCAL_Timer_SET_LOAD)
    [Anonymous Symbol]                       0x00001208   Section        0  timer.o(.text.MCAL_Timer_SET_PRESCALLER)
    [Anonymous Symbol]                       0x00001238   Section        0  timer.o(.text.MCAL_Timer_Start)
    [Anonymous Symbol]                       0x00001268   Section        0  timer.o(.text.MCAL_Timer_Stop)
    [Anonymous Symbol]                       0x00001298   Section        0  app.o(.text.MainTask)
    [Anonymous Symbol]                       0x00001440   Section        0  port.o(.text.PendSV_Handler)
    pxCurrentTCBConst                        0x000014a0   Number         0  port.o(.text.PendSV_Handler)
    [Anonymous Symbol]                       0x000014b0   Section        0  port.o(.text.SVC_Handler)
    pxCurrentTCBConst2                       0x000014d0   Number         0  port.o(.text.SVC_Handler)
    [Anonymous Symbol]                       0x000014d4   Section        0  port.o(.text.SysTick_Handler)
    [Anonymous Symbol]                       0x00001510   Section        0  system_tm4c123.o(.text.SystemInit)
    [Anonymous Symbol]                       0x0000161c   Section        0  app.o(.text.UltraTask)
    [Anonymous Symbol]                       0x00001640   Section        0  tasks.o(.text.eTaskConfirmSleepModeStatus)
    [Anonymous Symbol]                       0x000016c0   Section        0  app.o(.text.main)
    prvAddCurrentTaskToDelayedList           0x000017a9   Thumb Code   290  tasks.o(.text.prvAddCurrentTaskToDelayedList)
    [Anonymous Symbol]                       0x000017a8   Section        0  tasks.o(.text.prvAddCurrentTaskToDelayedList)
    prvAddNewTaskToReadyList                 0x000018cd   Thumb Code   340  tasks.o(.text.prvAddNewTaskToReadyList)
    [Anonymous Symbol]                       0x000018cc   Section        0  tasks.o(.text.prvAddNewTaskToReadyList)
    prvCheckForValidListAndQueue             0x00001a21   Thumb Code   106  timers.o(.text.prvCheckForValidListAndQueue)
    [Anonymous Symbol]                       0x00001a20   Section        0  timers.o(.text.prvCheckForValidListAndQueue)
    prvCheckTasksWaitingTermination          0x00001a8d   Thumb Code    90  tasks.o(.text.prvCheckTasksWaitingTermination)
    [Anonymous Symbol]                       0x00001a8c   Section        0  tasks.o(.text.prvCheckTasksWaitingTermination)
    prvCopyDataFromQueue                     0x00001ae9   Thumb Code    66  queue.o(.text.prvCopyDataFromQueue)
    [Anonymous Symbol]                       0x00001ae8   Section        0  queue.o(.text.prvCopyDataFromQueue)
    prvCopyDataToQueue                       0x00001b2d   Thumb Code   204  queue.o(.text.prvCopyDataToQueue)
    [Anonymous Symbol]                       0x00001b2c   Section        0  queue.o(.text.prvCopyDataToQueue)
    prvDeleteTCB                             0x00001bf9   Thumb Code    24  tasks.o(.text.prvDeleteTCB)
    [Anonymous Symbol]                       0x00001bf8   Section        0  tasks.o(.text.prvDeleteTCB)
    prvGetExpectedIdleTime                   0x00001c11   Thumb Code   124  tasks.o(.text.prvGetExpectedIdleTime)
    [Anonymous Symbol]                       0x00001c10   Section        0  tasks.o(.text.prvGetExpectedIdleTime)
    prvGetNextExpireTime                     0x00001c8d   Thumb Code    64  timers.o(.text.prvGetNextExpireTime)
    [Anonymous Symbol]                       0x00001c8c   Section        0  timers.o(.text.prvGetNextExpireTime)
    prvHeapInit                              0x00001ccd   Thumb Code   174  heap_4.o(.text.prvHeapInit)
    [Anonymous Symbol]                       0x00001ccc   Section        0  heap_4.o(.text.prvHeapInit)
    prvIdleTask                              0x00001d7d   Thumb Code   154  tasks.o(.text.prvIdleTask)
    [Anonymous Symbol]                       0x00001d7c   Section        0  tasks.o(.text.prvIdleTask)
    prvInitialiseNewQueue                    0x00001e19   Thumb Code    78  queue.o(.text.prvInitialiseNewQueue)
    [Anonymous Symbol]                       0x00001e18   Section        0  queue.o(.text.prvInitialiseNewQueue)
    prvInitialiseNewTask                     0x00001e69   Thumb Code   292  tasks.o(.text.prvInitialiseNewTask)
    [Anonymous Symbol]                       0x00001e68   Section        0  tasks.o(.text.prvInitialiseNewTask)
    prvInitialiseTaskLists                   0x00001f8d   Thumb Code   142  tasks.o(.text.prvInitialiseTaskLists)
    [Anonymous Symbol]                       0x00001f8c   Section        0  tasks.o(.text.prvInitialiseTaskLists)
    prvInsertBlockIntoFreeList               0x0000201d   Thumb Code   198  heap_4.o(.text.prvInsertBlockIntoFreeList)
    [Anonymous Symbol]                       0x0000201c   Section        0  heap_4.o(.text.prvInsertBlockIntoFreeList)
    prvInsertTimerInActiveList               0x000020e5   Thumb Code   134  timers.o(.text.prvInsertTimerInActiveList)
    [Anonymous Symbol]                       0x000020e4   Section        0  timers.o(.text.prvInsertTimerInActiveList)
    prvIsQueueEmpty                          0x0000216d   Thumb Code    40  queue.o(.text.prvIsQueueEmpty)
    [Anonymous Symbol]                       0x0000216c   Section        0  queue.o(.text.prvIsQueueEmpty)
    prvNotifyQueueSetContainer               0x00002195   Thumb Code   236  queue.o(.text.prvNotifyQueueSetContainer)
    [Anonymous Symbol]                       0x00002194   Section        0  queue.o(.text.prvNotifyQueueSetContainer)
    prvPortStartFirstTask                    0x00002281   Thumb Code    40  port.o(.text.prvPortStartFirstTask)
    [Anonymous Symbol]                       0x00002280   Section        0  port.o(.text.prvPortStartFirstTask)
    prvProcessExpiredTimer                   0x000022a9   Thumb Code    84  timers.o(.text.prvProcessExpiredTimer)
    [Anonymous Symbol]                       0x000022a8   Section        0  timers.o(.text.prvProcessExpiredTimer)
    prvProcessReceivedCommands               0x000022fd   Thumb Code   384  timers.o(.text.prvProcessReceivedCommands)
    [Anonymous Symbol]                       0x000022fc   Section        0  timers.o(.text.prvProcessReceivedCommands)
    prvProcessTimerOrBlockTask               0x0000247d   Thumb Code   154  timers.o(.text.prvProcessTimerOrBlockTask)
    [Anonymous Symbol]                       0x0000247c   Section        0  timers.o(.text.prvProcessTimerOrBlockTask)
    prvReloadTimer                           0x00002519   Thumb Code    52  timers.o(.text.prvReloadTimer)
    [Anonymous Symbol]                       0x00002518   Section        0  timers.o(.text.prvReloadTimer)
    prvResetNextTaskUnblockTime              0x0000254d   Thumb Code    60  tasks.o(.text.prvResetNextTaskUnblockTime)
    [Anonymous Symbol]                       0x0000254c   Section        0  tasks.o(.text.prvResetNextTaskUnblockTime)
    prvSampleTimeNow                         0x00002589   Thumb Code    68  timers.o(.text.prvSampleTimeNow)
    [Anonymous Symbol]                       0x00002588   Section        0  timers.o(.text.prvSampleTimeNow)
    prvSwitchTimerLists                      0x000025cd   Thumb Code    82  timers.o(.text.prvSwitchTimerLists)
    [Anonymous Symbol]                       0x000025cc   Section        0  timers.o(.text.prvSwitchTimerLists)
    prvTaskExitError                         0x00002621   Thumb Code    76  port.o(.text.prvTaskExitError)
    [Anonymous Symbol]                       0x00002620   Section        0  port.o(.text.prvTaskExitError)
    prvTimerTask                             0x0000266d   Thumb Code    30  timers.o(.text.prvTimerTask)
    [Anonymous Symbol]                       0x0000266c   Section        0  timers.o(.text.prvTimerTask)
    prvUnlockQueue                           0x0000268d   Thumb Code   204  queue.o(.text.prvUnlockQueue)
    [Anonymous Symbol]                       0x0000268c   Section        0  queue.o(.text.prvUnlockQueue)
    [Anonymous Symbol]                       0x00002758   Section        0  heap_4.o(.text.pvPortMalloc)
    [Anonymous Symbol]                       0x00002920   Section        0  port.o(.text.pxPortInitialiseStack)
    [Anonymous Symbol]                       0x00002980   Section        0  app.o(.text.sendTask)
    [Anonymous Symbol]                       0x000029a8   Section        0  list.o(.text.uxListRemove)
    [Anonymous Symbol]                       0x000029f0   Section        0  tasks.o(.text.uxTaskGetNumberOfTasks)
    [Anonymous Symbol]                       0x000029fc   Section        0  list.o(.text.vListInitialise)
    [Anonymous Symbol]                       0x00002a2c   Section        0  list.o(.text.vListInitialiseItem)
    [Anonymous Symbol]                       0x00002a3c   Section        0  list.o(.text.vListInsert)
    vPortEnableVFP                           0x00002aa9   Thumb Code    20  port.o(.text.vPortEnableVFP)
    [Anonymous Symbol]                       0x00002aa8   Section        0  port.o(.text.vPortEnableVFP)
    [Anonymous Symbol]                       0x00002abc   Section        0  port.o(.text.vPortEnterCritical)
    [Anonymous Symbol]                       0x00002b14   Section        0  port.o(.text.vPortExitCritical)
    [Anonymous Symbol]                       0x00002b60   Section        0  heap_4.o(.text.vPortFree)
    [Anonymous Symbol]                       0x00002c1c   Section        0  port.o(.text.vPortSetupTimerInterrupt)
    [Anonymous Symbol]                       0x00002c94   Section        0  port.o(.text.vPortSuppressTicksAndSleep)
    [Anonymous Symbol]                       0x00002eb4   Section        0  queue.o(.text.vQueueWaitForMessageRestricted)
    [Anonymous Symbol]                       0x00002f18   Section        0  tasks.o(.text.vTaskDelay)
    [Anonymous Symbol]                       0x00002f88   Section        0  tasks.o(.text.vTaskInternalSetTimeOutState)
    [Anonymous Symbol]                       0x00002fac   Section        0  tasks.o(.text.vTaskMissedYield)
    [Anonymous Symbol]                       0x00002fbc   Section        0  tasks.o(.text.vTaskPlaceOnEventList)
    [Anonymous Symbol]                       0x00003000   Section        0  tasks.o(.text.vTaskPlaceOnEventListRestricted)
    [Anonymous Symbol]                       0x0000307c   Section        0  tasks.o(.text.vTaskStartScheduler)
    [Anonymous Symbol]                       0x00003130   Section        0  tasks.o(.text.vTaskStepTick)
    [Anonymous Symbol]                       0x000031fc   Section        0  tasks.o(.text.vTaskSuspendAll)
    __tagsym$$used.0                         0x0000320c   Number         0  tasks.o(.text.vTaskSwitchContext)
    [Anonymous Symbol]                       0x0000320c   Section        0  tasks.o(.text.vTaskSwitchContext)
    [Anonymous Symbol]                       0x000032cc   Section        0  port.o(.text.xPortStartScheduler)
    [Anonymous Symbol]                       0x00003448   Section        0  queue.o(.text.xQueueGenericCreate)
    [Anonymous Symbol]                       0x000034e4   Section        0  queue.o(.text.xQueueGenericReset)
    [Anonymous Symbol]                       0x000035ec   Section        0  queue.o(.text.xQueueReceive)
    [Anonymous Symbol]                       0x000037c8   Section        0  tasks.o(.text.xTaskCheckForTimeOut)
    [Anonymous Symbol]                       0x000038c4   Section        0  tasks.o(.text.xTaskCreate)
    [Anonymous Symbol]                       0x00003964   Section        0  tasks.o(.text.xTaskGetSchedulerState)
    [Anonymous Symbol]                       0x0000399c   Section        0  tasks.o(.text.xTaskGetTickCount)
    [Anonymous Symbol]                       0x000039b0   Section        0  tasks.o(.text.xTaskIncrementTick)
    [Anonymous Symbol]                       0x00003c10   Section        0  tasks.o(.text.xTaskPriorityDisinherit)
    [Anonymous Symbol]                       0x00003d48   Section        0  tasks.o(.text.xTaskRemoveFromEventList)
    [Anonymous Symbol]                       0x00003edc   Section        0  tasks.o(.text.xTaskResumeAll)
    [Anonymous Symbol]                       0x00004100   Section        0  timers.o(.text.xTimerCreateTimerTask)
    i.GPIODirModeSet                         0x0000416c   Section        0  gpio.o(i.GPIODirModeSet)
    i.GPIOPadConfigSet                       0x00004194   Section        0  gpio.o(i.GPIOPadConfigSet)
    i.GPIOPinConfigure                       0x00004304   Section        0  gpio.o(i.GPIOPinConfigure)
    i.GPIOPinRead                            0x00004348   Section        0  gpio.o(i.GPIOPinRead)
    i.GPIOPinTypePWM                         0x0000434e   Section        0  gpio.o(i.GPIOPinTypePWM)
    i.GPIOPinTypeSSI                         0x0000436a   Section        0  gpio.o(i.GPIOPinTypeSSI)
    i.GPIOPinTypeTimer                       0x00004386   Section        0  gpio.o(i.GPIOPinTypeTimer)
    i.GPIOPinWrite                           0x000043a2   Section        0  gpio.o(i.GPIOPinWrite)
    i.GPIOUnlockPin                          0x000043a8   Section        0  gpio.o(i.GPIOUnlockPin)
    i.IntEnable                              0x000043c0   Section        0  interrupt.o(i.IntEnable)
    i.IntMasterDisable                       0x00004424   Section        0  interrupt.o(i.IntMasterDisable)
    i.IntMasterEnable                        0x00004432   Section        0  interrupt.o(i.IntMasterEnable)
    i.IntPrioritySet                         0x00004440   Section        0  interrupt.o(i.IntPrioritySet)
    i.PWMGenConfigure                        0x00004468   Section        0  pwm.o(i.PWMGenConfigure)
    i.PWMGenEnable                           0x0000448e   Section        0  pwm.o(i.PWMGenEnable)
    i.PWMGenPeriodSet                        0x00004498   Section        0  pwm.o(i.PWMGenPeriodSet)
    i.PWMOutputState                         0x000044aa   Section        0  pwm.o(i.PWMOutputState)
    i.PWMPulseWidthSet                       0x000044ba   Section        0  pwm.o(i.PWMPulseWidthSet)
    i.SSIConfigSetExpClk                     0x000044da   Section        0  ssi.o(i.SSIConfigSetExpClk)
    i.SSIDataGetNonBlocking                  0x00004514   Section        0  ssi.o(i.SSIDataGetNonBlocking)
    i.SSIDataPut                             0x00004528   Section        0  ssi.o(i.SSIDataPut)
    i.SSIEnable                              0x00004534   Section        0  ssi.o(i.SSIEnable)
    i.SysCtlClockGet                         0x00004540   Section        0  sysctl.o(i.SysCtlClockGet)
    i.SysCtlClockSet                         0x00004694   Section        0  sysctl.o(i.SysCtlClockSet)
    i.SysCtlPWMClockSet                      0x000047b4   Section        0  sysctl.o(i.SysCtlPWMClockSet)
    i.SysCtlPeripheralEnable                 0x000047c8   Section        0  sysctl.o(i.SysCtlPeripheralEnable)
    i.SysCtlPeripheralReady                  0x000047f0   Section        0  sysctl.o(i.SysCtlPeripheralReady)
    i.TimerClockSourceSet                    0x0000481c   Section        0  timer.o(i.TimerClockSourceSet)
    i.TimerConfigure                         0x00004824   Section        0  timer.o(i.TimerConfigure)
    i.TimerControlEvent                      0x00004884   Section        0  timer.o(i.TimerControlEvent)
    i.TimerDisable                           0x00004896   Section        0  timer.o(i.TimerDisable)
    i.TimerEnable                            0x000048a6   Section        0  timer.o(i.TimerEnable)
    i.TimerIntClear                          0x000048b4   Section        0  timer.o(i.TimerIntClear)
    i.TimerIntEnable                         0x000048b8   Section        0  timer.o(i.TimerIntEnable)
    i.TimerLoadSet                           0x000048c0   Section        0  timer.o(i.TimerLoadSet)
    i.TimerPrescaleSet                       0x000048d2   Section        0  timer.o(i.TimerPrescaleSet)
    i.TimerValueGet                          0x000048e4   Section        0  timer.o(i.TimerValueGet)
    i.__scatterload_copy                     0x000048ee   Section       14  handlers.o(i.__scatterload_copy)
    i.__scatterload_null                     0x000048fc   Section        2  handlers.o(i.__scatterload_null)
    i.__scatterload_zeroinit                 0x000048fe   Section       14  handlers.o(i.__scatterload_zeroinit)
    g_ppui32GPIOIntMapBlizzard               0x0000490c   Data         192  gpio.o(.constdata)
    .constdata                               0x0000490c   Section      552  gpio.o(.constdata)
    g_ppui32GPIOIntMapSnowflake              0x000049cc   Data         216  gpio.o(.constdata)
    g_pui32GPIOBaseAddrs                     0x00004aa4   Data         144  gpio.o(.constdata)
    g_pui32Priority                          0x00004b34   Data          32  interrupt.o(.constdata)
    .constdata                               0x00004b34   Section      268  interrupt.o(.constdata)
    g_pui32Regs                              0x00004b54   Data         156  interrupt.o(.constdata)
    g_pui32EnRegs                            0x00004bf0   Data          20  interrupt.o(.constdata)
    g_pui32Dii16Regs                         0x00004c04   Data          20  interrupt.o(.constdata)
    g_pui32PendRegs                          0x00004c18   Data          20  interrupt.o(.constdata)
    g_pui32UnpendRegs                        0x00004c2c   Data          20  interrupt.o(.constdata)
    g_pui32VCOFrequencies                    0x00004c40   Data           8  sysctl.o(.constdata)
    .constdata                               0x00004c40   Section      596  sysctl.o(.constdata)
    g_pui32Xtals                             0x00004c48   Data         108  sysctl.o(.constdata)
    g_pppui32XTALtoVCO                       0x00004cb4   Data         432  sysctl.o(.constdata)
    g_sXTALtoMEMTIM                          0x00004e64   Data          48  sysctl.o(.constdata)
    .L.str.2                                 0x00004f58   Data           7  app.o(.rodata.str1.1)
    [Anonymous Symbol]                       0x00004f58   Section        0  app.o(.rodata.str1.1)
    .L.str.1                                 0x00004f5f   Data          15  app.o(.rodata.str1.1)
    .L.str                                   0x00004f6e   Data           9  app.o(.rodata.str1.1)
    .L.str.3                                 0x00004f77   Data           9  app.o(.rodata.str1.1)
    .L.str                                   0x00004f80   Data           5  tasks.o(.rodata.str1.1)
    [Anonymous Symbol]                       0x00004f80   Section        0  tasks.o(.rodata.str1.1)
    .L.str                                   0x00004f85   Data           8  timers.o(.rodata.str1.1)
    [Anonymous Symbol]                       0x00004f85   Section        0  timers.o(.rodata.str1.1)
    uxCriticalNesting                        0x200000f0   Data           4  port.o(.data.uxCriticalNesting)
    [Anonymous Symbol]                       0x200000f0   Section        0  port.o(.data.uxCriticalNesting)
    prvSampleTimeNow.xLastTime               0x2000010c   Data           4  timers.o(.bss.prvSampleTimeNow.xLastTime)
    [Anonymous Symbol]                       0x2000010c   Section        0  timers.o(.bss.prvSampleTimeNow.xLastTime)
    __tagsym$$used.1                         0x20000110   Number         0  tasks.o(.bss.pxCurrentTCB)
    pxCurrentTimerList                       0x20000114   Data           4  timers.o(.bss.pxCurrentTimerList)
    [Anonymous Symbol]                       0x20000114   Section        0  timers.o(.bss.pxCurrentTimerList)
    pxDelayedTaskList                        0x20000118   Data           4  tasks.o(.bss.pxDelayedTaskList)
    [Anonymous Symbol]                       0x20000118   Section        0  tasks.o(.bss.pxDelayedTaskList)
    pxEnd                                    0x2000011c   Data           4  heap_4.o(.bss.pxEnd)
    [Anonymous Symbol]                       0x2000011c   Section        0  heap_4.o(.bss.pxEnd)
    pxOverflowDelayedTaskList                0x20000120   Data           4  tasks.o(.bss.pxOverflowDelayedTaskList)
    [Anonymous Symbol]                       0x20000120   Section        0  tasks.o(.bss.pxOverflowDelayedTaskList)
    pxOverflowTimerList                      0x20000124   Data           4  timers.o(.bss.pxOverflowTimerList)
    [Anonymous Symbol]                       0x20000124   Section        0  timers.o(.bss.pxOverflowTimerList)
    pxReadyTasksLists                        0x20000128   Data         100  tasks.o(.bss.pxReadyTasksLists)
    [Anonymous Symbol]                       0x20000128   Section        0  tasks.o(.bss.pxReadyTasksLists)
    ucHeap                                   0x20000198   Data       15360  heap_4.o(.bss.ucHeap)
    [Anonymous Symbol]                       0x20000198   Section        0  heap_4.o(.bss.ucHeap)
    ucMaxSysCallPriority                     0x20003d98   Data           1  port.o(.bss.ucMaxSysCallPriority)
    [Anonymous Symbol]                       0x20003d98   Section        0  port.o(.bss.ucMaxSysCallPriority)
    ulMaxPRIGROUPValue                       0x20003d9c   Data           4  port.o(.bss.ulMaxPRIGROUPValue)
    [Anonymous Symbol]                       0x20003d9c   Section        0  port.o(.bss.ulMaxPRIGROUPValue)
    ulStoppedTimerCompensation               0x20003da0   Data           4  port.o(.bss.ulStoppedTimerCompensation)
    [Anonymous Symbol]                       0x20003da0   Section        0  port.o(.bss.ulStoppedTimerCompensation)
    ulTimerCountsForOneTick                  0x20003da4   Data           4  port.o(.bss.ulTimerCountsForOneTick)
    [Anonymous Symbol]                       0x20003da4   Section        0  port.o(.bss.ulTimerCountsForOneTick)
    uxCurrentNumberOfTasks                   0x20003da8   Data           4  tasks.o(.bss.uxCurrentNumberOfTasks)
    [Anonymous Symbol]                       0x20003da8   Section        0  tasks.o(.bss.uxCurrentNumberOfTasks)
    uxDeletedTasksWaitingCleanUp             0x20003dac   Data           4  tasks.o(.bss.uxDeletedTasksWaitingCleanUp)
    [Anonymous Symbol]                       0x20003dac   Section        0  tasks.o(.bss.uxDeletedTasksWaitingCleanUp)
    uxSchedulerSuspended                     0x20003db0   Data           4  tasks.o(.bss.uxSchedulerSuspended)
    [Anonymous Symbol]                       0x20003db0   Section        0  tasks.o(.bss.uxSchedulerSuspended)
    uxTaskNumber                             0x20003db4   Data           4  tasks.o(.bss.uxTaskNumber)
    [Anonymous Symbol]                       0x20003db4   Section        0  tasks.o(.bss.uxTaskNumber)
    uxTopReadyPriority                       0x20003db8   Data           4  tasks.o(.bss.uxTopReadyPriority)
    [Anonymous Symbol]                       0x20003db8   Section        0  tasks.o(.bss.uxTopReadyPriority)
    xActiveTimerList1                        0x20003dbc   Data          20  timers.o(.bss.xActiveTimerList1)
    [Anonymous Symbol]                       0x20003dbc   Section        0  timers.o(.bss.xActiveTimerList1)
    xActiveTimerList2                        0x20003dd0   Data          20  timers.o(.bss.xActiveTimerList2)
    [Anonymous Symbol]                       0x20003dd0   Section        0  timers.o(.bss.xActiveTimerList2)
    xDelayedTaskList1                        0x20003de4   Data          20  tasks.o(.bss.xDelayedTaskList1)
    [Anonymous Symbol]                       0x20003de4   Section        0  tasks.o(.bss.xDelayedTaskList1)
    xDelayedTaskList2                        0x20003df8   Data          20  tasks.o(.bss.xDelayedTaskList2)
    [Anonymous Symbol]                       0x20003df8   Section        0  tasks.o(.bss.xDelayedTaskList2)
    xFreeBytesRemaining                      0x20003e0c   Data           4  heap_4.o(.bss.xFreeBytesRemaining)
    [Anonymous Symbol]                       0x20003e0c   Section        0  heap_4.o(.bss.xFreeBytesRemaining)
    xIdleTaskHandle                          0x20003e10   Data           4  tasks.o(.bss.xIdleTaskHandle)
    [Anonymous Symbol]                       0x20003e10   Section        0  tasks.o(.bss.xIdleTaskHandle)
    xMaximumPossibleSuppressedTicks          0x20003e14   Data           4  port.o(.bss.xMaximumPossibleSuppressedTicks)
    [Anonymous Symbol]                       0x20003e14   Section        0  port.o(.bss.xMaximumPossibleSuppressedTicks)
    xMinimumEverFreeBytesRemaining           0x20003e18   Data           4  heap_4.o(.bss.xMinimumEverFreeBytesRemaining)
    [Anonymous Symbol]                       0x20003e18   Section        0  heap_4.o(.bss.xMinimumEverFreeBytesRemaining)
    xNextTaskUnblockTime                     0x20003e1c   Data           4  tasks.o(.bss.xNextTaskUnblockTime)
    [Anonymous Symbol]                       0x20003e1c   Section        0  tasks.o(.bss.xNextTaskUnblockTime)
    xNumOfOverflows                          0x20003e20   Data           4  tasks.o(.bss.xNumOfOverflows)
    [Anonymous Symbol]                       0x20003e20   Section        0  tasks.o(.bss.xNumOfOverflows)
    xNumberOfSuccessfulAllocations           0x20003e24   Data           4  heap_4.o(.bss.xNumberOfSuccessfulAllocations)
    [Anonymous Symbol]                       0x20003e24   Section        0  heap_4.o(.bss.xNumberOfSuccessfulAllocations)
    xNumberOfSuccessfulFrees                 0x20003e28   Data           4  heap_4.o(.bss.xNumberOfSuccessfulFrees)
    [Anonymous Symbol]                       0x20003e28   Section        0  heap_4.o(.bss.xNumberOfSuccessfulFrees)
    xPendedTicks                             0x20003e2c   Data           4  tasks.o(.bss.xPendedTicks)
    [Anonymous Symbol]                       0x20003e2c   Section        0  tasks.o(.bss.xPendedTicks)
    xPendingReadyList                        0x20003e30   Data          20  tasks.o(.bss.xPendingReadyList)
    [Anonymous Symbol]                       0x20003e30   Section        0  tasks.o(.bss.xPendingReadyList)
    xSchedulerRunning                        0x20003e44   Data           4  tasks.o(.bss.xSchedulerRunning)
    [Anonymous Symbol]                       0x20003e44   Section        0  tasks.o(.bss.xSchedulerRunning)
    xStart                                   0x20003e48   Data           8  heap_4.o(.bss.xStart)
    [Anonymous Symbol]                       0x20003e48   Section        0  heap_4.o(.bss.xStart)
    xSuspendedTaskList                       0x20003e50   Data          20  tasks.o(.bss.xSuspendedTaskList)
    [Anonymous Symbol]                       0x20003e50   Section        0  tasks.o(.bss.xSuspendedTaskList)
    xTasksWaitingTermination                 0x20003e64   Data          20  tasks.o(.bss.xTasksWaitingTermination)
    [Anonymous Symbol]                       0x20003e64   Section        0  tasks.o(.bss.xTasksWaitingTermination)
    xTickCount                               0x20003e78   Data           4  tasks.o(.bss.xTickCount)
    [Anonymous Symbol]                       0x20003e78   Section        0  tasks.o(.bss.xTickCount)
    xTimerQueue                              0x20003e7c   Data           4  timers.o(.bss.xTimerQueue)
    [Anonymous Symbol]                       0x20003e7c   Section        0  timers.o(.bss.xTimerQueue)
    xTimerTaskHandle                         0x20003e80   Data           4  timers.o(.bss.xTimerTaskHandle)
    [Anonymous Symbol]                       0x20003e80   Section        0  timers.o(.bss.xTimerTaskHandle)
    xYieldPending                            0x20003e84   Data           4  tasks.o(.bss.xYieldPending)
    [Anonymous Symbol]                       0x20003e84   Section        0  tasks.o(.bss.xYieldPending)
    STACK                                    0x20003e88   Section      512  startup_tm4c123.o(STACK)

    Global Symbols

    Symbol Name                              Value     Ov Type        Size  Object(Section)

    BuildAttributes$$THM_ISAv4$E$P$D$K$B$S$7EM$VFPi3$EXTD16$VFPS$VFMA$PE$A:L22UL41UL21$X:L11$S22US41US21$IEEE1$IW$~IW$USESV6$~STKCKD$USESV7$~SHL$OTIME$EBA8$MICROLIB$REQ8$PRES8$EABIv2 0x00000000   Number         0  anon$$obj.o ABSOLUTE
    __Vectors                                0x00000000   Data           4  startup_tm4c123.o(RESET)
    __cpp_initialize__aeabi_                  - Undefined Weak Reference
    __cxa_finalize                            - Undefined Weak Reference
    __decompress                              - Undefined Weak Reference
    _clock_init                               - Undefined Weak Reference
    _microlib_exit                            - Undefined Weak Reference
    __Vectors_End                            0x0000026c   Data           0  startup_tm4c123.o(RESET)
    __Vectors_Size                           0x0000026c   Number         0  startup_tm4c123.o ABSOLUTE
    __main                                   0x0000026d   Thumb Code     0  entry.o(.ARM.Collect$$$$00000000)
    _main_stk                                0x0000026d   Thumb Code     0  entry2.o(.ARM.Collect$$$$00000001)
    _main_scatterload                        0x00000271   Thumb Code     0  entry5.o(.ARM.Collect$$$$00000004)
    __main_after_scatterload                 0x00000275   Thumb Code     0  entry5.o(.ARM.Collect$$$$00000004)
    _main_clock                              0x00000275   Thumb Code     0  entry7b.o(.ARM.Collect$$$$00000008)
    _main_cpp_init                           0x00000275   Thumb Code     0  entry8b.o(.ARM.Collect$$$$0000000A)
    _main_init                               0x00000275   Thumb Code     0  entry9a.o(.ARM.Collect$$$$0000000B)
    __rt_final_cpp                           0x0000027d   Thumb Code     0  entry10a.o(.ARM.Collect$$$$0000000D)
    __rt_final_exit                          0x0000027d   Thumb Code     0  entry11a.o(.ARM.Collect$$$$0000000F)
    SysCtlDelay                              0x00000281   Thumb Code     6  sysctl.o(.emb_text)
    CPUcpsid                                 0x00000289   Thumb Code     8  cpu.o(.emb_text)
    CPUprimask                               0x00000291   Thumb Code     6  cpu.o(.emb_text)
    CPUcpsie                                 0x00000297   Thumb Code     8  cpu.o(.emb_text)
    CPUwfi                                   0x0000029f   Thumb Code     4  cpu.o(.emb_text)
    CPUbasepriSet                            0x000002a3   Thumb Code     6  cpu.o(.emb_text)
    CPUbasepriGet                            0x000002a9   Thumb Code     6  cpu.o(.emb_text)
    Reset_Handler                            0x000002b1   Thumb Code     8  startup_tm4c123.o(.text)
    NMI_Handler                              0x000002b9   Thumb Code     2  startup_tm4c123.o(.text)
    HardFault_Handler                        0x000002bb   Thumb Code     2  startup_tm4c123.o(.text)
    MemManage_Handler                        0x000002bd   Thumb Code     2  startup_tm4c123.o(.text)
    BusFault_Handler                         0x000002bf   Thumb Code     2  startup_tm4c123.o(.text)
    UsageFault_Handler                       0x000002c1   Thumb Code     2  startup_tm4c123.o(.text)
    DebugMon_Handler                         0x000002c5   Thumb Code     2  startup_tm4c123.o(.text)
    GPIOA_Handler                            0x000002cb   Thumb Code     2  startup_tm4c123.o(.text)
    GPIOB_Handler                            0x000002cd   Thumb Code     2  startup_tm4c123.o(.text)
    GPIOC_Handler                            0x000002cf   Thumb Code     2  startup_tm4c123.o(.text)
    GPIOD_Handler                            0x000002d1   Thumb Code     2  startup_tm4c123.o(.text)
    GPIOE_Handler                            0x000002d3   Thumb Code     2  startup_tm4c123.o(.text)
    UART0_Handler                            0x000002d5   Thumb Code     2  startup_tm4c123.o(.text)
    UART1_Handler                            0x000002d7   Thumb Code     2  startup_tm4c123.o(.text)
    SSI0_Handler                             0x000002d9   Thumb Code     2  startup_tm4c123.o(.text)
    I2C0_Handler                             0x000002db   Thumb Code     2  startup_tm4c123.o(.text)
    PMW0_FAULT_Handler                       0x000002dd   Thumb Code     2  startup_tm4c123.o(.text)
    PWM0_0_Handler                           0x000002df   Thumb Code     2  startup_tm4c123.o(.text)
    PWM0_1_Handler                           0x000002e1   Thumb Code     2  startup_tm4c123.o(.text)
    PWM0_2_Handler                           0x000002e3   Thumb Code     2  startup_tm4c123.o(.text)
    QEI0_Handler                             0x000002e5   Thumb Code     2  startup_tm4c123.o(.text)
    ADC0SS0_Handler                          0x000002e7   Thumb Code     2  startup_tm4c123.o(.text)
    ADC0SS1_Handler                          0x000002e9   Thumb Code     2  startup_tm4c123.o(.text)
    ADC0SS2_Handler                          0x000002eb   Thumb Code     2  startup_tm4c123.o(.text)
    ADC0SS3_Handler                          0x000002ed   Thumb Code     2  startup_tm4c123.o(.text)
    WDT0_Handler                             0x000002ef   Thumb Code     2  startup_tm4c123.o(.text)
    TIMER0A_Handler                          0x000002f1   Thumb Code     2  startup_tm4c123.o(.text)
    TIMER0B_Handler                          0x000002f3   Thumb Code     2  startup_tm4c123.o(.text)
    TIMER1A_Handler                          0x000002f5   Thumb Code     2  startup_tm4c123.o(.text)
    TIMER1B_Handler                          0x000002f7   Thumb Code     2  startup_tm4c123.o(.text)
    TIMER2A_Handler                          0x000002f9   Thumb Code     2  startup_tm4c123.o(.text)
    TIMER2B_Handler                          0x000002fb   Thumb Code     2  startup_tm4c123.o(.text)
    COMP0_Handler                            0x000002fd   Thumb Code     2  startup_tm4c123.o(.text)
    COMP1_Handler                            0x000002ff   Thumb Code     2  startup_tm4c123.o(.text)
    COMP2_Handler                            0x00000301   Thumb Code     2  startup_tm4c123.o(.text)
    SYSCTL_Handler                           0x00000303   Thumb Code     2  startup_tm4c123.o(.text)
    FLASH_Handler                            0x00000305   Thumb Code     2  startup_tm4c123.o(.text)
    GPIOF_Handler                            0x00000307   Thumb Code     2  startup_tm4c123.o(.text)
    GPIOG_Handler                            0x00000309   Thumb Code     2  startup_tm4c123.o(.text)
    GPIOH_Handler                            0x0000030b   Thumb Code     2  startup_tm4c123.o(.text)
    UART2_Handler                            0x0000030d   Thumb Code     2  startup_tm4c123.o(.text)
    SSI1_Handler                             0x0000030f   Thumb Code     2  startup_tm4c123.o(.text)
    TIMER3A_Handler                          0x00000311   Thumb Code     2  startup_tm4c123.o(.text)
    TIMER3B_Handler                          0x00000313   Thumb Code     2  startup_tm4c123.o(.text)
    I2C1_Handler                             0x00000315   Thumb Code     2  startup_tm4c123.o(.text)
    QEI1_Handler                             0x00000317   Thumb Code     2  startup_tm4c123.o(.text)
    CAN0_Handler                             0x00000319   Thumb Code     2  startup_tm4c123.o(.text)
    CAN1_Handler                             0x0000031b   Thumb Code     2  startup_tm4c123.o(.text)
    CAN2_Handler                             0x0000031d   Thumb Code     2  startup_tm4c123.o(.text)
    HIB_Handler                              0x0000031f   Thumb Code     2  startup_tm4c123.o(.text)
    USB0_Handler                             0x00000321   Thumb Code     2  startup_tm4c123.o(.text)
    PWM0_3_Handler                           0x00000323   Thumb Code     2  startup_tm4c123.o(.text)
    UDMA_Handler                             0x00000325   Thumb Code     2  startup_tm4c123.o(.text)
    UDMAERR_Handler                          0x00000327   Thumb Code     2  startup_tm4c123.o(.text)
    ADC1SS0_Handler                          0x00000329   Thumb Code     2  startup_tm4c123.o(.text)
    ADC1SS1_Handler                          0x0000032b   Thumb Code     2  startup_tm4c123.o(.text)
    ADC1SS2_Handler                          0x0000032d   Thumb Code     2  startup_tm4c123.o(.text)
    ADC1SS3_Handler                          0x0000032f   Thumb Code     2  startup_tm4c123.o(.text)
    GPIOJ_Handler                            0x00000331   Thumb Code     2  startup_tm4c123.o(.text)
    GPIOK_Handler                            0x00000333   Thumb Code     2  startup_tm4c123.o(.text)
    GPIOL_Handler                            0x00000335   Thumb Code     2  startup_tm4c123.o(.text)
    SSI2_Handler                             0x00000337   Thumb Code     2  startup_tm4c123.o(.text)
    SSI3_Handler                             0x00000339   Thumb Code     2  startup_tm4c123.o(.text)
    UART3_Handler                            0x0000033b   Thumb Code     2  startup_tm4c123.o(.text)
    UART4_Handler                            0x0000033d   Thumb Code     2  startup_tm4c123.o(.text)
    UART5_Handler                            0x0000033f   Thumb Code     2  startup_tm4c123.o(.text)
    UART6_Handler                            0x00000341   Thumb Code     2  startup_tm4c123.o(.text)
    UART7_Handler                            0x00000343   Thumb Code     2  startup_tm4c123.o(.text)
    I2C2_Handler                             0x00000345   Thumb Code     2  startup_tm4c123.o(.text)
    I2C3_Handler                             0x00000347   Thumb Code     2  startup_tm4c123.o(.text)
    TIMER4A_Handler                          0x00000349   Thumb Code     2  startup_tm4c123.o(.text)
    TIMER4B_Handler                          0x0000034b   Thumb Code     2  startup_tm4c123.o(.text)
    TIMER5A_Handler                          0x0000034d   Thumb Code     2  startup_tm4c123.o(.text)
    TIMER5B_Handler                          0x0000034f   Thumb Code     2  startup_tm4c123.o(.text)
    WTIMER0A_Handler                         0x00000351   Thumb Code     2  startup_tm4c123.o(.text)
    WTIMER0B_Handler                         0x00000353   Thumb Code     2  startup_tm4c123.o(.text)
    WTIMER1A_Handler                         0x00000355   Thumb Code     2  startup_tm4c123.o(.text)
    WTIMER1B_Handler                         0x00000357   Thumb Code     2  startup_tm4c123.o(.text)
    WTIMER2A_Handler                         0x00000359   Thumb Code     2  startup_tm4c123.o(.text)
    WTIMER2B_Handler                         0x0000035b   Thumb Code     2  startup_tm4c123.o(.text)
    WTIMER3A_Handler                         0x0000035d   Thumb Code     2  startup_tm4c123.o(.text)
    WTIMER3B_Handler                         0x0000035f   Thumb Code     2  startup_tm4c123.o(.text)
    WTIMER4A_Handler                         0x00000361   Thumb Code     2  startup_tm4c123.o(.text)
    WTIMER4B_Handler                         0x00000363   Thumb Code     2  startup_tm4c123.o(.text)
    WTIMER5A_Handler                         0x00000365   Thumb Code     2  startup_tm4c123.o(.text)
    WTIMER5B_Handler                         0x00000367   Thumb Code     2  startup_tm4c123.o(.text)
    FPU_Handler                              0x00000369   Thumb Code     2  startup_tm4c123.o(.text)
    I2C4_Handler                             0x0000036b   Thumb Code     2  startup_tm4c123.o(.text)
    I2C5_Handler                             0x0000036d   Thumb Code     2  startup_tm4c123.o(.text)
    GPIOM_Handler                            0x0000036f   Thumb Code     2  startup_tm4c123.o(.text)
    GPION_Handler                            0x00000371   Thumb Code     2  startup_tm4c123.o(.text)
    QEI2_Handler                             0x00000373   Thumb Code     2  startup_tm4c123.o(.text)
    GPIOP0_Handler                           0x00000375   Thumb Code     2  startup_tm4c123.o(.text)
    GPIOP1_Handler                           0x00000377   Thumb Code     2  startup_tm4c123.o(.text)
    GPIOP2_Handler                           0x00000379   Thumb Code     2  startup_tm4c123.o(.text)
    GPIOP3_Handler                           0x0000037b   Thumb Code     2  startup_tm4c123.o(.text)
    GPIOP4_Handler                           0x0000037d   Thumb Code     2  startup_tm4c123.o(.text)
    GPIOP5_Handler                           0x0000037f   Thumb Code     2  startup_tm4c123.o(.text)
    GPIOP6_Handler                           0x00000381   Thumb Code     2  startup_tm4c123.o(.text)
    GPIOP7_Handler                           0x00000383   Thumb Code     2  startup_tm4c123.o(.text)
    GPIOQ0_Handler                           0x00000385   Thumb Code     2  startup_tm4c123.o(.text)
    GPIOQ1_Handler                           0x00000387   Thumb Code     2  startup_tm4c123.o(.text)
    GPIOQ2_Handler                           0x00000389   Thumb Code     2  startup_tm4c123.o(.text)
    GPIOQ3_Handler                           0x0000038b   Thumb Code     2  startup_tm4c123.o(.text)
    GPIOQ4_Handler                           0x0000038d   Thumb Code     2  startup_tm4c123.o(.text)
    GPIOQ5_Handler                           0x0000038f   Thumb Code     2  startup_tm4c123.o(.text)
    GPIOQ6_Handler                           0x00000391   Thumb Code     2  startup_tm4c123.o(.text)
    GPIOQ7_Handler                           0x00000393   Thumb Code     2  startup_tm4c123.o(.text)
    GPIOR_Handler                            0x00000395   Thumb Code     2  startup_tm4c123.o(.text)
    GPIOS_Handler                            0x00000397   Thumb Code     2  startup_tm4c123.o(.text)
    PMW1_0_Handler                           0x00000399   Thumb Code     2  startup_tm4c123.o(.text)
    PWM1_1_Handler                           0x0000039b   Thumb Code     2  startup_tm4c123.o(.text)
    PWM1_2_Handler                           0x0000039d   Thumb Code     2  startup_tm4c123.o(.text)
    PWM1_3_Handler                           0x0000039f   Thumb Code     2  startup_tm4c123.o(.text)
    PWM1_FAULT_Handler                       0x000003a1   Thumb Code     2  startup_tm4c123.o(.text)
    __aeabi_memcpy                           0x000003ad   Thumb Code    36  memcpya.o(.text)
    __aeabi_memcpy4                          0x000003ad   Thumb Code     0  memcpya.o(.text)
    __aeabi_memcpy8                          0x000003ad   Thumb Code     0  memcpya.o(.text)
    __aeabi_memset                           0x000003d1   Thumb Code    14  memseta.o(.text)
    __aeabi_memset4                          0x000003d1   Thumb Code     0  memseta.o(.text)
    __aeabi_memset8                          0x000003d1   Thumb Code     0  memseta.o(.text)
    __aeabi_memclr                           0x000003df   Thumb Code     4  memseta.o(.text)
    __aeabi_memclr4                          0x000003df   Thumb Code     0  memseta.o(.text)
    __aeabi_memclr8                          0x000003df   Thumb Code     0  memseta.o(.text)
    _memset$wrapper                          0x000003e3   Thumb Code    18  memseta.o(.text)
    __scatterload                            0x000003f5   Thumb Code    38  init.o(.text)
    __scatterload_rt2                        0x000003f5   Thumb Code     0  init.o(.text)
    HAL_Comm_CheckSum_Generator              0x00000425   Thumb Code    18  communication.o(.text.HAL_Comm_CheckSum_Generator)
    HAL_Comm_Inti                            0x00000439   Thumb Code    30  communication.o(.text.HAL_Comm_Inti)
    HAL_Comm_ReceiveFrame                    0x00000459   Thumb Code    78  communication.o(.text.HAL_Comm_ReceiveFrame)
    HAL_Comm_SendFrame                       0x000004a9   Thumb Code    90  communication.o(.text.HAL_Comm_SendFrame)
    HAL_DC_MOTORS_OFF                        0x00000505   Thumb Code    88  motor.o(.text.HAL_DC_MOTORS_OFF)
    HAL_DC_MOTOR_ControlSpeed                0x0000055d   Thumb Code    58  motor.o(.text.HAL_DC_MOTOR_ControlSpeed)
    HAL_DC_MOTOR_INIT                        0x00000599   Thumb Code   100  motor.o(.text.HAL_DC_MOTOR_INIT)
    HAL_DC_MOTOR_MOVE_FORWARD                0x000005fd   Thumb Code    80  motor.o(.text.HAL_DC_MOTOR_MOVE_FORWARD)
    HAL_DC_MOTOR_MOVE_FORWARD_LEFT           0x0000064d   Thumb Code    80  motor.o(.text.HAL_DC_MOTOR_MOVE_FORWARD_LEFT)
    HAL_DC_MOTOR_MOVE_FORWARD_RIGHT          0x0000069d   Thumb Code    80  motor.o(.text.HAL_DC_MOTOR_MOVE_FORWARD_RIGHT)
    HAL_IR_Inti                              0x000006ed   Thumb Code    52  ir.o(.text.HAL_IR_Inti)
    HAL_IR_Read_LeftIR                       0x00000721   Thumb Code    50  ir.o(.text.HAL_IR_Read_LeftIR)
    HAL_IR_Read_RightIR                      0x00000755   Thumb Code    50  ir.o(.text.HAL_IR_Read_RightIR)
    HAL_Ultra_Dist                           0x00000789   Thumb Code   206  ultrasonic.o(.text.HAL_Ultra_Dist)
    HAL_Ultra_Inti                           0x00000859   Thumb Code    72  ultrasonic.o(.text.HAL_Ultra_Inti)
    IRTask                                   0x000008a1   Thumb Code    52  app.o(.text.IRTask)
    MCAL_DelayMs                             0x000008d5   Thumb Code    68  delay.o(.text.MCAL_DelayMs)
    MCAL_DelayUs                             0x00000919   Thumb Code    68  delay.o(.text.MCAL_DelayUs)
    MCAL_GPIO_Pin_Init                       0x0000095d   Thumb Code   422  gpio.o(.text.MCAL_GPIO_Pin_Init)
    MCAL_GPIO_Pin_Read                       0x00000b05   Thumb Code    84  gpio.o(.text.MCAL_GPIO_Pin_Read)
    MCAL_GPIO_Pin_Write                      0x00000b59   Thumb Code   162  gpio.o(.text.MCAL_GPIO_Pin_Write)
    MCAL_PWM_Inti                            0x00000bfd   Thumb Code   380  pwm.o(.text.MCAL_PWM_Inti)
    MCAL_PWM_PulseWidthSet                   0x00000d79   Thumb Code    50  pwm.o(.text.MCAL_PWM_PulseWidthSet)
    MCAL_PWM_Start                           0x00000dad   Thumb Code    48  pwm.o(.text.MCAL_PWM_Start)
    MCAL_RCC_SysCtlClockExternal             0x00000ddd   Thumb Code    56  rcc.o(.text.MCAL_RCC_SysCtlClockExternal)
    MCAL_SSI_Inti                            0x00000e15   Thumb Code   350  spi.o(.text.MCAL_SSI_Inti)
    MCAL_SSI_ReceiveData                     0x00000f75   Thumb Code    56  spi.o(.text.MCAL_SSI_ReceiveData)
    MCAL_SSI_SendData                        0x00000fad   Thumb Code    52  spi.o(.text.MCAL_SSI_SendData)
    MCAL_Timer_GET_VALUE                     0x00000fe1   Thumb Code    54  timer.o(.text.MCAL_Timer_GET_VALUE)
    MCAL_Timer_IntClear                      0x00001019   Thumb Code    46  timer.o(.text.MCAL_Timer_IntClear)
    MCAL_Timer_Inti_CAP                      0x00001049   Thumb Code   348  timer.o(.text.MCAL_Timer_Inti_CAP)
    MCAL_Timer_SET_EVENT                     0x000011a5   Thumb Code    50  timer.o(.text.MCAL_Timer_SET_EVENT)
    MCAL_Timer_SET_LOAD                      0x000011d9   Thumb Code    48  timer.o(.text.MCAL_Timer_SET_LOAD)
    MCAL_Timer_SET_PRESCALLER                0x00001209   Thumb Code    48  timer.o(.text.MCAL_Timer_SET_PRESCALLER)
    MCAL_Timer_Start                         0x00001239   Thumb Code    46  timer.o(.text.MCAL_Timer_Start)
    MCAL_Timer_Stop                          0x00001269   Thumb Code    46  timer.o(.text.MCAL_Timer_Stop)
    MainTask                                 0x00001299   Thumb Code   412  app.o(.text.MainTask)
    PendSV_Handler                           0x00001441   Thumb Code   100  port.o(.text.PendSV_Handler)
    SVC_Handler                              0x000014b1   Thumb Code    36  port.o(.text.SVC_Handler)
    SysTick_Handler                          0x000014d5   Thumb Code    60  port.o(.text.SysTick_Handler)
    SystemInit                               0x00001511   Thumb Code   268  system_tm4c123.o(.text.SystemInit)
    UltraTask                                0x0000161d   Thumb Code    36  app.o(.text.UltraTask)
    eTaskConfirmSleepModeStatus              0x00001641   Thumb Code   128  tasks.o(.text.eTaskConfirmSleepModeStatus)
    main                                     0x000016c1   Thumb Code   232  app.o(.text.main)
    pvPortMalloc                             0x00002759   Thumb Code   456  heap_4.o(.text.pvPortMalloc)
    pxPortInitialiseStack                    0x00002921   Thumb Code    94  port.o(.text.pxPortInitialiseStack)
    sendTask                                 0x00002981   Thumb Code    40  app.o(.text.sendTask)
    uxListRemove                             0x000029a9   Thumb Code    72  list.o(.text.uxListRemove)
    uxTaskGetNumberOfTasks                   0x000029f1   Thumb Code    12  tasks.o(.text.uxTaskGetNumberOfTasks)
    vListInitialise                          0x000029fd   Thumb Code    46  list.o(.text.vListInitialise)
    vListInitialiseItem                      0x00002a2d   Thumb Code    14  list.o(.text.vListInitialiseItem)
    vListInsert                              0x00002a3d   Thumb Code   106  list.o(.text.vListInsert)
    vPortEnterCritical                       0x00002abd   Thumb Code    86  port.o(.text.vPortEnterCritical)
    vPortExitCritical                        0x00002b15   Thumb Code    74  port.o(.text.vPortExitCritical)
    vPortFree                                0x00002b61   Thumb Code   186  heap_4.o(.text.vPortFree)
    vPortSetupTimerInterrupt                 0x00002c1d   Thumb Code   120  port.o(.text.vPortSetupTimerInterrupt)
    vPortSuppressTicksAndSleep               0x00002c95   Thumb Code   544  port.o(.text.vPortSuppressTicksAndSleep)
    vQueueWaitForMessageRestricted           0x00002eb5   Thumb Code   100  queue.o(.text.vQueueWaitForMessageRestricted)
    vTaskDelay                               0x00002f19   Thumb Code   110  tasks.o(.text.vTaskDelay)
    vTaskInternalSetTimeOutState             0x00002f89   Thumb Code    36  tasks.o(.text.vTaskInternalSetTimeOutState)
    vTaskMissedYield                         0x00002fad   Thumb Code    14  tasks.o(.text.vTaskMissedYield)
    vTaskPlaceOnEventList                    0x00002fbd   Thumb Code    66  tasks.o(.text.vTaskPlaceOnEventList)
    vTaskPlaceOnEventListRestricted          0x00003001   Thumb Code   124  tasks.o(.text.vTaskPlaceOnEventListRestricted)
    vTaskStartScheduler                      0x0000307d   Thumb Code   180  tasks.o(.text.vTaskStartScheduler)
    vTaskStepTick                            0x00003131   Thumb Code   204  tasks.o(.text.vTaskStepTick)
    vTaskSuspendAll                          0x000031fd   Thumb Code    16  tasks.o(.text.vTaskSuspendAll)
    vTaskSwitchContext                       0x0000320d   Thumb Code   190  tasks.o(.text.vTaskSwitchContext)
    xPortStartScheduler                      0x000032cd   Thumb Code   380  port.o(.text.xPortStartScheduler)
    xQueueGenericCreate                      0x00003449   Thumb Code   154  queue.o(.text.xQueueGenericCreate)
    xQueueGenericReset                       0x000034e5   Thumb Code   264  queue.o(.text.xQueueGenericReset)
    xQueueReceive                            0x000035ed   Thumb Code   476  queue.o(.text.xQueueReceive)
    xTaskCheckForTimeOut                     0x000037c9   Thumb Code   252  tasks.o(.text.xTaskCheckForTimeOut)
    xTaskCreate                              0x000038c5   Thumb Code   160  tasks.o(.text.xTaskCreate)
    xTaskGetSchedulerState                   0x00003965   Thumb Code    56  tasks.o(.text.xTaskGetSchedulerState)
    xTaskGetTickCount                        0x0000399d   Thumb Code    20  tasks.o(.text.xTaskGetTickCount)
    xTaskIncrementTick                       0x000039b1   Thumb Code   608  tasks.o(.text.xTaskIncrementTick)
    xTaskPriorityDisinherit                  0x00003c11   Thumb Code   312  tasks.o(.text.xTaskPriorityDisinherit)
    xTaskRemoveFromEventList                 0x00003d49   Thumb Code   402  tasks.o(.text.xTaskRemoveFromEventList)
    xTaskResumeAll                           0x00003edd   Thumb Code   546  tasks.o(.text.xTaskResumeAll)
    xTimerCreateTimerTask                    0x00004101   Thumb Code   108  timers.o(.text.xTimerCreateTimerTask)
    GPIODirModeSet                           0x0000416d   Thumb Code    40  gpio.o(i.GPIODirModeSet)
    GPIOPadConfigSet                         0x00004195   Thumb Code   354  gpio.o(i.GPIOPadConfigSet)
    GPIOPinConfigure                         0x00004305   Thumb Code    60  gpio.o(i.GPIOPinConfigure)
    GPIOPinRead                              0x00004349   Thumb Code     6  gpio.o(i.GPIOPinRead)
    GPIOPinTypePWM                           0x0000434f   Thumb Code    28  gpio.o(i.GPIOPinTypePWM)
    GPIOPinTypeSSI                           0x0000436b   Thumb Code    28  gpio.o(i.GPIOPinTypeSSI)
    GPIOPinTypeTimer                         0x00004387   Thumb Code    28  gpio.o(i.GPIOPinTypeTimer)
    GPIOPinWrite                             0x000043a3   Thumb Code     6  gpio.o(i.GPIOPinWrite)
    GPIOUnlockPin                            0x000043a9   Thumb Code    18  gpio.o(i.GPIOUnlockPin)
    IntEnable                                0x000043c1   Thumb Code    92  interrupt.o(i.IntEnable)
    IntMasterDisable                         0x00004425   Thumb Code    14  interrupt.o(i.IntMasterDisable)
    IntMasterEnable                          0x00004433   Thumb Code    14  interrupt.o(i.IntMasterEnable)
    IntPrioritySet                           0x00004441   Thumb Code    36  interrupt.o(i.IntPrioritySet)
    PWMGenConfigure                          0x00004469   Thumb Code    38  pwm.o(i.PWMGenConfigure)
    PWMGenEnable                             0x0000448f   Thumb Code    10  pwm.o(i.PWMGenEnable)
    PWMGenPeriodSet                          0x00004499   Thumb Code    18  pwm.o(i.PWMGenPeriodSet)
    PWMOutputState                           0x000044ab   Thumb Code    16  pwm.o(i.PWMOutputState)
    PWMPulseWidthSet                         0x000044bb   Thumb Code    32  pwm.o(i.PWMPulseWidthSet)
    SSIConfigSetExpClk                       0x000044db   Thumb Code    58  ssi.o(i.SSIConfigSetExpClk)
    SSIDataGetNonBlocking                    0x00004515   Thumb Code    20  ssi.o(i.SSIDataGetNonBlocking)
    SSIDataPut                               0x00004529   Thumb Code    12  ssi.o(i.SSIDataPut)
    SSIEnable                                0x00004535   Thumb Code    10  ssi.o(i.SSIEnable)
    SysCtlClockGet                           0x00004541   Thumb Code   304  sysctl.o(i.SysCtlClockGet)
    SysCtlClockSet                           0x00004695   Thumb Code   270  sysctl.o(i.SysCtlClockSet)
    SysCtlPWMClockSet                        0x000047b5   Thumb Code    14  sysctl.o(i.SysCtlPWMClockSet)
    SysCtlPeripheralEnable                   0x000047c9   Thumb Code    36  sysctl.o(i.SysCtlPeripheralEnable)
    SysCtlPeripheralReady                    0x000047f1   Thumb Code    40  sysctl.o(i.SysCtlPeripheralReady)
    TimerClockSourceSet                      0x0000481d   Thumb Code     6  timer.o(i.TimerClockSourceSet)
    TimerConfigure                           0x00004825   Thumb Code    88  timer.o(i.TimerConfigure)
    TimerControlEvent                        0x00004885   Thumb Code    18  timer.o(i.TimerControlEvent)
    TimerDisable                             0x00004897   Thumb Code    16  timer.o(i.TimerDisable)
    TimerEnable                              0x000048a7   Thumb Code    14  timer.o(i.TimerEnable)
    TimerIntClear                            0x000048b5   Thumb Code     4  timer.o(i.TimerIntClear)
    TimerIntEnable                           0x000048b9   Thumb Code     8  timer.o(i.TimerIntEnable)
    TimerLoadSet                             0x000048c1   Thumb Code    18  timer.o(i.TimerLoadSet)
    TimerPrescaleSet                         0x000048d3   Thumb Code    18  timer.o(i.TimerPrescaleSet)
    TimerValueGet                            0x000048e5   Thumb Code    10  timer.o(i.TimerValueGet)
    __scatterload_copy                       0x000048ef   Thumb Code    14  handlers.o(i.__scatterload_copy)
    __scatterload_null                       0x000048fd   Thumb Code     2  handlers.o(i.__scatterload_null)
    __scatterload_zeroinit                   0x000048ff   Thumb Code    14  handlers.o(i.__scatterload_zeroinit)
    PA6                                      0x00004e94   Data          20  gpio_config.o(.rodata.PA6)
    PB4                                      0x00004ea8   Data          20  gpio_config.o(.rodata.PB4)
    PC4                                      0x00004ebc   Data          20  gpio_config.o(.rodata.PC4)
    PC5                                      0x00004ed0   Data          20  gpio_config.o(.rodata.PC5)
    PC6                                      0x00004ee4   Data          20  gpio_config.o(.rodata.PC6)
    PC7                                      0x00004ef8   Data          20  gpio_config.o(.rodata.PC7)
    PE1                                      0x00004f0c   Data          20  gpio_config.o(.rodata.PE1)
    PE2                                      0x00004f20   Data          20  gpio_config.o(.rodata.PE2)
    PF1                                      0x00004f34   Data          20  gpio_config.o(.rodata.PF1)
    RCC_config16                             0x00004f48   Data          16  rcc_config.o(.rodata.RCC_config16)
    uxTopUsedPriority                        0x00004f90   Data           4  tasks.o(.rodata.uxTopUsedPriority)
    Region$$Table$$Base                      0x00004f94   Number         0  anon$$obj.o(Region$$Table)
    Region$$Table$$Limit                     0x00004fb4   Number         0  anon$$obj.o(Region$$Table)
    IR_config                                0x20000000   Data           8  ir_config.o(.data.IR_config)
    PF2_M1PWM6                               0x20000008   Data          44  pwm_config.o(.data.PF2_M1PWM6)
    PF3_M1PWM7                               0x20000034   Data          44  pwm_config.o(.data.PF3_M1PWM7)
    SPI_config                               0x20000060   Data          48  spi_config.o(.data.SPI_config)
    SystemCoreClock                          0x20000090   Data           4  system_tm4c123.o(.data.SystemCoreClock)
    motor_config                             0x20000094   Data          24  motor_config.o(.data.motor_config)
    timer1A                                  0x200000ac   Data          56  timer_config.o(.data.timer1A)
    ultra1                                   0x200000e4   Data          12  ultrasonic_config.o(.data.ultra1)
    Global_Distance                          0x200000f8   Data           4  app.o(.bss.Global_Distance)
    Global_LeftValue                         0x200000fc   Data           4  app.o(.bss.Global_LeftValue)
    Global_RightValue                        0x20000100   Data           4  app.o(.bss.Global_RightValue)
    d                                        0x20000104   Data           7  app.o(.bss.d)
    key                                      0x2000010b   Data           1  app.o(.bss.key)
    pxCurrentTCB                             0x20000110   Data           4  tasks.o(.bss.pxCurrentTCB)
    rr                                       0x2000018c   Data           7  app.o(.bss.rr)
    speed                                    0x20000194   Data           4  motor.o(.bss.speed)
    __initial_sp                             0x20004088   Data           0  startup_tm4c123.o(STACK)



==============================================================================

Memory Map of the image

  Image Entry point : 0x0000026d

  Load Region LR_IROM1 (Base: 0x00000000, Size: 0x000050b0, Max: 0x00040000, ABSOLUTE)

    Execution Region ER_IROM1 (Exec base: 0x00000000, Load base: 0x00000000, Size: 0x00004fb4, Max: 0x00040000, ABSOLUTE)

    Exec Addr    Load Addr    Size         Type   Attr      Idx    E Section Name        Object

    0x00000000   0x00000000   0x0000026c   Data   RO          353    RESET               startup_tm4c123.o
    0x0000026c   0x0000026c   0x00000000   Code   RO         2373  * .ARM.Collect$$$$00000000  mc_w.l(entry.o)
    0x0000026c   0x0000026c   0x00000004   Code   RO         2384    .ARM.Collect$$$$00000001  mc_w.l(entry2.o)
    0x00000270   0x00000270   0x00000004   Code   RO         2387    .ARM.Collect$$$$00000004  mc_w.l(entry5.o)
    0x00000274   0x00000274   0x00000000   Code   RO         2389    .ARM.Collect$$$$00000008  mc_w.l(entry7b.o)
    0x00000274   0x00000274   0x00000000   Code   RO         2391    .ARM.Collect$$$$0000000A  mc_w.l(entry8b.o)
    0x00000274   0x00000274   0x00000008   Code   RO         2392    .ARM.Collect$$$$0000000B  mc_w.l(entry9a.o)
    0x0000027c   0x0000027c   0x00000000   Code   RO         2394    .ARM.Collect$$$$0000000D  mc_w.l(entry10a.o)
    0x0000027c   0x0000027c   0x00000000   Code   RO         2396    .ARM.Collect$$$$0000000F  mc_w.l(entry11a.o)
    0x0000027c   0x0000027c   0x00000004   Code   RO         2385    .ARM.Collect$$$$00002712  mc_w.l(entry2.o)
    0x00000280   0x00000280   0x00000006   Code   RO         1642    .emb_text           driverlib.lib(sysctl.o)
    0x00000286   0x00000286   0x00000002   PAD
    0x00000288   0x00000288   0x00000026   Code   RO         2363    .emb_text           driverlib.lib(cpu.o)
    0x000002ae   0x000002ae   0x00000002   PAD
    0x000002b0   0x000002b0   0x000000fc   Code   RO          354    .text               startup_tm4c123.o
    0x000003ac   0x000003ac   0x00000024   Code   RO         2376    .text               mc_w.l(memcpya.o)
    0x000003d0   0x000003d0   0x00000024   Code   RO         2378    .text               mc_w.l(memseta.o)
    0x000003f4   0x000003f4   0x00000030   Code   RO         2398    .text               mc_w.l(init.o)
    0x00000424   0x00000424   0x00000012   Code   RO          320    .text.HAL_Comm_CheckSum_Generator  communication.o
    0x00000436   0x00000436   0x00000002   PAD
    0x00000438   0x00000438   0x0000001e   Code   RO          316    .text.HAL_Comm_Inti  communication.o
    0x00000456   0x00000456   0x00000002   PAD
    0x00000458   0x00000458   0x0000004e   Code   RO          322    .text.HAL_Comm_ReceiveFrame  communication.o
    0x000004a6   0x000004a6   0x00000002   PAD
    0x000004a8   0x000004a8   0x0000005a   Code   RO          318    .text.HAL_Comm_SendFrame  communication.o
    0x00000502   0x00000502   0x00000002   PAD
    0x00000504   0x00000504   0x00000058   Code   RO          300    .text.HAL_DC_MOTORS_OFF  motor.o
    0x0000055c   0x0000055c   0x0000003a   Code   RO          282    .text.HAL_DC_MOTOR_ControlSpeed  motor.o
    0x00000596   0x00000596   0x00000002   PAD
    0x00000598   0x00000598   0x00000064   Code   RO          280    .text.HAL_DC_MOTOR_INIT  motor.o
    0x000005fc   0x000005fc   0x00000050   Code   RO          288    .text.HAL_DC_MOTOR_MOVE_FORWARD  motor.o
    0x0000064c   0x0000064c   0x00000050   Code   RO          294    .text.HAL_DC_MOTOR_MOVE_FORWARD_LEFT  motor.o
    0x0000069c   0x0000069c   0x00000050   Code   RO          292    .text.HAL_DC_MOTOR_MOVE_FORWARD_RIGHT  motor.o
    0x000006ec   0x000006ec   0x00000034   Code   RO          333    .text.HAL_IR_Inti   ir.o
    0x00000720   0x00000720   0x00000032   Code   RO          337    .text.HAL_IR_Read_LeftIR  ir.o
    0x00000752   0x00000752   0x00000002   PAD
    0x00000754   0x00000754   0x00000032   Code   RO          335    .text.HAL_IR_Read_RightIR  ir.o
    0x00000786   0x00000786   0x00000002   PAD
    0x00000788   0x00000788   0x000000ce   Code   RO          264    .text.HAL_Ultra_Dist  ultrasonic.o
    0x00000856   0x00000856   0x00000002   PAD
    0x00000858   0x00000858   0x00000048   Code   RO          262    .text.HAL_Ultra_Inti  ultrasonic.o
    0x000008a0   0x000008a0   0x00000034   Code   RO            8    .text.IRTask        app.o
    0x000008d4   0x000008d4   0x00000044   Code   RO         2353    .text.MCAL_DelayMs  MCAL.lib(delay.o)
    0x00000918   0x00000918   0x00000044   Code   RO         2355    .text.MCAL_DelayUs  MCAL.lib(delay.o)
    0x0000095c   0x0000095c   0x000001a6   Code   RO          163    .text.MCAL_GPIO_Pin_Init  gpio.o
    0x00000b02   0x00000b02   0x00000002   PAD
    0x00000b04   0x00000b04   0x00000054   Code   RO          167    .text.MCAL_GPIO_Pin_Read  gpio.o
    0x00000b58   0x00000b58   0x000000a2   Code   RO          165    .text.MCAL_GPIO_Pin_Write  gpio.o
    0x00000bfa   0x00000bfa   0x00000002   PAD
    0x00000bfc   0x00000bfc   0x0000017c   Code   RO          206    .text.MCAL_PWM_Inti  pwm.o
    0x00000d78   0x00000d78   0x00000032   Code   RO          208    .text.MCAL_PWM_PulseWidthSet  pwm.o
    0x00000daa   0x00000daa   0x00000002   PAD
    0x00000dac   0x00000dac   0x00000030   Code   RO          210    .text.MCAL_PWM_Start  pwm.o
    0x00000ddc   0x00000ddc   0x00000038   Code   RO          154    .text.MCAL_RCC_SysCtlClockExternal  rcc.o
    0x00000e14   0x00000e14   0x0000015e   Code   RO          178    .text.MCAL_SSI_Inti  spi.o
    0x00000f72   0x00000f72   0x00000002   PAD
    0x00000f74   0x00000f74   0x00000038   Code   RO          182    .text.MCAL_SSI_ReceiveData  spi.o
    0x00000fac   0x00000fac   0x00000034   Code   RO          180    .text.MCAL_SSI_SendData  spi.o
    0x00000fe0   0x00000fe0   0x00000036   Code   RO          135    .text.MCAL_Timer_GET_VALUE  timer.o
    0x00001016   0x00001016   0x00000002   PAD
    0x00001018   0x00001018   0x0000002e   Code   RO          141    .text.MCAL_Timer_IntClear  timer.o
    0x00001046   0x00001046   0x00000002   PAD
    0x00001048   0x00001048   0x0000015c   Code   RO          125    .text.MCAL_Timer_Inti_CAP  timer.o
    0x000011a4   0x000011a4   0x00000032   Code   RO          131    .text.MCAL_Timer_SET_EVENT  timer.o
    0x000011d6   0x000011d6   0x00000002   PAD
    0x000011d8   0x000011d8   0x00000030   Code   RO          133    .text.MCAL_Timer_SET_LOAD  timer.o
    0x00001208   0x00001208   0x00000030   Code   RO          127    .text.MCAL_Timer_SET_PRESCALLER  timer.o
    0x00001238   0x00001238   0x0000002e   Code   RO          137    .text.MCAL_Timer_Start  timer.o
    0x00001266   0x00001266   0x00000002   PAD
    0x00001268   0x00001268   0x0000002e   Code   RO          139    .text.MCAL_Timer_Stop  timer.o
    0x00001296   0x00001296   0x00000002   PAD
    0x00001298   0x00001298   0x0000019c   Code   RO           10    .text.MainTask      app.o
    0x00001434   0x00001434   0x0000000c   PAD
    0x00001440   0x00001440   0x00000064   Code   RO          413    .text.PendSV_Handler  port.o
    0x000014a4   0x000014a4   0x0000000c   PAD
    0x000014b0   0x000014b0   0x00000024   Code   RO          397    .text.SVC_Handler   port.o
    0x000014d4   0x000014d4   0x0000003c   Code   RO          415    .text.SysTick_Handler  port.o
    0x00001510   0x00001510   0x0000010c   Code   RO          365    .text.SystemInit    system_tm4c123.o
    0x0000161c   0x0000161c   0x00000024   Code   RO            6    .text.UltraTask     app.o
    0x00001640   0x00001640   0x00000080   Code   RO          647    .text.eTaskConfirmSleepModeStatus  tasks.o
    0x000016c0   0x000016c0   0x000000e8   Code   RO            2    .text.main          app.o
    0x000017a8   0x000017a8   0x00000122   Code   RO          569    .text.prvAddCurrentTaskToDelayedList  tasks.o
    0x000018ca   0x000018ca   0x00000002   PAD
    0x000018cc   0x000018cc   0x00000154   Code   RO          557    .text.prvAddNewTaskToReadyList  tasks.o
    0x00001a20   0x00001a20   0x0000006a   Code   RO          723    .text.prvCheckForValidListAndQueue  timers.o
    0x00001a8a   0x00001a8a   0x00000002   PAD
    0x00001a8c   0x00001a8c   0x0000005a   Code   RO          687    .text.prvCheckTasksWaitingTermination  tasks.o
    0x00001ae6   0x00001ae6   0x00000002   PAD
    0x00001ae8   0x00001ae8   0x00000042   Code   RO          504    .text.prvCopyDataFromQueue  queue.o
    0x00001b2a   0x00001b2a   0x00000002   PAD
    0x00001b2c   0x00001b2c   0x000000cc   Code   RO          490    .text.prvCopyDataToQueue  queue.o
    0x00001bf8   0x00001bf8   0x00000018   Code   RO          563    .text.prvDeleteTCB  tasks.o
    0x00001c10   0x00001c10   0x0000007c   Code   RO          689    .text.prvGetExpectedIdleTime  tasks.o
    0x00001c8c   0x00001c8c   0x00000040   Code   RO          761    .text.prvGetNextExpireTime  timers.o
    0x00001ccc   0x00001ccc   0x000000ae   Code   RO          436    .text.prvHeapInit   heap_4.o
    0x00001d7a   0x00001d7a   0x00000002   PAD
    0x00001d7c   0x00001d7c   0x0000009a   Code   RO          595    .text.prvIdleTask   tasks.o
    0x00001e16   0x00001e16   0x00000002   PAD
    0x00001e18   0x00001e18   0x0000004e   Code   RO          470    .text.prvInitialiseNewQueue  queue.o
    0x00001e66   0x00001e66   0x00000002   PAD
    0x00001e68   0x00001e68   0x00000124   Code   RO          555    .text.prvInitialiseNewTask  tasks.o
    0x00001f8c   0x00001f8c   0x0000008e   Code   RO          685    .text.prvInitialiseTaskLists  tasks.o
    0x0000201a   0x0000201a   0x00000002   PAD
    0x0000201c   0x0000201c   0x000000c6   Code   RO          438    .text.prvInsertBlockIntoFreeList  heap_4.o
    0x000020e2   0x000020e2   0x00000002   PAD
    0x000020e4   0x000020e4   0x00000086   Code   RO          775    .text.prvInsertTimerInActiveList  timers.o
    0x0000216a   0x0000216a   0x00000002   PAD
    0x0000216c   0x0000216c   0x00000028   Code   RO          506    .text.prvIsQueueEmpty  queue.o
    0x00002194   0x00002194   0x000000ec   Code   RO          492    .text.prvNotifyQueueSetContainer  queue.o
    0x00002280   0x00002280   0x00000028   Code   RO          405    .text.prvPortStartFirstTask  port.o
    0x000022a8   0x000022a8   0x00000054   Code   RO          769    .text.prvProcessExpiredTimer  timers.o
    0x000022fc   0x000022fc   0x00000180   Code   RO          765    .text.prvProcessReceivedCommands  timers.o
    0x0000247c   0x0000247c   0x0000009a   Code   RO          763    .text.prvProcessTimerOrBlockTask  timers.o
    0x00002516   0x00002516   0x00000002   PAD
    0x00002518   0x00002518   0x00000034   Code   RO          773    .text.prvReloadTimer  timers.o
    0x0000254c   0x0000254c   0x0000003c   Code   RO          561    .text.prvResetNextTaskUnblockTime  tasks.o
    0x00002588   0x00002588   0x00000044   Code   RO          767    .text.prvSampleTimeNow  timers.o
    0x000025cc   0x000025cc   0x00000052   Code   RO          771    .text.prvSwitchTimerLists  timers.o
    0x0000261e   0x0000261e   0x00000002   PAD
    0x00002620   0x00002620   0x0000004c   Code   RO          395    .text.prvTaskExitError  port.o
    0x0000266c   0x0000266c   0x0000001e   Code   RO          725    .text.prvTimerTask  timers.o
    0x0000268a   0x0000268a   0x00000002   PAD
    0x0000268c   0x0000268c   0x000000cc   Code   RO          496    .text.prvUnlockQueue  queue.o
    0x00002758   0x00002758   0x000001c8   Code   RO          434    .text.pvPortMalloc  heap_4.o
    0x00002920   0x00002920   0x0000005e   Code   RO          393    .text.pxPortInitialiseStack  port.o
    0x0000297e   0x0000297e   0x00000002   PAD
    0x00002980   0x00002980   0x00000028   Code   RO            4    .text.sendTask      app.o
    0x000029a8   0x000029a8   0x00000048   Code   RO          384    .text.uxListRemove  list.o
    0x000029f0   0x000029f0   0x0000000c   Code   RO          605    .text.uxTaskGetNumberOfTasks  tasks.o
    0x000029fc   0x000029fc   0x0000002e   Code   RO          376    .text.vListInitialise  list.o
    0x00002a2a   0x00002a2a   0x00000002   PAD
    0x00002a2c   0x00002a2c   0x0000000e   Code   RO          378    .text.vListInitialiseItem  list.o
    0x00002a3a   0x00002a3a   0x00000002   PAD
    0x00002a3c   0x00002a3c   0x0000006a   Code   RO          382    .text.vListInsert   list.o
    0x00002aa6   0x00002aa6   0x00000002   PAD
    0x00002aa8   0x00002aa8   0x00000014   Code   RO          403    .text.vPortEnableVFP  port.o
    0x00002abc   0x00002abc   0x00000056   Code   RO          409    .text.vPortEnterCritical  port.o
    0x00002b12   0x00002b12   0x00000002   PAD
    0x00002b14   0x00002b14   0x0000004a   Code   RO          411    .text.vPortExitCritical  port.o
    0x00002b5e   0x00002b5e   0x00000002   PAD
    0x00002b60   0x00002b60   0x000000ba   Code   RO          440    .text.vPortFree     heap_4.o
    0x00002c1a   0x00002c1a   0x00000002   PAD
    0x00002c1c   0x00002c1c   0x00000078   Code   RO          401    .text.vPortSetupTimerInterrupt  port.o
    0x00002c94   0x00002c94   0x00000220   Code   RO          417    .text.vPortSuppressTicksAndSleep  port.o
    0x00002eb4   0x00002eb4   0x00000064   Code   RO          534    .text.vQueueWaitForMessageRestricted  queue.o
    0x00002f18   0x00002f18   0x0000006e   Code   RO          573    .text.vTaskDelay    tasks.o
    0x00002f86   0x00002f86   0x00000002   PAD
    0x00002f88   0x00002f88   0x00000024   Code   RO          637    .text.vTaskInternalSetTimeOutState  tasks.o
    0x00002fac   0x00002fac   0x0000000e   Code   RO          641    .text.vTaskMissedYield  tasks.o
    0x00002fba   0x00002fba   0x00000002   PAD
    0x00002fbc   0x00002fbc   0x00000042   Code   RO          625    .text.vTaskPlaceOnEventList  tasks.o
    0x00002ffe   0x00002ffe   0x00000002   PAD
    0x00003000   0x00003000   0x0000007c   Code   RO          629    .text.vTaskPlaceOnEventListRestricted  tasks.o
    0x0000307c   0x0000307c   0x000000b4   Code   RO          593    .text.vTaskStartScheduler  tasks.o
    0x00003130   0x00003130   0x000000cc   Code   RO          619    .text.vTaskStepTick  tasks.o
    0x000031fc   0x000031fc   0x00000010   Code   RO          567    .text.vTaskSuspendAll  tasks.o
    0x0000320c   0x0000320c   0x000000be   Code   RO          585    .text.vTaskSwitchContext  tasks.o
    0x000032ca   0x000032ca   0x00000002   PAD
    0x000032cc   0x000032cc   0x0000017c   Code   RO          399    .text.xPortStartScheduler  port.o
    0x00003448   0x00003448   0x0000009a   Code   RO          468    .text.xQueueGenericCreate  queue.o
    0x000034e2   0x000034e2   0x00000002   PAD
    0x000034e4   0x000034e4   0x00000108   Code   RO          466    .text.xQueueGenericReset  queue.o
    0x000035ec   0x000035ec   0x000001dc   Code   RO          502    .text.xQueueReceive  queue.o
    0x000037c8   0x000037c8   0x000000fc   Code   RO          639    .text.xTaskCheckForTimeOut  tasks.o
    0x000038c4   0x000038c4   0x000000a0   Code   RO          553    .text.xTaskCreate   tasks.o
    0x00003964   0x00003964   0x00000038   Code   RO          659    .text.xTaskGetSchedulerState  tasks.o
    0x0000399c   0x0000399c   0x00000014   Code   RO          601    .text.xTaskGetTickCount  tasks.o
    0x000039b0   0x000039b0   0x00000260   Code   RO          599    .text.xTaskIncrementTick  tasks.o
    0x00003c10   0x00003c10   0x00000138   Code   RO          663    .text.xTaskPriorityDisinherit  tasks.o
    0x00003d48   0x00003d48   0x00000192   Code   RO          631    .text.xTaskRemoveFromEventList  tasks.o
    0x00003eda   0x00003eda   0x00000002   PAD
    0x00003edc   0x00003edc   0x00000222   Code   RO          571    .text.xTaskResumeAll  tasks.o
    0x000040fe   0x000040fe   0x00000002   PAD
    0x00004100   0x00004100   0x0000006c   Code   RO          721    .text.xTimerCreateTimerTask  timers.o
    0x0000416c   0x0000416c   0x00000028   Code   RO          796    i.GPIODirModeSet    driverlib.lib(gpio.o)
    0x00004194   0x00004194   0x00000170   Code   RO          808    i.GPIOPadConfigSet  driverlib.lib(gpio.o)
    0x00004304   0x00004304   0x00000044   Code   RO          809    i.GPIOPinConfigure  driverlib.lib(gpio.o)
    0x00004348   0x00004348   0x00000006   Code   RO          810    i.GPIOPinRead       driverlib.lib(gpio.o)
    0x0000434e   0x0000434e   0x0000001c   Code   RO          827    i.GPIOPinTypePWM    driverlib.lib(gpio.o)
    0x0000436a   0x0000436a   0x0000001c   Code   RO          829    i.GPIOPinTypeSSI    driverlib.lib(gpio.o)
    0x00004386   0x00004386   0x0000001c   Code   RO          830    i.GPIOPinTypeTimer  driverlib.lib(gpio.o)
    0x000043a2   0x000043a2   0x00000006   Code   RO          838    i.GPIOPinWrite      driverlib.lib(gpio.o)
    0x000043a8   0x000043a8   0x00000018   Code   RO          839    i.GPIOUnlockPin     driverlib.lib(gpio.o)
    0x000043c0   0x000043c0   0x00000064   Code   RO         1130    i.IntEnable         driverlib.lib(interrupt.o)
    0x00004424   0x00004424   0x0000000e   Code   RO         1132    i.IntMasterDisable  driverlib.lib(interrupt.o)
    0x00004432   0x00004432   0x0000000e   Code   RO         1133    i.IntMasterEnable   driverlib.lib(interrupt.o)
    0x00004440   0x00004440   0x00000028   Code   RO         1141    i.IntPrioritySet    driverlib.lib(interrupt.o)
    0x00004468   0x00004468   0x00000026   Code   RO         1253    i.PWMGenConfigure   driverlib.lib(pwm.o)
    0x0000448e   0x0000448e   0x0000000a   Code   RO         1255    i.PWMGenEnable      driverlib.lib(pwm.o)
    0x00004498   0x00004498   0x00000012   Code   RO         1268    i.PWMGenPeriodSet   driverlib.lib(pwm.o)
    0x000044aa   0x000044aa   0x00000010   Code   RO         1275    i.PWMOutputState    driverlib.lib(pwm.o)
    0x000044ba   0x000044ba   0x00000020   Code   RO         1278    i.PWMPulseWidthSet  driverlib.lib(pwm.o)
    0x000044da   0x000044da   0x0000003a   Code   RO         1486    i.SSIConfigSetExpClk  driverlib.lib(ssi.o)
    0x00004514   0x00004514   0x00000014   Code   RO         1490    i.SSIDataGetNonBlocking  driverlib.lib(ssi.o)
    0x00004528   0x00004528   0x0000000c   Code   RO         1491    i.SSIDataPut        driverlib.lib(ssi.o)
    0x00004534   0x00004534   0x0000000a   Code   RO         1494    i.SSIEnable         driverlib.lib(ssi.o)
    0x0000453e   0x0000453e   0x00000002   PAD
    0x00004540   0x00004540   0x00000154   Code   RO         1645    i.SysCtlClockGet    driverlib.lib(sysctl.o)
    0x00004694   0x00004694   0x00000120   Code   RO         1647    i.SysCtlClockSet    driverlib.lib(sysctl.o)
    0x000047b4   0x000047b4   0x00000014   Code   RO         1671    i.SysCtlPWMClockSet  driverlib.lib(sysctl.o)
    0x000047c8   0x000047c8   0x00000028   Code   RO         1676    i.SysCtlPeripheralEnable  driverlib.lib(sysctl.o)
    0x000047f0   0x000047f0   0x0000002c   Code   RO         1680    i.SysCtlPeripheralReady  driverlib.lib(sysctl.o)
    0x0000481c   0x0000481c   0x00000006   Code   RO         1993    i.TimerClockSourceSet  driverlib.lib(timer.o)
    0x00004822   0x00004822   0x00000002   PAD
    0x00004824   0x00004824   0x00000060   Code   RO         1994    i.TimerConfigure    driverlib.lib(timer.o)
    0x00004884   0x00004884   0x00000012   Code   RO         1995    i.TimerControlEvent  driverlib.lib(timer.o)
    0x00004896   0x00004896   0x00000010   Code   RO         2002    i.TimerDisable      driverlib.lib(timer.o)
    0x000048a6   0x000048a6   0x0000000e   Code   RO         2003    i.TimerEnable       driverlib.lib(timer.o)
    0x000048b4   0x000048b4   0x00000004   Code   RO         2004    i.TimerIntClear     driverlib.lib(timer.o)
    0x000048b8   0x000048b8   0x00000008   Code   RO         2006    i.TimerIntEnable    driverlib.lib(timer.o)
    0x000048c0   0x000048c0   0x00000012   Code   RO         2012    i.TimerLoadSet      driverlib.lib(timer.o)
    0x000048d2   0x000048d2   0x00000012   Code   RO         2021    i.TimerPrescaleSet  driverlib.lib(timer.o)
    0x000048e4   0x000048e4   0x0000000a   Code   RO         2026    i.TimerValueGet     driverlib.lib(timer.o)
    0x000048ee   0x000048ee   0x0000000e   Code   RO         2402    i.__scatterload_copy  mc_w.l(handlers.o)
    0x000048fc   0x000048fc   0x00000002   Code   RO         2403    i.__scatterload_null  mc_w.l(handlers.o)
    0x000048fe   0x000048fe   0x0000000e   Code   RO         2404    i.__scatterload_zeroinit  mc_w.l(handlers.o)
    0x0000490c   0x0000490c   0x00000228   Data   RO          841    .constdata          driverlib.lib(gpio.o)
    0x00004b34   0x00004b34   0x0000010c   Data   RO         1146    .constdata          driverlib.lib(interrupt.o)
    0x00004c40   0x00004c40   0x00000254   Data   RO         1698    .constdata          driverlib.lib(sysctl.o)
    0x00004e94   0x00004e94   0x00000014   Data   RO           38    .rodata.PA6         gpio_config.o
    0x00004ea8   0x00004ea8   0x00000014   Data   RO           42    .rodata.PB4         gpio_config.o
    0x00004ebc   0x00004ebc   0x00000014   Data   RO           46    .rodata.PC4         gpio_config.o
    0x00004ed0   0x00004ed0   0x00000014   Data   RO           47    .rodata.PC5         gpio_config.o
    0x00004ee4   0x00004ee4   0x00000014   Data   RO           48    .rodata.PC6         gpio_config.o
    0x00004ef8   0x00004ef8   0x00000014   Data   RO           49    .rodata.PC7         gpio_config.o
    0x00004f0c   0x00004f0c   0x00000014   Data   RO           57    .rodata.PE1         gpio_config.o
    0x00004f20   0x00004f20   0x00000014   Data   RO           58    .rodata.PE2         gpio_config.o
    0x00004f34   0x00004f34   0x00000014   Data   RO           63    .rodata.PF1         gpio_config.o
    0x00004f48   0x00004f48   0x00000010   Data   RO           73    .rodata.RCC_config16  rcc_config.o
    0x00004f58   0x00004f58   0x00000028   Data   RO           18    .rodata.str1.1      app.o
    0x00004f80   0x00004f80   0x00000005   Data   RO          707    .rodata.str1.1      tasks.o
    0x00004f85   0x00004f85   0x00000008   Data   RO          778    .rodata.str1.1      timers.o
    0x00004f8d   0x00004f8d   0x00000003   PAD
    0x00004f90   0x00004f90   0x00000004   Data   RO          692    .rodata.uxTopUsedPriority  tasks.o
    0x00004f94   0x00004f94   0x00000020   Data   RO         2401    Region$$Table       anon$$obj.o


    Execution Region RW_IRAM1 (Exec base: 0x20000000, Load base: 0x00004fb8, Size: 0x00004088, Max: 0x00008000, ABSOLUTE)

    Exec Addr    Load Addr    Size         Type   Attr      Idx    E Section Name        Object

    0x20000000   0x00004fb8   0x00000008   Data   RW          346    .data.IR_config     ir_config.o
    0x20000008   0x00004fc0   0x0000002c   Data   RW          116    .data.PF2_M1PWM6    pwm_config.o
    0x20000034   0x00004fec   0x0000002c   Data   RW          117    .data.PF3_M1PWM7    pwm_config.o
    0x20000060   0x00005018   0x00000030   Data   RW          197    .data.SPI_config    spi_config.o
    0x20000090   0x00005048   0x00000004   Data   RW          367    .data.SystemCoreClock  system_tm4c123.o
    0x20000094   0x0000504c   0x00000018   Data   RW          310    .data.motor_config  motor_config.o
    0x200000ac   0x00005064   0x00000038   Data   RW           85    .data.timer1A       timer_config.o
    0x200000e4   0x0000509c   0x0000000c   Data   RW          273    .data.ultra1        ultrasonic_config.o
    0x200000f0   0x000050a8   0x00000004   Data   RW          423    .data.uxCriticalNesting  port.o
    0x200000f4   0x000050ac   0x00000004   PAD
    0x200000f8        -       0x00000004   Zero   RW           14    .bss.Global_Distance  app.o
    0x200000fc        -       0x00000004   Zero   RW           16    .bss.Global_LeftValue  app.o
    0x20000100        -       0x00000004   Zero   RW           15    .bss.Global_RightValue  app.o
    0x20000104        -       0x00000007   Zero   RW           19    .bss.d              app.o
    0x2000010b        -       0x00000001   Zero   RW           17    .bss.key            app.o
    0x2000010c        -       0x00000004   Zero   RW          782    .bss.prvSampleTimeNow.xLastTime  timers.o
    0x20000110        -       0x00000004   Zero   RW          691    .bss.pxCurrentTCB   tasks.o
    0x20000114        -       0x00000004   Zero   RW          780    .bss.pxCurrentTimerList  timers.o
    0x20000118        -       0x00000004   Zero   RW          702    .bss.pxDelayedTaskList  tasks.o
    0x2000011c        -       0x00000004   Zero   RW          452    .bss.pxEnd          heap_4.o
    0x20000120        -       0x00000004   Zero   RW          703    .bss.pxOverflowDelayedTaskList  tasks.o
    0x20000124        -       0x00000004   Zero   RW          781    .bss.pxOverflowTimerList  timers.o
    0x20000128        -       0x00000064   Zero   RW          693    .bss.pxReadyTasksLists  tasks.o
    0x2000018c        -       0x00000007   Zero   RW           20    .bss.rr             app.o
    0x20000193   0x000050ac   0x00000001   PAD
    0x20000194        -       0x00000004   Zero   RW          302    .bss.speed          motor.o
    0x20000198        -       0x00003c00   Zero   RW          458    .bss.ucHeap         heap_4.o
    0x20003d98        -       0x00000001   Zero   RW          421    .bss.ucMaxSysCallPriority  port.o
    0x20003d99   0x000050ac   0x00000003   PAD
    0x20003d9c        -       0x00000004   Zero   RW          422    .bss.ulMaxPRIGROUPValue  port.o
    0x20003da0        -       0x00000004   Zero   RW          426    .bss.ulStoppedTimerCompensation  port.o
    0x20003da4        -       0x00000004   Zero   RW          425    .bss.ulTimerCountsForOneTick  port.o
    0x20003da8        -       0x00000004   Zero   RW          698    .bss.uxCurrentNumberOfTasks  tasks.o
    0x20003dac        -       0x00000004   Zero   RW          697    .bss.uxDeletedTasksWaitingCleanUp  tasks.o
    0x20003db0        -       0x00000004   Zero   RW          700    .bss.uxSchedulerSuspended  tasks.o
    0x20003db4        -       0x00000004   Zero   RW          695    .bss.uxTaskNumber   tasks.o
    0x20003db8        -       0x00000004   Zero   RW          694    .bss.uxTopReadyPriority  tasks.o
    0x20003dbc        -       0x00000014   Zero   RW          783    .bss.xActiveTimerList1  timers.o
    0x20003dd0        -       0x00000014   Zero   RW          784    .bss.xActiveTimerList2  timers.o
    0x20003de4        -       0x00000014   Zero   RW          712    .bss.xDelayedTaskList1  tasks.o
    0x20003df8        -       0x00000014   Zero   RW          713    .bss.xDelayedTaskList2  tasks.o
    0x20003e0c        -       0x00000004   Zero   RW          453    .bss.xFreeBytesRemaining  heap_4.o
    0x20003e10        -       0x00000004   Zero   RW          708    .bss.xIdleTaskHandle  tasks.o
    0x20003e14        -       0x00000004   Zero   RW          424    .bss.xMaximumPossibleSuppressedTicks  port.o
    0x20003e18        -       0x00000004   Zero   RW          455    .bss.xMinimumEverFreeBytesRemaining  heap_4.o
    0x20003e1c        -       0x00000004   Zero   RW          709    .bss.xNextTaskUnblockTime  tasks.o
    0x20003e20        -       0x00000004   Zero   RW          711    .bss.xNumOfOverflows  tasks.o
    0x20003e24        -       0x00000004   Zero   RW          456    .bss.xNumberOfSuccessfulAllocations  heap_4.o
    0x20003e28        -       0x00000004   Zero   RW          457    .bss.xNumberOfSuccessfulFrees  heap_4.o
    0x20003e2c        -       0x00000004   Zero   RW          710    .bss.xPendedTicks   tasks.o
    0x20003e30        -       0x00000014   Zero   RW          706    .bss.xPendingReadyList  tasks.o
    0x20003e44        -       0x00000004   Zero   RW          699    .bss.xSchedulerRunning  tasks.o
    0x20003e48        -       0x00000008   Zero   RW          454    .bss.xStart         heap_4.o
    0x20003e50        -       0x00000014   Zero   RW          704    .bss.xSuspendedTaskList  tasks.o
    0x20003e64        -       0x00000014   Zero   RW          696    .bss.xTasksWaitingTermination  tasks.o
    0x20003e78        -       0x00000004   Zero   RW          701    .bss.xTickCount     tasks.o
    0x20003e7c        -       0x00000004   Zero   RW          777    .bss.xTimerQueue    timers.o
    0x20003e80        -       0x00000004   Zero   RW          779    .bss.xTimerTaskHandle  timers.o
    0x20003e84        -       0x00000004   Zero   RW          705    .bss.xYieldPending  tasks.o
    0x20003e88        -       0x00000200   Zero   RW          351    STACK               startup_tm4c123.o


==============================================================================

Image component sizes


      Code (inc. data)   RO Data    RW Data    ZI Data      Debug   Object Name

       772          0         40          0         27       2176   app.o
       216          0          0          0          0       1517   communication.o
       668          0          0          0          0       2258   gpio.o
         0          0        180          0          0       1376   gpio_config.o
      1014          0          0          0      15388       4696   heap_4.o
       152          0          0          0          0       1293   ir.o
         0          0          0          8          0        629   ir_config.o
       238          0          0          0          0       2329   list.o
       486          0          0          0          4       3501   motor.o
         0          0          0         24          0       1043   motor_config.o
      1630         16          0          4         17       4992   port.o
       478          0          0          0          0       1841   pwm.o
         0          0          0         88          0       1224   pwm_config.o
      1822          0          0          0          0      16995   queue.o
        56          0          0          0          0       1121   rcc.o
         0          0         16          0          0        781   rcc_config.o
       458          0          0          0          0       2507   spi.o
         0          0          0         48          0        796   spi_config.o
       252         10        620          0        512       5436   startup_tm4c123.o
       268          0          0          4          0       6731   system_tm4c123.o
      4952          0          9          0        260      27329   tasks.o
       686          0          0          0          0       3312   timer.o
         0          0          0         56          0       1085   timer_config.o
      1266         10          8          0         60       9619   timers.o
       278          0          0          0          0       1777   ultrasonic.o
         0          0          0         12          0       1101   ultrasonic_config.o

    ----------------------------------------------------------------------
     15804         48        908        244      16276     107465   Object Totals
         0          0         32          0          0          0   (incl. Generated)
       112         12          3          0          8          0   (incl. Padding)

    ----------------------------------------------------------------------

      Code (inc. data)   RO Data    RW Data    ZI Data      Debug   Library Member Name

       136          0          0          0          0        812   delay.o
        38          0          0          0          0        572   cpu.o
       596         28        552          0          0      10633   gpio.o
       168         12        268          0          0       3090   interrupt.o
       114          0          0          0          0       2639   pwm.o
       100          0          0          0          0       3010   ssi.o
       738         68        596          0          0       5403   sysctl.o
       208          8          0          0          0       5143   timer.o
         0          0          0          0          0          0   entry.o
         0          0          0          0          0          0   entry10a.o
         0          0          0          0          0          0   entry11a.o
         8          4          0          0          0          0   entry2.o
         4          0          0          0          0          0   entry5.o
         0          0          0          0          0          0   entry7b.o
         0          0          0          0          0          0   entry8b.o
         8          4          0          0          0          0   entry9a.o
        30          0          0          0          0          0   handlers.o
        48         10          0          0          0         68   init.o
        36          0          0          0          0         68   memcpya.o
        36          0          0          0          0        108   memseta.o

    ----------------------------------------------------------------------
      2276        134       1416          0          0      31546   Library Totals
         8          0          0          0          0          0   (incl. Padding)

    ----------------------------------------------------------------------

      Code (inc. data)   RO Data    RW Data    ZI Data      Debug   Library Name

       136          0          0          0          0        812   MCAL.lib
      1962        116       1416          0          0      30490   driverlib.lib
       170         18          0          0          0        244   mc_w.l

    ----------------------------------------------------------------------
      2276        134       1416          0          0      31546   Library Totals

    ----------------------------------------------------------------------

==============================================================================


      Code (inc. data)   RO Data    RW Data    ZI Data      Debug   

     18080        182       2324        244      16276     135423   Grand Totals
     18080        182       2324        244      16276     135423   ELF Image Totals
     18080        182       2324        244          0          0   ROM Totals

==============================================================================

    Total RO  Size (Code + RO Data)                20404 (  19.93kB)
    Total RW  Size (RW Data + ZI Data)             16520 (  16.13kB)
    Total ROM Size (Code + RO Data + RW Data)      20648 (  20.16kB)

==============================================================================

