Component: Arm Compiler for Embedded 6.21 Tool: armlink [5ec1fa00]

==============================================================================

Section Cross References

    app.o(.text.main) refers to rcc_config.o(.rodata.RCC_config16) for RCC_config16
    app.o(.text.main) refers to rcc.o(.text.MCAL_RCC_SysCtlClockExternal) for MCAL_RCC_SysCtlClockExternal
    app.o(.text.main) refers to pwm_config.o(.data.PF3_M1PWM7) for PF3_M1PWM7
    app.o(.text.main) refers to pwm.o(.text.MCAL_PWM_Inti) for MCAL_PWM_Inti
    app.o(.text.main) refers to pwm.o(.text.MCAL_PWM_Start) for MCAL_PWM_Start
    app.o(.text.main) refers to pwm.o(.text.MCAL_PWM_PulseWidthSet) for MCAL_PWM_PulseWidthSet
    app.o(.text.main) refers to delay.o(.text.MCAL_DelayMs) for MCAL_DelayMs
    app.o(.ARM.exidx.text.main) refers to app.o(.text.main) for [Anonymous Symbol]
    timer.o(.text.MCAL_Timer_Inti) refers to interrupt.o(i.IntMasterDisable) for IntMasterDisable
    timer.o(.text.MCAL_Timer_Inti) refers to sysctl.o(i.SysCtlPeripheralEnable) for SysCtlPeripheralEnable
    timer.o(.text.MCAL_Timer_Inti) refers to sysctl.o(i.SysCtlPeripheralReady) for SysCtlPeripheralReady
    timer.o(.text.MCAL_Timer_Inti) refers to timer.o(i.TimerClockSourceSet) for TimerClockSourceSet
    timer.o(.text.MCAL_Timer_Inti) refers to timer.o(i.TimerConfigure) for TimerConfigure
    timer.o(.text.MCAL_Timer_Inti) refers to timer.o(i.TimerLoadSet) for TimerLoadSet
    timer.o(.text.MCAL_Timer_Inti) refers to timer.o(i.TimerPrescaleSet) for TimerPrescaleSet
    timer.o(.text.MCAL_Timer_Inti) refers to interrupt.o(i.IntPrioritySet) for IntPrioritySet
    timer.o(.text.MCAL_Timer_Inti) refers to timer.o(i.TimerIntClear) for TimerIntClear
    timer.o(.text.MCAL_Timer_Inti) refers to timer.o(i.TimerIntEnable) for TimerIntEnable
    timer.o(.text.MCAL_Timer_Inti) refers to interrupt.o(i.IntEnable) for IntEnable
    timer.o(.text.MCAL_Timer_Inti) refers to interrupt.o(i.IntMasterEnable) for IntMasterEnable
    timer.o(.ARM.exidx.text.MCAL_Timer_Inti) refers to timer.o(.text.MCAL_Timer_Inti) for [Anonymous Symbol]
    timer.o(.text.MCAL_Timer_Inti_CAP) refers to interrupt.o(i.IntMasterDisable) for IntMasterDisable
    timer.o(.text.MCAL_Timer_Inti_CAP) refers to sysctl.o(i.SysCtlPeripheralEnable) for SysCtlPeripheralEnable
    timer.o(.text.MCAL_Timer_Inti_CAP) refers to sysctl.o(i.SysCtlPeripheralReady) for SysCtlPeripheralReady
    timer.o(.text.MCAL_Timer_Inti_CAP) refers to gpio.o(i.GPIOPinTypeTimer) for GPIOPinTypeTimer
    timer.o(.text.MCAL_Timer_Inti_CAP) refers to gpio.o(i.GPIOPinConfigure) for GPIOPinConfigure
    timer.o(.text.MCAL_Timer_Inti_CAP) refers to timer.o(i.TimerConfigure) for TimerConfigure
    timer.o(.text.MCAL_Timer_Inti_CAP) refers to timer.o(i.TimerClockSourceSet) for TimerClockSourceSet
    timer.o(.text.MCAL_Timer_Inti_CAP) refers to timer.o(i.TimerLoadSet) for TimerLoadSet
    timer.o(.text.MCAL_Timer_Inti_CAP) refers to interrupt.o(i.IntPrioritySet) for IntPrioritySet
    timer.o(.text.MCAL_Timer_Inti_CAP) refers to timer.o(i.TimerIntClear) for TimerIntClear
    timer.o(.text.MCAL_Timer_Inti_CAP) refers to timer.o(i.TimerIntEnable) for TimerIntEnable
    timer.o(.text.MCAL_Timer_Inti_CAP) refers to interrupt.o(i.IntEnable) for IntEnable
    timer.o(.text.MCAL_Timer_Inti_CAP) refers to interrupt.o(i.IntMasterEnable) for IntMasterEnable
    timer.o(.ARM.exidx.text.MCAL_Timer_Inti_CAP) refers to timer.o(.text.MCAL_Timer_Inti_CAP) for [Anonymous Symbol]
    timer.o(.text.MCAL_Timer_SET_PRESCALLER) refers to timer.o(i.TimerPrescaleSet) for TimerPrescaleSet
    timer.o(.ARM.exidx.text.MCAL_Timer_SET_PRESCALLER) refers to timer.o(.text.MCAL_Timer_SET_PRESCALLER) for [Anonymous Symbol]
    timer.o(.text.MCAL_Timer_SET_MATCH) refers to timer.o(i.TimerMatchSet) for TimerMatchSet
    timer.o(.ARM.exidx.text.MCAL_Timer_SET_MATCH) refers to timer.o(.text.MCAL_Timer_SET_MATCH) for [Anonymous Symbol]
    timer.o(.text.MCAL_Timer_SET_EVENT) refers to timer.o(i.TimerControlEvent) for TimerControlEvent
    timer.o(.ARM.exidx.text.MCAL_Timer_SET_EVENT) refers to timer.o(.text.MCAL_Timer_SET_EVENT) for [Anonymous Symbol]
    timer.o(.text.MCAL_Timer_SET_LOAD) refers to timer.o(i.TimerLoadSet) for TimerLoadSet
    timer.o(.ARM.exidx.text.MCAL_Timer_SET_LOAD) refers to timer.o(.text.MCAL_Timer_SET_LOAD) for [Anonymous Symbol]
    timer.o(.text.MCAL_Timer_GET_VALUE) refers to timer.o(i.TimerValueGet) for TimerValueGet
    timer.o(.ARM.exidx.text.MCAL_Timer_GET_VALUE) refers to timer.o(.text.MCAL_Timer_GET_VALUE) for [Anonymous Symbol]
    timer.o(.text.MCAL_Timer_Start) refers to timer.o(i.TimerEnable) for TimerEnable
    timer.o(.ARM.exidx.text.MCAL_Timer_Start) refers to timer.o(.text.MCAL_Timer_Start) for [Anonymous Symbol]
    timer.o(.text.MCAL_Timer_Stop) refers to timer.o(i.TimerDisable) for TimerDisable
    timer.o(.ARM.exidx.text.MCAL_Timer_Stop) refers to timer.o(.text.MCAL_Timer_Stop) for [Anonymous Symbol]
    timer.o(.text.MCAL_Timer_IntClear) refers to timer.o(i.TimerIntClear) for TimerIntClear
    timer.o(.ARM.exidx.text.MCAL_Timer_IntClear) refers to timer.o(.text.MCAL_Timer_IntClear) for [Anonymous Symbol]
    timer.o(.text.MCAL_Timer_Int_handler) refers to interrupt.o(i.IntRegister) for IntRegister
    timer.o(.ARM.exidx.text.MCAL_Timer_Int_handler) refers to timer.o(.text.MCAL_Timer_Int_handler) for [Anonymous Symbol]
    rcc.o(.text.MCAL_RCC_SysCtlClockInternal) refers to sysctl.o(i.SysCtlClockSet) for SysCtlClockSet
    rcc.o(.ARM.exidx.text.MCAL_RCC_SysCtlClockInternal) refers to rcc.o(.text.MCAL_RCC_SysCtlClockInternal) for [Anonymous Symbol]
    rcc.o(.text.MCAL_RCC_SysCtlClockExternal) refers to sysctl.o(i.SysCtlClockSet) for SysCtlClockSet
    rcc.o(.ARM.exidx.text.MCAL_RCC_SysCtlClockExternal) refers to rcc.o(.text.MCAL_RCC_SysCtlClockExternal) for [Anonymous Symbol]
    pwm.o(.text.MCAL_PWM_Inti) refers to sysctl.o(i.SysCtlPeripheralEnable) for SysCtlPeripheralEnable
    pwm.o(.text.MCAL_PWM_Inti) refers to gpio.o(i.GPIOUnlockPin) for GPIOUnlockPin
    pwm.o(.text.MCAL_PWM_Inti) refers to sysctl.o(i.SysCtlPeripheralReady) for SysCtlPeripheralReady
    pwm.o(.text.MCAL_PWM_Inti) refers to gpio.o(i.GPIOPinTypePWM) for GPIOPinTypePWM
    pwm.o(.text.MCAL_PWM_Inti) refers to sysctl.o(i.SysCtlPWMClockSet) for SysCtlPWMClockSet
    pwm.o(.text.MCAL_PWM_Inti) refers to gpio.o(i.GPIOPinConfigure) for GPIOPinConfigure
    pwm.o(.text.MCAL_PWM_Inti) refers to pwm.o(i.PWMGenConfigure) for PWMGenConfigure
    pwm.o(.text.MCAL_PWM_Inti) refers to pwm.o(i.PWMGenPeriodSet) for PWMGenPeriodSet
    pwm.o(.text.MCAL_PWM_Inti) refers to pwm.o(i.PWMGenEnable) for PWMGenEnable
    pwm.o(.ARM.exidx.text.MCAL_PWM_Inti) refers to pwm.o(.text.MCAL_PWM_Inti) for [Anonymous Symbol]
    pwm.o(.text.MCAL_PWM_PulseWidthSet) refers to pwm.o(i.PWMPulseWidthSet) for PWMPulseWidthSet
    pwm.o(.ARM.exidx.text.MCAL_PWM_PulseWidthSet) refers to pwm.o(.text.MCAL_PWM_PulseWidthSet) for [Anonymous Symbol]
    pwm.o(.text.MCAL_PWM_Start) refers to pwm.o(i.PWMOutputState) for PWMOutputState
    pwm.o(.ARM.exidx.text.MCAL_PWM_Start) refers to pwm.o(.text.MCAL_PWM_Start) for [Anonymous Symbol]
    pwm.o(.text.MCAL_PWM_Stop) refers to pwm.o(i.PWMOutputState) for PWMOutputState
    pwm.o(.ARM.exidx.text.MCAL_PWM_Stop) refers to pwm.o(.text.MCAL_PWM_Stop) for [Anonymous Symbol]
    gpio.o(.text.MCAL_GPIO_Pin_Init) refers to sysctl.o(i.SysCtlPeripheralEnable) for SysCtlPeripheralEnable
    gpio.o(.text.MCAL_GPIO_Pin_Init) refers to gpio.o(i.GPIOUnlockPin) for GPIOUnlockPin
    gpio.o(.text.MCAL_GPIO_Pin_Init) refers to sysctl.o(i.SysCtlPeripheralReady) for SysCtlPeripheralReady
    gpio.o(.text.MCAL_GPIO_Pin_Init) refers to gpio.o(i.GPIOPadConfigSet) for GPIOPadConfigSet
    gpio.o(.text.MCAL_GPIO_Pin_Init) refers to gpio.o(i.GPIODirModeSet) for GPIODirModeSet
    gpio.o(.text.MCAL_GPIO_Pin_Init) refers to gpio.o(i.GPIOPinWrite) for GPIOPinWrite
    gpio.o(.ARM.exidx.text.MCAL_GPIO_Pin_Init) refers to gpio.o(.text.MCAL_GPIO_Pin_Init) for [Anonymous Symbol]
    gpio.o(.text.MCAL_GPIO_Pin_Write) refers to gpio.o(i.GPIOPinWrite) for GPIOPinWrite
    gpio.o(.text.MCAL_GPIO_Pin_Write) refers to gpio.o(i.GPIOPinRead) for GPIOPinRead
    gpio.o(.ARM.exidx.text.MCAL_GPIO_Pin_Write) refers to gpio.o(.text.MCAL_GPIO_Pin_Write) for [Anonymous Symbol]
    gpio.o(.text.MCAL_GPIO_Pin_Read) refers to gpio.o(i.GPIOPinRead) for GPIOPinRead
    gpio.o(.ARM.exidx.text.MCAL_GPIO_Pin_Read) refers to gpio.o(.text.MCAL_GPIO_Pin_Read) for [Anonymous Symbol]
    gpio.o(.text.MCAL_GPIO_Int_Config) refers to interrupt.o(i.IntMasterDisable) for IntMasterDisable
    gpio.o(.text.MCAL_GPIO_Int_Config) refers to gpio.o(i.GPIOIntClear) for GPIOIntClear
    gpio.o(.text.MCAL_GPIO_Int_Config) refers to interrupt.o(i.IntRegister) for IntRegister
    gpio.o(.text.MCAL_GPIO_Int_Config) refers to gpio.o(i.GPIOIntTypeSet) for GPIOIntTypeSet
    gpio.o(.text.MCAL_GPIO_Int_Config) refers to interrupt.o(i.IntPrioritySet) for IntPrioritySet
    gpio.o(.text.MCAL_GPIO_Int_Config) refers to gpio.o(i.GPIOIntEnable) for GPIOIntEnable
    gpio.o(.text.MCAL_GPIO_Int_Config) refers to interrupt.o(i.IntEnable) for IntEnable
    gpio.o(.text.MCAL_GPIO_Int_Config) refers to interrupt.o(i.IntMasterEnable) for IntMasterEnable
    gpio.o(.ARM.exidx.text.MCAL_GPIO_Int_Config) refers to gpio.o(.text.MCAL_GPIO_Int_Config) for [Anonymous Symbol]
    lcd.o(.text.lcdEnable) refers to gpio.o(i.GPIOPinWrite) for GPIOPinWrite
    lcd.o(.text.lcdEnable) refers to delay.o(.text.MCAL_DelayUs) for MCAL_DelayUs
    lcd.o(.ARM.exidx.text.lcdEnable) refers to lcd.o(.text.lcdEnable) for [Anonymous Symbol]
    lcd.o(.text.lcdWriteData) refers to lcd.o(.bss.data8Bit) for data8Bit
    lcd.o(.text.lcdWriteData) refers to gpio.o(i.GPIOPinWrite) for GPIOPinWrite
    lcd.o(.text.lcdWriteData) refers to lcd.o(.text.lcdEnable) for lcdEnable
    lcd.o(.ARM.exidx.text.lcdWriteData) refers to lcd.o(.text.lcdWriteData) for [Anonymous Symbol]
    lcd.o(.text.lcdWriteCommand) refers to gpio.o(i.GPIOPinWrite) for GPIOPinWrite
    lcd.o(.text.lcdWriteCommand) refers to lcd.o(.text.lcdWriteData) for lcdWriteData
    lcd.o(.text.lcdWriteCommand) refers to delay.o(.text.MCAL_DelayMs) for MCAL_DelayMs
    lcd.o(.ARM.exidx.text.lcdWriteCommand) refers to lcd.o(.text.lcdWriteCommand) for [Anonymous Symbol]
    lcd.o(.text.lcdWriteChar) refers to gpio.o(i.GPIOPinWrite) for GPIOPinWrite
    lcd.o(.text.lcdWriteChar) refers to lcd.o(.text.lcdWriteData) for lcdWriteData
    lcd.o(.text.lcdWriteChar) refers to delay.o(.text.MCAL_DelayUs) for MCAL_DelayUs
    lcd.o(.ARM.exidx.text.lcdWriteChar) refers to lcd.o(.text.lcdWriteChar) for [Anonymous Symbol]
    lcd.o(.text.lcdWriteString) refers to lcd.o(.text.lcdWriteChar) for lcdWriteChar
    lcd.o(.ARM.exidx.text.lcdWriteString) refers to lcd.o(.text.lcdWriteString) for [Anonymous Symbol]
    lcd.o(.text.lcdClear) refers to lcd.o(.text.lcdWriteCommand) for lcdWriteCommand
    lcd.o(.ARM.exidx.text.lcdClear) refers to lcd.o(.text.lcdClear) for [Anonymous Symbol]
    lcd.o(.text.lcdClearAndWriteString) refers to lcd.o(.text.lcdClear) for lcdClear
    lcd.o(.text.lcdClearAndWriteString) refers to lcd.o(.text.lcdWriteString) for lcdWriteString
    lcd.o(.ARM.exidx.text.lcdClearAndWriteString) refers to lcd.o(.text.lcdClearAndWriteString) for [Anonymous Symbol]
    lcd.o(.text.lcdGoToXY) refers to lcd.o(.text.lcdWriteCommand) for lcdWriteCommand
    lcd.o(.ARM.exidx.text.lcdGoToXY) refers to lcd.o(.text.lcdGoToXY) for [Anonymous Symbol]
    lcd.o(.text.lcdInit) refers to sysctl.o(i.SysCtlGPIOAHBEnable) for SysCtlGPIOAHBEnable
    lcd.o(.text.lcdInit) refers to sysctl.o(i.SysCtlPeripheralEnable) for SysCtlPeripheralEnable
    lcd.o(.text.lcdInit) refers to sysctl.o(i.SysCtlPeripheralReady) for SysCtlPeripheralReady
    lcd.o(.text.lcdInit) refers to gpio.o(i.GPIOPinTypeGPIOOutput) for GPIOPinTypeGPIOOutput
    lcd.o(.text.lcdInit) refers to lcd.o(.bss.data8Bit) for data8Bit
    lcd.o(.text.lcdInit) refers to delay.o(.text.MCAL_DelayMs) for MCAL_DelayMs
    lcd.o(.text.lcdInit) refers to lcd.o(.text.lcdWriteCommand) for lcdWriteCommand
    lcd.o(.ARM.exidx.text.lcdInit) refers to lcd.o(.text.lcdInit) for [Anonymous Symbol]
    ultrasonic.o(.text.HAL_Ultra_Inti) refers to gpio.o(.text.MCAL_GPIO_Pin_Init) for MCAL_GPIO_Pin_Init
    ultrasonic.o(.text.HAL_Ultra_Inti) refers to timer.o(.text.MCAL_Timer_Inti_CAP) for MCAL_Timer_Inti_CAP
    ultrasonic.o(.text.HAL_Ultra_Inti) refers to timer.o(.text.MCAL_Timer_SET_PRESCALLER) for MCAL_Timer_SET_PRESCALLER
    ultrasonic.o(.text.HAL_Ultra_Inti) refers to timer.o(.text.MCAL_Timer_SET_EVENT) for MCAL_Timer_SET_EVENT
    ultrasonic.o(.ARM.exidx.text.HAL_Ultra_Inti) refers to ultrasonic.o(.text.HAL_Ultra_Inti) for [Anonymous Symbol]
    ultrasonic.o(.text.HAL_Ultra_Dist) refers to timer.o(.text.MCAL_Timer_SET_LOAD) for MCAL_Timer_SET_LOAD
    ultrasonic.o(.text.HAL_Ultra_Dist) refers to gpio.o(.text.MCAL_GPIO_Pin_Write) for MCAL_GPIO_Pin_Write
    ultrasonic.o(.text.HAL_Ultra_Dist) refers to delay.o(.text.MCAL_DelayUs) for MCAL_DelayUs
    ultrasonic.o(.text.HAL_Ultra_Dist) refers to timer.o(.text.MCAL_Timer_Start) for MCAL_Timer_Start
    ultrasonic.o(.text.HAL_Ultra_Dist) refers to gpio.o(.text.MCAL_GPIO_Pin_Read) for MCAL_GPIO_Pin_Read
    ultrasonic.o(.text.HAL_Ultra_Dist) refers to timer.o(.text.MCAL_Timer_IntClear) for MCAL_Timer_IntClear
    ultrasonic.o(.text.HAL_Ultra_Dist) refers to timer.o(.text.MCAL_Timer_GET_VALUE) for MCAL_Timer_GET_VALUE
    ultrasonic.o(.text.HAL_Ultra_Dist) refers to timer.o(.text.MCAL_Timer_Stop) for MCAL_Timer_Stop
    ultrasonic.o(.text.HAL_Ultra_Dist) refers to sysctl.o(i.SysCtlClockGet) for SysCtlClockGet
    ultrasonic.o(.ARM.exidx.text.HAL_Ultra_Dist) refers to ultrasonic.o(.text.HAL_Ultra_Dist) for [Anonymous Symbol]
    ultrasonic_config.o(.data.ultra1) refers to gpio_config.o(.rodata.PA6) for PA6
    ultrasonic_config.o(.data.ultra1) refers to gpio_config.o(.rodata.PB4) for PB4
    ultrasonic_config.o(.data.ultra1) refers to timer_config.o(.data.timer1A) for timer1A
    ultrasonic_config.o(.data.ultra2) refers to gpio_config.o(.rodata.PA6) for PA6
    ultrasonic_config.o(.data.ultra2) refers to gpio_config.o(.rodata.PB5) for PB5
    ultrasonic_config.o(.data.ultra2) refers to timer_config.o(.data.timer1B) for timer1B
    startup_tm4c123.o(RESET) refers to startup_tm4c123.o(STACK) for __initial_sp
    startup_tm4c123.o(RESET) refers to startup_tm4c123.o(.text) for Reset_Handler
    startup_tm4c123.o(.text) refers to system_tm4c123.o(.text.SystemInit) for SystemInit
    startup_tm4c123.o(.text) refers to entry.o(.ARM.Collect$$$$00000000) for __main
    system_tm4c123.o(.text.SystemCoreClockUpdate) refers to system_tm4c123.o(.text.getOscClk) for getOscClk
    system_tm4c123.o(.text.SystemCoreClockUpdate) refers to system_tm4c123.o(.data.SystemCoreClock) for SystemCoreClock
    system_tm4c123.o(.ARM.exidx.text.SystemCoreClockUpdate) refers to system_tm4c123.o(.text.SystemCoreClockUpdate) for [Anonymous Symbol]
    system_tm4c123.o(.ARM.exidx.text.getOscClk) refers to system_tm4c123.o(.text.getOscClk) for [Anonymous Symbol]
    system_tm4c123.o(.ARM.exidx.text.SystemInit) refers to system_tm4c123.o(.text.SystemInit) for [Anonymous Symbol]
    gpio.o(i.GPIOIntRegister) refers to gpio.o(i._GPIOIntNumberGet) for _GPIOIntNumberGet
    gpio.o(i.GPIOIntRegister) refers to interrupt.o(i.IntRegister) for IntRegister
    gpio.o(i.GPIOIntRegister) refers to interrupt.o(i.IntEnable) for IntEnable
    gpio.o(i.GPIOIntRegisterPin) refers to gpio.o(i._GPIOIntNumberGet) for _GPIOIntNumberGet
    gpio.o(i.GPIOIntRegisterPin) refers to interrupt.o(i.IntRegister) for IntRegister
    gpio.o(i.GPIOIntRegisterPin) refers to interrupt.o(i.IntEnable) for IntEnable
    gpio.o(i.GPIOIntUnregister) refers to gpio.o(i._GPIOIntNumberGet) for _GPIOIntNumberGet
    gpio.o(i.GPIOIntUnregister) refers to interrupt.o(i.IntDisable) for IntDisable
    gpio.o(i.GPIOIntUnregister) refers to interrupt.o(i.IntUnregister) for IntUnregister
    gpio.o(i.GPIOIntUnregisterPin) refers to gpio.o(i._GPIOIntNumberGet) for _GPIOIntNumberGet
    gpio.o(i.GPIOIntUnregisterPin) refers to interrupt.o(i.IntDisable) for IntDisable
    gpio.o(i.GPIOIntUnregisterPin) refers to interrupt.o(i.IntUnregister) for IntUnregister
    gpio.o(i.GPIOPinConfigure) refers to gpio.o(.constdata) for .constdata
    gpio.o(i.GPIOPinTypeADC) refers to gpio.o(i.GPIODirModeSet) for GPIODirModeSet
    gpio.o(i.GPIOPinTypeADC) refers to gpio.o(i.GPIOPadConfigSet) for GPIOPadConfigSet
    gpio.o(i.GPIOPinTypeCAN) refers to gpio.o(i.GPIODirModeSet) for GPIODirModeSet
    gpio.o(i.GPIOPinTypeCAN) refers to gpio.o(i.GPIOPadConfigSet) for GPIOPadConfigSet
    gpio.o(i.GPIOPinTypeComparator) refers to gpio.o(i.GPIODirModeSet) for GPIODirModeSet
    gpio.o(i.GPIOPinTypeComparator) refers to gpio.o(i.GPIOPadConfigSet) for GPIOPadConfigSet
    gpio.o(i.GPIOPinTypeComparatorOutput) refers to gpio.o(i.GPIODirModeSet) for GPIODirModeSet
    gpio.o(i.GPIOPinTypeComparatorOutput) refers to gpio.o(i.GPIOPadConfigSet) for GPIOPadConfigSet
    gpio.o(i.GPIOPinTypeDIVSCLK) refers to gpio.o(i.GPIODirModeSet) for GPIODirModeSet
    gpio.o(i.GPIOPinTypeDIVSCLK) refers to gpio.o(i.GPIOPadConfigSet) for GPIOPadConfigSet
    gpio.o(i.GPIOPinTypeEPI) refers to gpio.o(i.GPIODirModeSet) for GPIODirModeSet
    gpio.o(i.GPIOPinTypeEPI) refers to gpio.o(i.GPIOPadConfigSet) for GPIOPadConfigSet
    gpio.o(i.GPIOPinTypeEthernetLED) refers to gpio.o(i.GPIODirModeSet) for GPIODirModeSet
    gpio.o(i.GPIOPinTypeEthernetLED) refers to gpio.o(i.GPIOPadConfigSet) for GPIOPadConfigSet
    gpio.o(i.GPIOPinTypeEthernetMII) refers to gpio.o(i.GPIODirModeSet) for GPIODirModeSet
    gpio.o(i.GPIOPinTypeEthernetMII) refers to gpio.o(i.GPIOPadConfigSet) for GPIOPadConfigSet
    gpio.o(i.GPIOPinTypeGPIOInput) refers to gpio.o(i.GPIODirModeSet) for GPIODirModeSet
    gpio.o(i.GPIOPinTypeGPIOInput) refers to gpio.o(i.GPIOPadConfigSet) for GPIOPadConfigSet
    gpio.o(i.GPIOPinTypeGPIOOutput) refers to gpio.o(i.GPIOPadConfigSet) for GPIOPadConfigSet
    gpio.o(i.GPIOPinTypeGPIOOutput) refers to gpio.o(i.GPIODirModeSet) for GPIODirModeSet
    gpio.o(i.GPIOPinTypeGPIOOutputOD) refers to gpio.o(i.GPIOPadConfigSet) for GPIOPadConfigSet
    gpio.o(i.GPIOPinTypeGPIOOutputOD) refers to gpio.o(i.GPIODirModeSet) for GPIODirModeSet
    gpio.o(i.GPIOPinTypeHibernateRTCCLK) refers to gpio.o(i.GPIODirModeSet) for GPIODirModeSet
    gpio.o(i.GPIOPinTypeHibernateRTCCLK) refers to gpio.o(i.GPIOPadConfigSet) for GPIOPadConfigSet
    gpio.o(i.GPIOPinTypeI2C) refers to gpio.o(i.GPIODirModeSet) for GPIODirModeSet
    gpio.o(i.GPIOPinTypeI2C) refers to gpio.o(i.GPIOPadConfigSet) for GPIOPadConfigSet
    gpio.o(i.GPIOPinTypeI2CSCL) refers to gpio.o(i.GPIODirModeSet) for GPIODirModeSet
    gpio.o(i.GPIOPinTypeI2CSCL) refers to gpio.o(i.GPIOPadConfigSet) for GPIOPadConfigSet
    gpio.o(i.GPIOPinTypeLCD) refers to gpio.o(i.GPIODirModeSet) for GPIODirModeSet
    gpio.o(i.GPIOPinTypeLCD) refers to gpio.o(i.GPIOPadConfigSet) for GPIOPadConfigSet
    gpio.o(i.GPIOPinTypeOneWire) refers to gpio.o(i.GPIODirModeSet) for GPIODirModeSet
    gpio.o(i.GPIOPinTypeOneWire) refers to gpio.o(i.GPIOPadConfigSet) for GPIOPadConfigSet
    gpio.o(i.GPIOPinTypePWM) refers to gpio.o(i.GPIODirModeSet) for GPIODirModeSet
    gpio.o(i.GPIOPinTypePWM) refers to gpio.o(i.GPIOPadConfigSet) for GPIOPadConfigSet
    gpio.o(i.GPIOPinTypeQEI) refers to gpio.o(i.GPIODirModeSet) for GPIODirModeSet
    gpio.o(i.GPIOPinTypeQEI) refers to gpio.o(i.GPIOPadConfigSet) for GPIOPadConfigSet
    gpio.o(i.GPIOPinTypeSSI) refers to gpio.o(i.GPIODirModeSet) for GPIODirModeSet
    gpio.o(i.GPIOPinTypeSSI) refers to gpio.o(i.GPIOPadConfigSet) for GPIOPadConfigSet
    gpio.o(i.GPIOPinTypeTimer) refers to gpio.o(i.GPIODirModeSet) for GPIODirModeSet
    gpio.o(i.GPIOPinTypeTimer) refers to gpio.o(i.GPIOPadConfigSet) for GPIOPadConfigSet
    gpio.o(i.GPIOPinTypeTrace) refers to gpio.o(i.GPIODirModeSet) for GPIODirModeSet
    gpio.o(i.GPIOPinTypeTrace) refers to gpio.o(i.GPIOPadConfigSet) for GPIOPadConfigSet
    gpio.o(i.GPIOPinTypeUART) refers to gpio.o(i.GPIODirModeSet) for GPIODirModeSet
    gpio.o(i.GPIOPinTypeUART) refers to gpio.o(i.GPIOPadConfigSet) for GPIOPadConfigSet
    gpio.o(i.GPIOPinTypeUSBAnalog) refers to gpio.o(i.GPIODirModeSet) for GPIODirModeSet
    gpio.o(i.GPIOPinTypeUSBAnalog) refers to gpio.o(i.GPIOPadConfigSet) for GPIOPadConfigSet
    gpio.o(i.GPIOPinTypeUSBDigital) refers to gpio.o(i.GPIODirModeSet) for GPIODirModeSet
    gpio.o(i.GPIOPinTypeUSBDigital) refers to gpio.o(i.GPIOPadConfigSet) for GPIOPadConfigSet
    gpio.o(i.GPIOPinTypeWakeHigh) refers to gpio.o(i.GPIODirModeSet) for GPIODirModeSet
    gpio.o(i.GPIOPinTypeWakeHigh) refers to gpio.o(i.GPIOPadConfigSet) for GPIOPadConfigSet
    gpio.o(i.GPIOPinTypeWakeLow) refers to gpio.o(i.GPIODirModeSet) for GPIODirModeSet
    gpio.o(i.GPIOPinTypeWakeLow) refers to gpio.o(i.GPIOPadConfigSet) for GPIOPadConfigSet
    gpio.o(i._GPIOIntNumberGet) refers to gpio.o(.constdata) for .constdata
    interrupt.o(i.IntDisable) refers to interrupt.o(.constdata) for .constdata
    interrupt.o(i.IntEnable) refers to interrupt.o(.constdata) for .constdata
    interrupt.o(i.IntIsEnabled) refers to interrupt.o(.constdata) for .constdata
    interrupt.o(i.IntMasterDisable) refers to cpu.o(.emb_text) for CPUcpsid
    interrupt.o(i.IntMasterEnable) refers to cpu.o(.emb_text) for CPUcpsie
    interrupt.o(i.IntPendClear) refers to interrupt.o(.constdata) for .constdata
    interrupt.o(i.IntPendSet) refers to interrupt.o(.constdata) for .constdata
    interrupt.o(i.IntPriorityGet) refers to interrupt.o(.constdata) for .constdata
    interrupt.o(i.IntPriorityGroupingGet) refers to interrupt.o(.constdata) for .constdata
    interrupt.o(i.IntPriorityGroupingSet) refers to interrupt.o(.constdata) for .constdata
    interrupt.o(i.IntPriorityMaskGet) refers to cpu.o(.emb_text) for CPUbasepriGet
    interrupt.o(i.IntPriorityMaskSet) refers to cpu.o(.emb_text) for CPUbasepriSet
    interrupt.o(i.IntPrioritySet) refers to interrupt.o(.constdata) for .constdata
    interrupt.o(i.IntRegister) refers to interrupt.o(vtable) for vtable
    interrupt.o(i.IntUnregister) refers to interrupt.o(i._IntDefaultHandler) for _IntDefaultHandler
    interrupt.o(i.IntUnregister) refers to interrupt.o(vtable) for vtable
    pwm.o(i.PWMFaultIntRegister) refers to interrupt.o(i.IntRegister) for IntRegister
    pwm.o(i.PWMFaultIntRegister) refers to interrupt.o(i.IntEnable) for IntEnable
    pwm.o(i.PWMFaultIntUnregister) refers to interrupt.o(i.IntDisable) for IntDisable
    pwm.o(i.PWMFaultIntUnregister) refers to interrupt.o(i.IntUnregister) for IntUnregister
    pwm.o(i.PWMGenIntRegister) refers to pwm.o(i._PWMGenIntNumberGet) for _PWMGenIntNumberGet
    pwm.o(i.PWMGenIntRegister) refers to interrupt.o(i.IntRegister) for IntRegister
    pwm.o(i.PWMGenIntRegister) refers to interrupt.o(i.IntEnable) for IntEnable
    pwm.o(i.PWMGenIntUnregister) refers to pwm.o(i._PWMGenIntNumberGet) for _PWMGenIntNumberGet
    pwm.o(i.PWMGenIntUnregister) refers to interrupt.o(i.IntDisable) for IntDisable
    pwm.o(i.PWMGenIntUnregister) refers to interrupt.o(i.IntUnregister) for IntUnregister
    sysctl.o(i.SysCtlClockFreqSet) refers to sysctl.o(.constdata) for .constdata
    sysctl.o(i.SysCtlClockGet) refers to sysctl.o(.constdata) for .constdata
    sysctl.o(i.SysCtlClockSet) refers to sysctl.o(.emb_text) for SysCtlDelay
    sysctl.o(i.SysCtlDeepSleep) refers to cpu.o(.emb_text) for CPUwfi
    sysctl.o(i.SysCtlIntRegister) refers to interrupt.o(i.IntRegister) for IntRegister
    sysctl.o(i.SysCtlIntRegister) refers to interrupt.o(i.IntEnable) for IntEnable
    sysctl.o(i.SysCtlIntUnregister) refers to interrupt.o(i.IntDisable) for IntDisable
    sysctl.o(i.SysCtlIntUnregister) refers to interrupt.o(i.IntUnregister) for IntUnregister
    sysctl.o(i.SysCtlSleep) refers to cpu.o(.emb_text) for CPUwfi
    sysctl.o(i.SysCtlVCOGet) refers to sysctl.o(.constdata) for .constdata
    timer.o(i.TimerIntRegister) refers to interrupt.o(i.IntRegister) for IntRegister
    timer.o(i.TimerIntRegister) refers to interrupt.o(i.IntEnable) for IntEnable
    timer.o(i.TimerIntRegister) refers to timer.o(.constdata) for .constdata
    timer.o(i.TimerIntUnregister) refers to interrupt.o(i.IntDisable) for IntDisable
    timer.o(i.TimerIntUnregister) refers to interrupt.o(i.IntUnregister) for IntUnregister
    timer.o(i.TimerIntUnregister) refers to timer.o(.constdata) for .constdata
    delay.o(.text.MCAL_DelayMs) refers to sysctl.o(i.SysCtlClockGet) for SysCtlClockGet
    delay.o(.text.MCAL_DelayMs) refers to sysctl.o(.emb_text) for SysCtlDelay
    delay.o(.ARM.exidx.text.MCAL_DelayMs) refers to delay.o(.text.MCAL_DelayMs) for [Anonymous Symbol]
    delay.o(.text.MCAL_DelayUs) refers to sysctl.o(i.SysCtlClockGet) for SysCtlClockGet
    delay.o(.text.MCAL_DelayUs) refers to sysctl.o(.emb_text) for SysCtlDelay
    delay.o(.ARM.exidx.text.MCAL_DelayUs) refers to delay.o(.text.MCAL_DelayUs) for [Anonymous Symbol]
    entry.o(.ARM.Collect$$$$00000000) refers (Special) to entry10a.o(.ARM.Collect$$$$0000000D) for __rt_final_cpp
    entry.o(.ARM.Collect$$$$00000000) refers (Special) to entry11a.o(.ARM.Collect$$$$0000000F) for __rt_final_exit
    entry.o(.ARM.Collect$$$$00000000) refers (Special) to entry7b.o(.ARM.Collect$$$$00000008) for _main_clock
    entry.o(.ARM.Collect$$$$00000000) refers (Special) to entry8b.o(.ARM.Collect$$$$0000000A) for _main_cpp_init
    entry.o(.ARM.Collect$$$$00000000) refers (Special) to entry9a.o(.ARM.Collect$$$$0000000B) for _main_init
    entry.o(.ARM.Collect$$$$00000000) refers (Special) to entry5.o(.ARM.Collect$$$$00000004) for _main_scatterload
    entry.o(.ARM.Collect$$$$00000000) refers (Special) to entry2.o(.ARM.Collect$$$$00000001) for _main_stk
    entry2.o(.ARM.Collect$$$$00000001) refers to entry2.o(.ARM.Collect$$$$00002712) for __lit__00000000
    entry2.o(.ARM.Collect$$$$00002712) refers to startup_tm4c123.o(STACK) for __initial_sp
    entry2.o(__vectab_stack_and_reset_area) refers to startup_tm4c123.o(STACK) for __initial_sp
    entry2.o(__vectab_stack_and_reset_area) refers to entry.o(.ARM.Collect$$$$00000000) for __main
    entry5.o(.ARM.Collect$$$$00000004) refers to init.o(.text) for __scatterload
    entry9a.o(.ARM.Collect$$$$0000000B) refers to app.o(.text.main) for main
    entry9b.o(.ARM.Collect$$$$0000000C) refers to app.o(.text.main) for main
    init.o(.text) refers to entry5.o(.ARM.Collect$$$$00000004) for __main_after_scatterload


==============================================================================

Removing Unused input sections from the image.

    Removing app.o(.text), (0 bytes).
    Removing app.o(.ARM.exidx.text.main), (8 bytes).
    Removing app.o(.bss.counter), (2 bytes).
    Removing app.o(.bss.receive), (1 bytes).
    Removing app.o(.bss.key), (1 bytes).
    Removing app.o(.bss.mesg), (20 bytes).
    Removing app.o(.ARM.use_no_argv), (4 bytes).
    Removing gpio_config.o(.text), (0 bytes).
    Removing gpio_config.o(.rodata.pin_red), (20 bytes).
    Removing gpio_config.o(.rodata.pin_blue), (20 bytes).
    Removing gpio_config.o(.rodata.pin_green), (20 bytes).
    Removing gpio_config.o(.rodata.trig_pin), (20 bytes).
    Removing gpio_config.o(.rodata.echo_pin), (20 bytes).
    Removing gpio_config.o(.rodata.PA2), (20 bytes).
    Removing gpio_config.o(.rodata.PA3), (20 bytes).
    Removing gpio_config.o(.rodata.PA4), (20 bytes).
    Removing gpio_config.o(.rodata.PA5), (20 bytes).
    Removing gpio_config.o(.rodata.PA6), (20 bytes).
    Removing gpio_config.o(.rodata.PA7), (20 bytes).
    Removing gpio_config.o(.rodata.PB0), (20 bytes).
    Removing gpio_config.o(.rodata.PB1), (20 bytes).
    Removing gpio_config.o(.rodata.PB4), (20 bytes).
    Removing gpio_config.o(.rodata.PB5), (20 bytes).
    Removing gpio_config.o(.rodata.PB6), (20 bytes).
    Removing gpio_config.o(.rodata.PB7), (20 bytes).
    Removing gpio_config.o(.rodata.PC4), (20 bytes).
    Removing gpio_config.o(.rodata.PC5), (20 bytes).
    Removing gpio_config.o(.rodata.PC6), (20 bytes).
    Removing gpio_config.o(.rodata.PC7), (20 bytes).
    Removing gpio_config.o(.rodata.PD0), (20 bytes).
    Removing gpio_config.o(.rodata.PD1), (20 bytes).
    Removing gpio_config.o(.rodata.PD2), (20 bytes).
    Removing gpio_config.o(.rodata.PD3), (20 bytes).
    Removing gpio_config.o(.rodata.PD6), (20 bytes).
    Removing gpio_config.o(.rodata.PD7), (20 bytes).
    Removing gpio_config.o(.rodata.PE0), (20 bytes).
    Removing gpio_config.o(.rodata.PE1), (20 bytes).
    Removing gpio_config.o(.rodata.PE2), (20 bytes).
    Removing gpio_config.o(.rodata.PE3), (20 bytes).
    Removing gpio_config.o(.rodata.PE4), (20 bytes).
    Removing gpio_config.o(.rodata.PE5), (20 bytes).
    Removing gpio_config.o(.rodata.PF0), (20 bytes).
    Removing gpio_config.o(.rodata.PF1), (20 bytes).
    Removing gpio_config.o(.rodata.PF2), (20 bytes).
    Removing gpio_config.o(.rodata.PF3), (20 bytes).
    Removing gpio_config.o(.rodata.PF4), (20 bytes).
    Removing rcc_config.o(.text), (0 bytes).
    Removing rcc_config.o(.rodata.RCC_config80), (16 bytes).
    Removing rcc_config.o(.rodata.RCC_config40), (16 bytes).
    Removing rcc_config.o(.rodata.RCC_config50), (16 bytes).
    Removing rcc_config.o(.rodata.RCC_config66), (16 bytes).
    Removing rcc_config.o(.rodata.RCC_configInt16), (12 bytes).
    Removing timer_config.o(.text), (0 bytes).
    Removing timer_config.o(.data.timer0A), (56 bytes).
    Removing timer_config.o(.data.timer0B), (56 bytes).
    Removing timer_config.o(.data.timer1A), (56 bytes).
    Removing timer_config.o(.data.timer1B), (56 bytes).
    Removing timer_config.o(.data.timer2A), (56 bytes).
    Removing timer_config.o(.data.timer2B), (56 bytes).
    Removing timer_config.o(.data.wtimer2A), (56 bytes).
    Removing timer_config.o(.data.wtimer2B), (56 bytes).
    Removing timer_config.o(.data.wtimer3A), (56 bytes).
    Removing timer_config.o(.data.wtimer3B), (56 bytes).
    Removing timer_config.o(.data.wtimer4A), (56 bytes).
    Removing pwm_config.o(.text), (0 bytes).
    Removing pwm_config.o(.data.pwm_out), (44 bytes).
    Removing pwm_config.o(.data.PA6_M1PWM2), (44 bytes).
    Removing pwm_config.o(.data.PA7_M1PWM3), (44 bytes).
    Removing pwm_config.o(.data.PB4_M0PWM2), (44 bytes).
    Removing pwm_config.o(.data.PB5_M0PWM3), (44 bytes).
    Removing pwm_config.o(.data.PB6_M0PWM0), (44 bytes).
    Removing pwm_config.o(.data.PB7_M0PWM1), (44 bytes).
    Removing pwm_config.o(.data.PD0_M0PWM6), (44 bytes).
    Removing pwm_config.o(.data.PD0_M1PWM0), (44 bytes).
    Removing pwm_config.o(.data.PD1_M0PWM7), (44 bytes).
    Removing pwm_config.o(.data.PD1_M1PWM1), (44 bytes).
    Removing pwm_config.o(.data.PE4_M0PWM4), (44 bytes).
    Removing pwm_config.o(.data.PE4_M1PWM2), (44 bytes).
    Removing pwm_config.o(.data.PE5_M0PWM5), (44 bytes).
    Removing pwm_config.o(.data.PE5_M1PWM3), (44 bytes).
    Removing pwm_config.o(.data.PF0_M1PWM4), (44 bytes).
    Removing pwm_config.o(.data.PF1_M1PWM5), (44 bytes).
    Removing pwm_config.o(.data.PF2_M1PWM6), (44 bytes).
    Removing timer.o(.text), (0 bytes).
    Removing timer.o(.text.MCAL_Timer_Inti), (150 bytes).
    Removing timer.o(.ARM.exidx.text.MCAL_Timer_Inti), (8 bytes).
    Removing timer.o(.text.MCAL_Timer_Inti_CAP), (348 bytes).
    Removing timer.o(.ARM.exidx.text.MCAL_Timer_Inti_CAP), (8 bytes).
    Removing timer.o(.text.MCAL_Timer_SET_PRESCALLER), (48 bytes).
    Removing timer.o(.ARM.exidx.text.MCAL_Timer_SET_PRESCALLER), (8 bytes).
    Removing timer.o(.text.MCAL_Timer_SET_MATCH), (48 bytes).
    Removing timer.o(.ARM.exidx.text.MCAL_Timer_SET_MATCH), (8 bytes).
    Removing timer.o(.text.MCAL_Timer_SET_EVENT), (50 bytes).
    Removing timer.o(.ARM.exidx.text.MCAL_Timer_SET_EVENT), (8 bytes).
    Removing timer.o(.text.MCAL_Timer_SET_LOAD), (48 bytes).
    Removing timer.o(.ARM.exidx.text.MCAL_Timer_SET_LOAD), (8 bytes).
    Removing timer.o(.text.MCAL_Timer_GET_VALUE), (54 bytes).
    Removing timer.o(.ARM.exidx.text.MCAL_Timer_GET_VALUE), (8 bytes).
    Removing timer.o(.text.MCAL_Timer_Start), (46 bytes).
    Removing timer.o(.ARM.exidx.text.MCAL_Timer_Start), (8 bytes).
    Removing timer.o(.text.MCAL_Timer_Stop), (46 bytes).
    Removing timer.o(.ARM.exidx.text.MCAL_Timer_Stop), (8 bytes).
    Removing timer.o(.text.MCAL_Timer_IntClear), (46 bytes).
    Removing timer.o(.ARM.exidx.text.MCAL_Timer_IntClear), (8 bytes).
    Removing timer.o(.text.MCAL_Timer_Int_handler), (48 bytes).
    Removing timer.o(.ARM.exidx.text.MCAL_Timer_Int_handler), (8 bytes).
    Removing rcc.o(.text), (0 bytes).
    Removing rcc.o(.text.MCAL_RCC_SysCtlClockInternal), (52 bytes).
    Removing rcc.o(.ARM.exidx.text.MCAL_RCC_SysCtlClockInternal), (8 bytes).
    Removing rcc.o(.ARM.exidx.text.MCAL_RCC_SysCtlClockExternal), (8 bytes).
    Removing pwm.o(.text), (0 bytes).
    Removing pwm.o(.ARM.exidx.text.MCAL_PWM_Inti), (8 bytes).
    Removing pwm.o(.ARM.exidx.text.MCAL_PWM_PulseWidthSet), (8 bytes).
    Removing pwm.o(.ARM.exidx.text.MCAL_PWM_Start), (8 bytes).
    Removing pwm.o(.text.MCAL_PWM_Stop), (48 bytes).
    Removing pwm.o(.ARM.exidx.text.MCAL_PWM_Stop), (8 bytes).
    Removing gpio.o(.text), (0 bytes).
    Removing gpio.o(.text.MCAL_GPIO_Pin_Init), (422 bytes).
    Removing gpio.o(.ARM.exidx.text.MCAL_GPIO_Pin_Init), (8 bytes).
    Removing gpio.o(.text.MCAL_GPIO_Pin_Write), (162 bytes).
    Removing gpio.o(.ARM.exidx.text.MCAL_GPIO_Pin_Write), (8 bytes).
    Removing gpio.o(.text.MCAL_GPIO_Pin_Read), (84 bytes).
    Removing gpio.o(.ARM.exidx.text.MCAL_GPIO_Pin_Read), (8 bytes).
    Removing gpio.o(.text.MCAL_GPIO_Int_Config), (106 bytes).
    Removing gpio.o(.ARM.exidx.text.MCAL_GPIO_Int_Config), (8 bytes).
    Removing lcd.o(.text), (0 bytes).
    Removing lcd.o(.text.lcdEnable), (52 bytes).
    Removing lcd.o(.ARM.exidx.text.lcdEnable), (8 bytes).
    Removing lcd.o(.text.lcdWriteData), (106 bytes).
    Removing lcd.o(.ARM.exidx.text.lcdWriteData), (8 bytes).
    Removing lcd.o(.text.lcdWriteCommand), (54 bytes).
    Removing lcd.o(.ARM.exidx.text.lcdWriteCommand), (8 bytes).
    Removing lcd.o(.text.lcdWriteChar), (54 bytes).
    Removing lcd.o(.ARM.exidx.text.lcdWriteChar), (8 bytes).
    Removing lcd.o(.text.lcdWriteString), (36 bytes).
    Removing lcd.o(.ARM.exidx.text.lcdWriteString), (8 bytes).
    Removing lcd.o(.text.lcdClear), (10 bytes).
    Removing lcd.o(.ARM.exidx.text.lcdClear), (8 bytes).
    Removing lcd.o(.text.lcdClearAndWriteString), (20 bytes).
    Removing lcd.o(.ARM.exidx.text.lcdClearAndWriteString), (8 bytes).
    Removing lcd.o(.text.lcdGoToXY), (66 bytes).
    Removing lcd.o(.ARM.exidx.text.lcdGoToXY), (8 bytes).
    Removing lcd.o(.text.lcdInit), (302 bytes).
    Removing lcd.o(.ARM.exidx.text.lcdInit), (8 bytes).
    Removing lcd.o(.bss.data8Bit), (1 bytes).
    Removing ultrasonic.o(.text), (0 bytes).
    Removing ultrasonic.o(.text.HAL_Ultra_Inti), (72 bytes).
    Removing ultrasonic.o(.ARM.exidx.text.HAL_Ultra_Inti), (8 bytes).
    Removing ultrasonic.o(.text.HAL_Ultra_Dist), (206 bytes).
    Removing ultrasonic.o(.ARM.exidx.text.HAL_Ultra_Dist), (8 bytes).
    Removing ultrasonic_config.o(.text), (0 bytes).
    Removing ultrasonic_config.o(.data.ultra1), (12 bytes).
    Removing ultrasonic_config.o(.data.ultra2), (12 bytes).
    Removing startup_tm4c123.o(HEAP), (0 bytes).
    Removing system_tm4c123.o(.text), (0 bytes).
    Removing system_tm4c123.o(.text.SystemCoreClockUpdate), (326 bytes).
    Removing system_tm4c123.o(.ARM.exidx.text.SystemCoreClockUpdate), (8 bytes).
    Removing system_tm4c123.o(.text.getOscClk), (360 bytes).
    Removing system_tm4c123.o(.ARM.exidx.text.getOscClk), (8 bytes).
    Removing system_tm4c123.o(.ARM.exidx.text.SystemInit), (8 bytes).
    Removing system_tm4c123.o(.data.SystemCoreClock), (4 bytes).
    Removing gpio.o(i.GPIOADCTriggerDisable), (14 bytes).
    Removing gpio.o(i.GPIOADCTriggerEnable), (12 bytes).
    Removing gpio.o(i.GPIODMATriggerDisable), (14 bytes).
    Removing gpio.o(i.GPIODMATriggerEnable), (12 bytes).
    Removing gpio.o(i.GPIODirModeGet), (34 bytes).
    Removing gpio.o(i.GPIOIntClear), (6 bytes).
    Removing gpio.o(i.GPIOIntDisable), (14 bytes).
    Removing gpio.o(i.GPIOIntEnable), (12 bytes).
    Removing gpio.o(i.GPIOIntRegister), (26 bytes).
    Removing gpio.o(i.GPIOIntRegisterPin), (30 bytes).
    Removing gpio.o(i.GPIOIntStatus), (14 bytes).
    Removing gpio.o(i.GPIOIntTypeGet), (70 bytes).
    Removing gpio.o(i.GPIOIntTypeSet), (80 bytes).
    Removing gpio.o(i.GPIOIntUnregister), (22 bytes).
    Removing gpio.o(i.GPIOIntUnregisterPin), (26 bytes).
    Removing gpio.o(i.GPIOPadConfigGet), (248 bytes).
    Removing gpio.o(i.GPIOPinRead), (6 bytes).
    Removing gpio.o(i.GPIOPinTypeADC), (28 bytes).
    Removing gpio.o(i.GPIOPinTypeCAN), (28 bytes).
    Removing gpio.o(i.GPIOPinTypeComparator), (28 bytes).
    Removing gpio.o(i.GPIOPinTypeComparatorOutput), (28 bytes).
    Removing gpio.o(i.GPIOPinTypeDIVSCLK), (28 bytes).
    Removing gpio.o(i.GPIOPinTypeEPI), (28 bytes).
    Removing gpio.o(i.GPIOPinTypeEthernetLED), (28 bytes).
    Removing gpio.o(i.GPIOPinTypeEthernetMII), (28 bytes).
    Removing gpio.o(i.GPIOPinTypeGPIOInput), (28 bytes).
    Removing gpio.o(i.GPIOPinTypeGPIOOutput), (28 bytes).
    Removing gpio.o(i.GPIOPinTypeGPIOOutputOD), (28 bytes).
    Removing gpio.o(i.GPIOPinTypeHibernateRTCCLK), (28 bytes).
    Removing gpio.o(i.GPIOPinTypeI2C), (28 bytes).
    Removing gpio.o(i.GPIOPinTypeI2CSCL), (28 bytes).
    Removing gpio.o(i.GPIOPinTypeLCD), (28 bytes).
    Removing gpio.o(i.GPIOPinTypeOneWire), (28 bytes).
    Removing gpio.o(i.GPIOPinTypeQEI), (28 bytes).
    Removing gpio.o(i.GPIOPinTypeSSI), (28 bytes).
    Removing gpio.o(i.GPIOPinTypeTimer), (28 bytes).
    Removing gpio.o(i.GPIOPinTypeTrace), (28 bytes).
    Removing gpio.o(i.GPIOPinTypeUART), (28 bytes).
    Removing gpio.o(i.GPIOPinTypeUSBAnalog), (28 bytes).
    Removing gpio.o(i.GPIOPinTypeUSBDigital), (28 bytes).
    Removing gpio.o(i.GPIOPinTypeWakeHigh), (30 bytes).
    Removing gpio.o(i.GPIOPinTypeWakeLow), (30 bytes).
    Removing gpio.o(i.GPIOPinWakeStatus), (6 bytes).
    Removing gpio.o(i.GPIOPinWrite), (6 bytes).
    Removing gpio.o(i._GPIOIntNumberGet), (80 bytes).
    Removing interrupt.o(i.IntDisable), (100 bytes).
    Removing interrupt.o(i.IntEnable), (100 bytes).
    Removing interrupt.o(i.IntIsEnabled), (96 bytes).
    Removing interrupt.o(i.IntMasterDisable), (14 bytes).
    Removing interrupt.o(i.IntMasterEnable), (14 bytes).
    Removing interrupt.o(i.IntPendClear), (68 bytes).
    Removing interrupt.o(i.IntPendSet), (84 bytes).
    Removing interrupt.o(i.IntPriorityGet), (28 bytes).
    Removing interrupt.o(i.IntPriorityGroupingGet), (36 bytes).
    Removing interrupt.o(i.IntPriorityGroupingSet), (28 bytes).
    Removing interrupt.o(i.IntPriorityMaskGet), (4 bytes).
    Removing interrupt.o(i.IntPriorityMaskSet), (4 bytes).
    Removing interrupt.o(i.IntPrioritySet), (40 bytes).
    Removing interrupt.o(i.IntRegister), (52 bytes).
    Removing interrupt.o(i.IntTrigger), (12 bytes).
    Removing interrupt.o(i.IntUnregister), (20 bytes).
    Removing interrupt.o(i._IntDefaultHandler), (2 bytes).
    Removing interrupt.o(.constdata), (268 bytes).
    Removing interrupt.o(vtable), (620 bytes).
    Removing pwm.o(i.PWMClockGet), (26 bytes).
    Removing pwm.o(i.PWMClockSet), (20 bytes).
    Removing pwm.o(i.PWMDeadBandDisable), (12 bytes).
    Removing pwm.o(i.PWMDeadBandEnable), (16 bytes).
    Removing pwm.o(i.PWMFaultIntClear), (8 bytes).
    Removing pwm.o(i.PWMFaultIntClearExt), (4 bytes).
    Removing pwm.o(i.PWMFaultIntRegister), (92 bytes).
    Removing pwm.o(i.PWMFaultIntUnregister), (84 bytes).
    Removing pwm.o(i.PWMGenDisable), (10 bytes).
    Removing pwm.o(i.PWMGenFaultClear), (18 bytes).
    Removing pwm.o(i.PWMGenFaultConfigure), (18 bytes).
    Removing pwm.o(i.PWMGenFaultStatus), (18 bytes).
    Removing pwm.o(i.PWMGenFaultTriggerGet), (12 bytes).
    Removing pwm.o(i.PWMGenFaultTriggerSet), (12 bytes).
    Removing pwm.o(i.PWMGenIntClear), (6 bytes).
    Removing pwm.o(i.PWMGenIntRegister), (26 bytes).
    Removing pwm.o(i.PWMGenIntStatus), (12 bytes).
    Removing pwm.o(i.PWMGenIntTrigDisable), (10 bytes).
    Removing pwm.o(i.PWMGenIntTrigEnable), (10 bytes).
    Removing pwm.o(i.PWMGenIntUnregister), (22 bytes).
    Removing pwm.o(i.PWMGenPeriodGet), (18 bytes).
    Removing pwm.o(i.PWMIntDisable), (10 bytes).
    Removing pwm.o(i.PWMIntEnable), (8 bytes).
    Removing pwm.o(i.PWMIntStatus), (10 bytes).
    Removing pwm.o(i.PWMOutputFault), (16 bytes).
    Removing pwm.o(i.PWMOutputFaultLevel), (16 bytes).
    Removing pwm.o(i.PWMOutputInvert), (16 bytes).
    Removing pwm.o(i.PWMOutputUpdateMode), (62 bytes).
    Removing pwm.o(i.PWMPulseWidthGet), (32 bytes).
    Removing pwm.o(i.PWMSyncTimeBase), (4 bytes).
    Removing pwm.o(i.PWMSyncUpdate), (4 bytes).
    Removing pwm.o(i._PWMGenIntNumberGet), (224 bytes).
    Removing sysctl.o(i.SysCtlAltClkConfig), (12 bytes).
    Removing sysctl.o(i.SysCtlClockFreqSet), (740 bytes).
    Removing sysctl.o(i.SysCtlClockOutConfig), (20 bytes).
    Removing sysctl.o(i.SysCtlDeepSleep), (32 bytes).
    Removing sysctl.o(i.SysCtlDeepSleepClockConfigSet), (112 bytes).
    Removing sysctl.o(i.SysCtlDeepSleepClockSet), (12 bytes).
    Removing sysctl.o(i.SysCtlDeepSleepPowerSet), (12 bytes).
    Removing sysctl.o(i.SysCtlFlashSectorSizeGet), (56 bytes).
    Removing sysctl.o(i.SysCtlFlashSizeGet), (56 bytes).
    Removing sysctl.o(i.SysCtlGPIOAHBDisable), (28 bytes).
    Removing sysctl.o(i.SysCtlGPIOAHBEnable), (24 bytes).
    Removing sysctl.o(i.SysCtlIntClear), (12 bytes).
    Removing sysctl.o(i.SysCtlIntDisable), (16 bytes).
    Removing sysctl.o(i.SysCtlIntEnable), (16 bytes).
    Removing sysctl.o(i.SysCtlIntRegister), (20 bytes).
    Removing sysctl.o(i.SysCtlIntStatus), (16 bytes).
    Removing sysctl.o(i.SysCtlIntUnregister), (18 bytes).
    Removing sysctl.o(i.SysCtlLDODeepSleepGet), (12 bytes).
    Removing sysctl.o(i.SysCtlLDODeepSleepSet), (12 bytes).
    Removing sysctl.o(i.SysCtlLDOSleepGet), (12 bytes).
    Removing sysctl.o(i.SysCtlLDOSleepSet), (12 bytes).
    Removing sysctl.o(i.SysCtlMOSCConfigSet), (12 bytes).
    Removing sysctl.o(i.SysCtlNMIClear), (16 bytes).
    Removing sysctl.o(i.SysCtlNMIStatus), (12 bytes).
    Removing sysctl.o(i.SysCtlPIOSCCalibrate), (76 bytes).
    Removing sysctl.o(i.SysCtlPWMClockGet), (24 bytes).
    Removing sysctl.o(i.SysCtlPeripheralClockGating), (68 bytes).
    Removing sysctl.o(i.SysCtlPeripheralDeepSleepDisable), (40 bytes).
    Removing sysctl.o(i.SysCtlPeripheralDeepSleepEnable), (40 bytes).
    Removing sysctl.o(i.SysCtlPeripheralDisable), (40 bytes).
    Removing sysctl.o(i.SysCtlPeripheralPowerOff), (40 bytes).
    Removing sysctl.o(i.SysCtlPeripheralPowerOn), (40 bytes).
    Removing sysctl.o(i.SysCtlPeripheralPresent), (44 bytes).
    Removing sysctl.o(i.SysCtlPeripheralReset), (60 bytes).
    Removing sysctl.o(i.SysCtlPeripheralSleepDisable), (40 bytes).
    Removing sysctl.o(i.SysCtlPeripheralSleepEnable), (40 bytes).
    Removing sysctl.o(i.SysCtlReset), (16 bytes).
    Removing sysctl.o(i.SysCtlResetBehaviorGet), (12 bytes).
    Removing sysctl.o(i.SysCtlResetBehaviorSet), (12 bytes).
    Removing sysctl.o(i.SysCtlResetCauseClear), (16 bytes).
    Removing sysctl.o(i.SysCtlResetCauseGet), (12 bytes).
    Removing sysctl.o(i.SysCtlSRAMSizeGet), (16 bytes).
    Removing sysctl.o(i.SysCtlSleep), (4 bytes).
    Removing sysctl.o(i.SysCtlSleepPowerSet), (12 bytes).
    Removing sysctl.o(i.SysCtlUSBPLLDisable), (16 bytes).
    Removing sysctl.o(i.SysCtlUSBPLLEnable), (16 bytes).
    Removing sysctl.o(i.SysCtlVCOGet), (120 bytes).
    Removing sysctl.o(i.SysCtlVoltageEventClear), (16 bytes).
    Removing sysctl.o(i.SysCtlVoltageEventConfig), (12 bytes).
    Removing sysctl.o(i.SysCtlVoltageEventStatus), (12 bytes).
    Removing timer.o(i.TimerADCEventGet), (4 bytes).
    Removing timer.o(i.TimerADCEventSet), (4 bytes).
    Removing timer.o(i.TimerClockSourceGet), (6 bytes).
    Removing timer.o(i.TimerClockSourceSet), (6 bytes).
    Removing timer.o(i.TimerConfigure), (96 bytes).
    Removing timer.o(i.TimerControlEvent), (18 bytes).
    Removing timer.o(i.TimerControlLevel), (22 bytes).
    Removing timer.o(i.TimerControlStall), (22 bytes).
    Removing timer.o(i.TimerControlTrigger), (80 bytes).
    Removing timer.o(i.TimerControlWaitOnTrigger), (48 bytes).
    Removing timer.o(i.TimerDMAEventGet), (4 bytes).
    Removing timer.o(i.TimerDMAEventSet), (4 bytes).
    Removing timer.o(i.TimerDisable), (16 bytes).
    Removing timer.o(i.TimerEnable), (14 bytes).
    Removing timer.o(i.TimerIntClear), (4 bytes).
    Removing timer.o(i.TimerIntDisable), (10 bytes).
    Removing timer.o(i.TimerIntEnable), (8 bytes).
    Removing timer.o(i.TimerIntRegister), (104 bytes).
    Removing timer.o(i.TimerIntStatus), (10 bytes).
    Removing timer.o(i.TimerIntUnregister), (104 bytes).
    Removing timer.o(i.TimerLoadGet), (10 bytes).
    Removing timer.o(i.TimerLoadGet64), (14 bytes).
    Removing timer.o(i.TimerLoadSet), (18 bytes).
    Removing timer.o(i.TimerLoadSet64), (6 bytes).
    Removing timer.o(i.TimerMatchGet), (10 bytes).
    Removing timer.o(i.TimerMatchGet64), (14 bytes).
    Removing timer.o(i.TimerMatchSet), (18 bytes).
    Removing timer.o(i.TimerMatchSet64), (6 bytes).
    Removing timer.o(i.TimerPrescaleGet), (10 bytes).
    Removing timer.o(i.TimerPrescaleMatchGet), (10 bytes).
    Removing timer.o(i.TimerPrescaleMatchSet), (18 bytes).
    Removing timer.o(i.TimerPrescaleSet), (18 bytes).
    Removing timer.o(i.TimerRTCDisable), (10 bytes).
    Removing timer.o(i.TimerRTCEnable), (10 bytes).
    Removing timer.o(i.TimerSynchronize), (4 bytes).
    Removing timer.o(i.TimerUpdateMode), (42 bytes).
    Removing timer.o(i.TimerValueGet), (10 bytes).
    Removing timer.o(i.TimerValueGet64), (14 bytes).
    Removing timer.o(.constdata), (160 bytes).
    Removing delay.o(.text), (0 bytes).
    Removing delay.o(.ARM.exidx.text.MCAL_DelayMs), (8 bytes).
    Removing delay.o(.text.MCAL_DelayUs), (68 bytes).
    Removing delay.o(.ARM.exidx.text.MCAL_DelayUs), (8 bytes).
    Removing cpu.o(.emb_text), (38 bytes).

351 unused section(s) (total 13183 bytes) removed from the image.

==============================================================================

Image Symbol Table

    Local Symbols

    Symbol Name                              Value     Ov Type        Size  Object(Section)

    ../clib/microlib/init/entry.s            0x00000000   Number         0  entry.o ABSOLUTE
    ../clib/microlib/init/entry.s            0x00000000   Number         0  entry2.o ABSOLUTE
    ../clib/microlib/init/entry.s            0x00000000   Number         0  entry5.o ABSOLUTE
    ../clib/microlib/init/entry.s            0x00000000   Number         0  entry7a.o ABSOLUTE
    ../clib/microlib/init/entry.s            0x00000000   Number         0  entry7b.o ABSOLUTE
    ../clib/microlib/init/entry.s            0x00000000   Number         0  entry8a.o ABSOLUTE
    ../clib/microlib/init/entry.s            0x00000000   Number         0  entry8b.o ABSOLUTE
    ../clib/microlib/init/entry.s            0x00000000   Number         0  entry9a.o ABSOLUTE
    ../clib/microlib/init/entry.s            0x00000000   Number         0  entry9b.o ABSOLUTE
    ../clib/microlib/init/entry.s            0x00000000   Number         0  entry10a.o ABSOLUTE
    ../clib/microlib/init/entry.s            0x00000000   Number         0  entry10b.o ABSOLUTE
    ../clib/microlib/init/entry.s            0x00000000   Number         0  entry11a.o ABSOLUTE
    ../clib/microlib/init/entry.s            0x00000000   Number         0  entry11b.o ABSOLUTE
    GPIO.c                                   0x00000000   Number         0  gpio.o ABSOLUTE
    GPIO_Config.c                            0x00000000   Number         0  gpio_config.o ABSOLUTE
    PWM.c                                    0x00000000   Number         0  pwm.o ABSOLUTE
    PWM_Config.c                             0x00000000   Number         0  pwm_config.o ABSOLUTE
    RCC.c                                    0x00000000   Number         0  rcc.o ABSOLUTE
    RCC_Config.c                             0x00000000   Number         0  rcc_config.o ABSOLUTE
    RTE/Device/TM4C123GH6PM/startup_TM4C123.s 0x00000000   Number         0  startup_tm4c123.o ABSOLUTE
    Timer.c                                  0x00000000   Number         0  timer.o ABSOLUTE
    Timer_Config.c                           0x00000000   Number         0  timer_config.o ABSOLUTE
    app.c                                    0x00000000   Number         0  app.o ABSOLUTE
    cpu.c                                    0x00000000   Number         0  cpu.o ABSOLUTE
    cpu.c                                    0x00000000   Number         0  cpu.o ABSOLUTE
    dc.s                                     0x00000000   Number         0  dc.o ABSOLUTE
    delay.c                                  0x00000000   Number         0  delay.o ABSOLUTE
    gpio.c                                   0x00000000   Number         0  gpio.o ABSOLUTE
    handlers.s                               0x00000000   Number         0  handlers.o ABSOLUTE
    init.s                                   0x00000000   Number         0  init.o ABSOLUTE
    interrupt.c                              0x00000000   Number         0  interrupt.o ABSOLUTE
    lcd.c                                    0x00000000   Number         0  lcd.o ABSOLUTE
    pwm.c                                    0x00000000   Number         0  pwm.o ABSOLUTE
    sysctl.c                                 0x00000000   Number         0  sysctl.o ABSOLUTE
    sysctl.c                                 0x00000000   Number         0  sysctl.o ABSOLUTE
    system_TM4C123.c                         0x00000000   Number         0  system_tm4c123.o ABSOLUTE
    timer.c                                  0x00000000   Number         0  timer.o ABSOLUTE
    ultrasonic.c                             0x00000000   Number         0  ultrasonic.o ABSOLUTE
    ultrasonic_Config.c                      0x00000000   Number         0  ultrasonic_config.o ABSOLUTE
    RESET                                    0x00000000   Section      620  startup_tm4c123.o(RESET)
    .ARM.Collect$$$$00000000                 0x0000026c   Section        0  entry.o(.ARM.Collect$$$$00000000)
    .ARM.Collect$$$$00000001                 0x0000026c   Section        4  entry2.o(.ARM.Collect$$$$00000001)
    .ARM.Collect$$$$00000004                 0x00000270   Section        4  entry5.o(.ARM.Collect$$$$00000004)
    .ARM.Collect$$$$00000008                 0x00000274   Section        0  entry7b.o(.ARM.Collect$$$$00000008)
    .ARM.Collect$$$$0000000A                 0x00000274   Section        0  entry8b.o(.ARM.Collect$$$$0000000A)
    .ARM.Collect$$$$0000000B                 0x00000274   Section        8  entry9a.o(.ARM.Collect$$$$0000000B)
    __lit__00000000                          0x0000027c   Data           4  entry2.o(.ARM.Collect$$$$00002712)
    .ARM.Collect$$$$0000000D                 0x0000027c   Section        0  entry10a.o(.ARM.Collect$$$$0000000D)
    .ARM.Collect$$$$0000000F                 0x0000027c   Section        0  entry11a.o(.ARM.Collect$$$$0000000F)
    .ARM.Collect$$$$00002712                 0x0000027c   Section        4  entry2.o(.ARM.Collect$$$$00002712)
    $v0                                      0x00000280   Number         0  sysctl.o(.emb_text)
    .emb_text                                0x00000280   Section        6  sysctl.o(.emb_text)
    $v0                                      0x00000288   Number         0  startup_tm4c123.o(.text)
    .text                                    0x00000288   Section      252  startup_tm4c123.o(.text)
    .text                                    0x00000384   Section       48  init.o(.text)
    [Anonymous Symbol]                       0x000003b4   Section        0  delay.o(.text.MCAL_DelayMs)
    [Anonymous Symbol]                       0x000003f8   Section        0  pwm.o(.text.MCAL_PWM_Inti)
    [Anonymous Symbol]                       0x00000574   Section        0  pwm.o(.text.MCAL_PWM_PulseWidthSet)
    [Anonymous Symbol]                       0x000005a8   Section        0  pwm.o(.text.MCAL_PWM_Start)
    [Anonymous Symbol]                       0x000005d8   Section        0  rcc.o(.text.MCAL_RCC_SysCtlClockExternal)
    [Anonymous Symbol]                       0x00000610   Section        0  system_tm4c123.o(.text.SystemInit)
    [Anonymous Symbol]                       0x0000071c   Section        0  app.o(.text.main)
    i.GPIODirModeSet                         0x0000079a   Section        0  gpio.o(i.GPIODirModeSet)
    i.GPIOPadConfigSet                       0x000007c4   Section        0  gpio.o(i.GPIOPadConfigSet)
    i.GPIOPinConfigure                       0x00000934   Section        0  gpio.o(i.GPIOPinConfigure)
    i.GPIOPinTypePWM                         0x00000978   Section        0  gpio.o(i.GPIOPinTypePWM)
    i.GPIOUnlockPin                          0x00000994   Section        0  gpio.o(i.GPIOUnlockPin)
    i.PWMGenConfigure                        0x000009ac   Section        0  pwm.o(i.PWMGenConfigure)
    i.PWMGenEnable                           0x000009d2   Section        0  pwm.o(i.PWMGenEnable)
    i.PWMGenPeriodSet                        0x000009dc   Section        0  pwm.o(i.PWMGenPeriodSet)
    i.PWMOutputState                         0x000009ee   Section        0  pwm.o(i.PWMOutputState)
    i.PWMPulseWidthSet                       0x000009fe   Section        0  pwm.o(i.PWMPulseWidthSet)
    i.SysCtlClockGet                         0x00000a20   Section        0  sysctl.o(i.SysCtlClockGet)
    i.SysCtlClockSet                         0x00000b74   Section        0  sysctl.o(i.SysCtlClockSet)
    i.SysCtlPWMClockSet                      0x00000c94   Section        0  sysctl.o(i.SysCtlPWMClockSet)
    i.SysCtlPeripheralEnable                 0x00000ca8   Section        0  sysctl.o(i.SysCtlPeripheralEnable)
    i.SysCtlPeripheralReady                  0x00000cd0   Section        0  sysctl.o(i.SysCtlPeripheralReady)
    i.__scatterload_copy                     0x00000cfc   Section       14  handlers.o(i.__scatterload_copy)
    i.__scatterload_null                     0x00000d0a   Section        2  handlers.o(i.__scatterload_null)
    i.__scatterload_zeroinit                 0x00000d0c   Section       14  handlers.o(i.__scatterload_zeroinit)
    g_ppui32GPIOIntMapBlizzard               0x00000d1c   Data         192  gpio.o(.constdata)
    .constdata                               0x00000d1c   Section      552  gpio.o(.constdata)
    g_ppui32GPIOIntMapSnowflake              0x00000ddc   Data         216  gpio.o(.constdata)
    g_pui32GPIOBaseAddrs                     0x00000eb4   Data         144  gpio.o(.constdata)
    g_pui32VCOFrequencies                    0x00000f44   Data           8  sysctl.o(.constdata)
    .constdata                               0x00000f44   Section      596  sysctl.o(.constdata)
    g_pui32Xtals                             0x00000f4c   Data         108  sysctl.o(.constdata)
    g_pppui32XTALtoVCO                       0x00000fb8   Data         432  sysctl.o(.constdata)
    g_sXTALtoMEMTIM                          0x00001168   Data          48  sysctl.o(.constdata)
    STACK                                    0x20000030   Section      512  startup_tm4c123.o(STACK)

    Global Symbols

    Symbol Name                              Value     Ov Type        Size  Object(Section)

    BuildAttributes$$THM_ISAv4$E$P$D$K$B$S$7EM$VFPi3$EXTD16$VFPS$VFMA$PE$A:L22UL41UL21$X:L11$S22US41US21$IEEE1$IW$~IW$USESV6$~STKCKD$USESV7$~SHL$OTIME$EBA8$MICROLIB$REQ8$PRES8$EABIv2 0x00000000   Number         0  anon$$obj.o ABSOLUTE
    __Vectors                                0x00000000   Data           4  startup_tm4c123.o(RESET)
    __cpp_initialize__aeabi_                  - Undefined Weak Reference
    __cxa_finalize                            - Undefined Weak Reference
    __decompress                              - Undefined Weak Reference
    _clock_init                               - Undefined Weak Reference
    _microlib_exit                            - Undefined Weak Reference
    __Vectors_End                            0x0000026c   Data           0  startup_tm4c123.o(RESET)
    __Vectors_Size                           0x0000026c   Number         0  startup_tm4c123.o ABSOLUTE
    __main                                   0x0000026d   Thumb Code     0  entry.o(.ARM.Collect$$$$00000000)
    _main_stk                                0x0000026d   Thumb Code     0  entry2.o(.ARM.Collect$$$$00000001)
    _main_scatterload                        0x00000271   Thumb Code     0  entry5.o(.ARM.Collect$$$$00000004)
    __main_after_scatterload                 0x00000275   Thumb Code     0  entry5.o(.ARM.Collect$$$$00000004)
    _main_clock                              0x00000275   Thumb Code     0  entry7b.o(.ARM.Collect$$$$00000008)
    _main_cpp_init                           0x00000275   Thumb Code     0  entry8b.o(.ARM.Collect$$$$0000000A)
    _main_init                               0x00000275   Thumb Code     0  entry9a.o(.ARM.Collect$$$$0000000B)
    __rt_final_cpp                           0x0000027d   Thumb Code     0  entry10a.o(.ARM.Collect$$$$0000000D)
    __rt_final_exit                          0x0000027d   Thumb Code     0  entry11a.o(.ARM.Collect$$$$0000000F)
    SysCtlDelay                              0x00000281   Thumb Code     6  sysctl.o(.emb_text)
    Reset_Handler                            0x00000289   Thumb Code     8  startup_tm4c123.o(.text)
    NMI_Handler                              0x00000291   Thumb Code     2  startup_tm4c123.o(.text)
    HardFault_Handler                        0x00000293   Thumb Code     2  startup_tm4c123.o(.text)
    MemManage_Handler                        0x00000295   Thumb Code     2  startup_tm4c123.o(.text)
    BusFault_Handler                         0x00000297   Thumb Code     2  startup_tm4c123.o(.text)
    UsageFault_Handler                       0x00000299   Thumb Code     2  startup_tm4c123.o(.text)
    SVC_Handler                              0x0000029b   Thumb Code     2  startup_tm4c123.o(.text)
    DebugMon_Handler                         0x0000029d   Thumb Code     2  startup_tm4c123.o(.text)
    PendSV_Handler                           0x0000029f   Thumb Code     2  startup_tm4c123.o(.text)
    SysTick_Handler                          0x000002a1   Thumb Code     2  startup_tm4c123.o(.text)
    GPIOA_Handler                            0x000002a3   Thumb Code     2  startup_tm4c123.o(.text)
    GPIOB_Handler                            0x000002a5   Thumb Code     2  startup_tm4c123.o(.text)
    GPIOC_Handler                            0x000002a7   Thumb Code     2  startup_tm4c123.o(.text)
    GPIOD_Handler                            0x000002a9   Thumb Code     2  startup_tm4c123.o(.text)
    GPIOE_Handler                            0x000002ab   Thumb Code     2  startup_tm4c123.o(.text)
    UART0_Handler                            0x000002ad   Thumb Code     2  startup_tm4c123.o(.text)
    UART1_Handler                            0x000002af   Thumb Code     2  startup_tm4c123.o(.text)
    SSI0_Handler                             0x000002b1   Thumb Code     2  startup_tm4c123.o(.text)
    I2C0_Handler                             0x000002b3   Thumb Code     2  startup_tm4c123.o(.text)
    PMW0_FAULT_Handler                       0x000002b5   Thumb Code     2  startup_tm4c123.o(.text)
    PWM0_0_Handler                           0x000002b7   Thumb Code     2  startup_tm4c123.o(.text)
    PWM0_1_Handler                           0x000002b9   Thumb Code     2  startup_tm4c123.o(.text)
    PWM0_2_Handler                           0x000002bb   Thumb Code     2  startup_tm4c123.o(.text)
    QEI0_Handler                             0x000002bd   Thumb Code     2  startup_tm4c123.o(.text)
    ADC0SS0_Handler                          0x000002bf   Thumb Code     2  startup_tm4c123.o(.text)
    ADC0SS1_Handler                          0x000002c1   Thumb Code     2  startup_tm4c123.o(.text)
    ADC0SS2_Handler                          0x000002c3   Thumb Code     2  startup_tm4c123.o(.text)
    ADC0SS3_Handler                          0x000002c5   Thumb Code     2  startup_tm4c123.o(.text)
    WDT0_Handler                             0x000002c7   Thumb Code     2  startup_tm4c123.o(.text)
    TIMER0A_Handler                          0x000002c9   Thumb Code     2  startup_tm4c123.o(.text)
    TIMER0B_Handler                          0x000002cb   Thumb Code     2  startup_tm4c123.o(.text)
    TIMER1A_Handler                          0x000002cd   Thumb Code     2  startup_tm4c123.o(.text)
    TIMER1B_Handler                          0x000002cf   Thumb Code     2  startup_tm4c123.o(.text)
    TIMER2A_Handler                          0x000002d1   Thumb Code     2  startup_tm4c123.o(.text)
    TIMER2B_Handler                          0x000002d3   Thumb Code     2  startup_tm4c123.o(.text)
    COMP0_Handler                            0x000002d5   Thumb Code     2  startup_tm4c123.o(.text)
    COMP1_Handler                            0x000002d7   Thumb Code     2  startup_tm4c123.o(.text)
    COMP2_Handler                            0x000002d9   Thumb Code     2  startup_tm4c123.o(.text)
    SYSCTL_Handler                           0x000002db   Thumb Code     2  startup_tm4c123.o(.text)
    FLASH_Handler                            0x000002dd   Thumb Code     2  startup_tm4c123.o(.text)
    GPIOF_Handler                            0x000002df   Thumb Code     2  startup_tm4c123.o(.text)
    GPIOG_Handler                            0x000002e1   Thumb Code     2  startup_tm4c123.o(.text)
    GPIOH_Handler                            0x000002e3   Thumb Code     2  startup_tm4c123.o(.text)
    UART2_Handler                            0x000002e5   Thumb Code     2  startup_tm4c123.o(.text)
    SSI1_Handler                             0x000002e7   Thumb Code     2  startup_tm4c123.o(.text)
    TIMER3A_Handler                          0x000002e9   Thumb Code     2  startup_tm4c123.o(.text)
    TIMER3B_Handler                          0x000002eb   Thumb Code     2  startup_tm4c123.o(.text)
    I2C1_Handler                             0x000002ed   Thumb Code     2  startup_tm4c123.o(.text)
    QEI1_Handler                             0x000002ef   Thumb Code     2  startup_tm4c123.o(.text)
    CAN0_Handler                             0x000002f1   Thumb Code     2  startup_tm4c123.o(.text)
    CAN1_Handler                             0x000002f3   Thumb Code     2  startup_tm4c123.o(.text)
    CAN2_Handler                             0x000002f5   Thumb Code     2  startup_tm4c123.o(.text)
    HIB_Handler                              0x000002f7   Thumb Code     2  startup_tm4c123.o(.text)
    USB0_Handler                             0x000002f9   Thumb Code     2  startup_tm4c123.o(.text)
    PWM0_3_Handler                           0x000002fb   Thumb Code     2  startup_tm4c123.o(.text)
    UDMA_Handler                             0x000002fd   Thumb Code     2  startup_tm4c123.o(.text)
    UDMAERR_Handler                          0x000002ff   Thumb Code     2  startup_tm4c123.o(.text)
    ADC1SS0_Handler                          0x00000301   Thumb Code     2  startup_tm4c123.o(.text)
    ADC1SS1_Handler                          0x00000303   Thumb Code     2  startup_tm4c123.o(.text)
    ADC1SS2_Handler                          0x00000305   Thumb Code     2  startup_tm4c123.o(.text)
    ADC1SS3_Handler                          0x00000307   Thumb Code     2  startup_tm4c123.o(.text)
    GPIOJ_Handler                            0x00000309   Thumb Code     2  startup_tm4c123.o(.text)
    GPIOK_Handler                            0x0000030b   Thumb Code     2  startup_tm4c123.o(.text)
    GPIOL_Handler                            0x0000030d   Thumb Code     2  startup_tm4c123.o(.text)
    SSI2_Handler                             0x0000030f   Thumb Code     2  startup_tm4c123.o(.text)
    SSI3_Handler                             0x00000311   Thumb Code     2  startup_tm4c123.o(.text)
    UART3_Handler                            0x00000313   Thumb Code     2  startup_tm4c123.o(.text)
    UART4_Handler                            0x00000315   Thumb Code     2  startup_tm4c123.o(.text)
    UART5_Handler                            0x00000317   Thumb Code     2  startup_tm4c123.o(.text)
    UART6_Handler                            0x00000319   Thumb Code     2  startup_tm4c123.o(.text)
    UART7_Handler                            0x0000031b   Thumb Code     2  startup_tm4c123.o(.text)
    I2C2_Handler                             0x0000031d   Thumb Code     2  startup_tm4c123.o(.text)
    I2C3_Handler                             0x0000031f   Thumb Code     2  startup_tm4c123.o(.text)
    TIMER4A_Handler                          0x00000321   Thumb Code     2  startup_tm4c123.o(.text)
    TIMER4B_Handler                          0x00000323   Thumb Code     2  startup_tm4c123.o(.text)
    TIMER5A_Handler                          0x00000325   Thumb Code     2  startup_tm4c123.o(.text)
    TIMER5B_Handler                          0x00000327   Thumb Code     2  startup_tm4c123.o(.text)
    WTIMER0A_Handler                         0x00000329   Thumb Code     2  startup_tm4c123.o(.text)
    WTIMER0B_Handler                         0x0000032b   Thumb Code     2  startup_tm4c123.o(.text)
    WTIMER1A_Handler                         0x0000032d   Thumb Code     2  startup_tm4c123.o(.text)
    WTIMER1B_Handler                         0x0000032f   Thumb Code     2  startup_tm4c123.o(.text)
    WTIMER2A_Handler                         0x00000331   Thumb Code     2  startup_tm4c123.o(.text)
    WTIMER2B_Handler                         0x00000333   Thumb Code     2  startup_tm4c123.o(.text)
    WTIMER3A_Handler                         0x00000335   Thumb Code     2  startup_tm4c123.o(.text)
    WTIMER3B_Handler                         0x00000337   Thumb Code     2  startup_tm4c123.o(.text)
    WTIMER4A_Handler                         0x00000339   Thumb Code     2  startup_tm4c123.o(.text)
    WTIMER4B_Handler                         0x0000033b   Thumb Code     2  startup_tm4c123.o(.text)
    WTIMER5A_Handler                         0x0000033d   Thumb Code     2  startup_tm4c123.o(.text)
    WTIMER5B_Handler                         0x0000033f   Thumb Code     2  startup_tm4c123.o(.text)
    FPU_Handler                              0x00000341   Thumb Code     2  startup_tm4c123.o(.text)
    I2C4_Handler                             0x00000343   Thumb Code     2  startup_tm4c123.o(.text)
    I2C5_Handler                             0x00000345   Thumb Code     2  startup_tm4c123.o(.text)
    GPIOM_Handler                            0x00000347   Thumb Code     2  startup_tm4c123.o(.text)
    GPION_Handler                            0x00000349   Thumb Code     2  startup_tm4c123.o(.text)
    QEI2_Handler                             0x0000034b   Thumb Code     2  startup_tm4c123.o(.text)
    GPIOP0_Handler                           0x0000034d   Thumb Code     2  startup_tm4c123.o(.text)
    GPIOP1_Handler                           0x0000034f   Thumb Code     2  startup_tm4c123.o(.text)
    GPIOP2_Handler                           0x00000351   Thumb Code     2  startup_tm4c123.o(.text)
    GPIOP3_Handler                           0x00000353   Thumb Code     2  startup_tm4c123.o(.text)
    GPIOP4_Handler                           0x00000355   Thumb Code     2  startup_tm4c123.o(.text)
    GPIOP5_Handler                           0x00000357   Thumb Code     2  startup_tm4c123.o(.text)
    GPIOP6_Handler                           0x00000359   Thumb Code     2  startup_tm4c123.o(.text)
    GPIOP7_Handler                           0x0000035b   Thumb Code     2  startup_tm4c123.o(.text)
    GPIOQ0_Handler                           0x0000035d   Thumb Code     2  startup_tm4c123.o(.text)
    GPIOQ1_Handler                           0x0000035f   Thumb Code     2  startup_tm4c123.o(.text)
    GPIOQ2_Handler                           0x00000361   Thumb Code     2  startup_tm4c123.o(.text)
    GPIOQ3_Handler                           0x00000363   Thumb Code     2  startup_tm4c123.o(.text)
    GPIOQ4_Handler                           0x00000365   Thumb Code     2  startup_tm4c123.o(.text)
    GPIOQ5_Handler                           0x00000367   Thumb Code     2  startup_tm4c123.o(.text)
    GPIOQ6_Handler                           0x00000369   Thumb Code     2  startup_tm4c123.o(.text)
    GPIOQ7_Handler                           0x0000036b   Thumb Code     2  startup_tm4c123.o(.text)
    GPIOR_Handler                            0x0000036d   Thumb Code     2  startup_tm4c123.o(.text)
    GPIOS_Handler                            0x0000036f   Thumb Code     2  startup_tm4c123.o(.text)
    PMW1_0_Handler                           0x00000371   Thumb Code     2  startup_tm4c123.o(.text)
    PWM1_1_Handler                           0x00000373   Thumb Code     2  startup_tm4c123.o(.text)
    PWM1_2_Handler                           0x00000375   Thumb Code     2  startup_tm4c123.o(.text)
    PWM1_3_Handler                           0x00000377   Thumb Code     2  startup_tm4c123.o(.text)
    PWM1_FAULT_Handler                       0x00000379   Thumb Code     2  startup_tm4c123.o(.text)
    __scatterload                            0x00000385   Thumb Code    38  init.o(.text)
    __scatterload_rt2                        0x00000385   Thumb Code     0  init.o(.text)
    MCAL_DelayMs                             0x000003b5   Thumb Code    68  delay.o(.text.MCAL_DelayMs)
    MCAL_PWM_Inti                            0x000003f9   Thumb Code   380  pwm.o(.text.MCAL_PWM_Inti)
    MCAL_PWM_PulseWidthSet                   0x00000575   Thumb Code    50  pwm.o(.text.MCAL_PWM_PulseWidthSet)
    MCAL_PWM_Start                           0x000005a9   Thumb Code    48  pwm.o(.text.MCAL_PWM_Start)
    MCAL_RCC_SysCtlClockExternal             0x000005d9   Thumb Code    56  rcc.o(.text.MCAL_RCC_SysCtlClockExternal)
    SystemInit                               0x00000611   Thumb Code   268  system_tm4c123.o(.text.SystemInit)
    main                                     0x0000071d   Thumb Code   126  app.o(.text.main)
    GPIODirModeSet                           0x0000079b   Thumb Code    40  gpio.o(i.GPIODirModeSet)
    GPIOPadConfigSet                         0x000007c5   Thumb Code   354  gpio.o(i.GPIOPadConfigSet)
    GPIOPinConfigure                         0x00000935   Thumb Code    60  gpio.o(i.GPIOPinConfigure)
    GPIOPinTypePWM                           0x00000979   Thumb Code    28  gpio.o(i.GPIOPinTypePWM)
    GPIOUnlockPin                            0x00000995   Thumb Code    18  gpio.o(i.GPIOUnlockPin)
    PWMGenConfigure                          0x000009ad   Thumb Code    38  pwm.o(i.PWMGenConfigure)
    PWMGenEnable                             0x000009d3   Thumb Code    10  pwm.o(i.PWMGenEnable)
    PWMGenPeriodSet                          0x000009dd   Thumb Code    18  pwm.o(i.PWMGenPeriodSet)
    PWMOutputState                           0x000009ef   Thumb Code    16  pwm.o(i.PWMOutputState)
    PWMPulseWidthSet                         0x000009ff   Thumb Code    32  pwm.o(i.PWMPulseWidthSet)
    SysCtlClockGet                           0x00000a21   Thumb Code   304  sysctl.o(i.SysCtlClockGet)
    SysCtlClockSet                           0x00000b75   Thumb Code   270  sysctl.o(i.SysCtlClockSet)
    SysCtlPWMClockSet                        0x00000c95   Thumb Code    14  sysctl.o(i.SysCtlPWMClockSet)
    SysCtlPeripheralEnable                   0x00000ca9   Thumb Code    36  sysctl.o(i.SysCtlPeripheralEnable)
    SysCtlPeripheralReady                    0x00000cd1   Thumb Code    40  sysctl.o(i.SysCtlPeripheralReady)
    __scatterload_copy                       0x00000cfd   Thumb Code    14  handlers.o(i.__scatterload_copy)
    __scatterload_null                       0x00000d0b   Thumb Code     2  handlers.o(i.__scatterload_null)
    __scatterload_zeroinit                   0x00000d0d   Thumb Code    14  handlers.o(i.__scatterload_zeroinit)
    RCC_config16                             0x00001198   Data          16  rcc_config.o(.rodata.RCC_config16)
    Region$$Table$$Base                      0x000011a8   Number         0  anon$$obj.o(Region$$Table)
    Region$$Table$$Limit                     0x000011c8   Number         0  anon$$obj.o(Region$$Table)
    PF3_M1PWM7                               0x20000000   Data          44  pwm_config.o(.data.PF3_M1PWM7)
    __initial_sp                             0x20000230   Data           0  startup_tm4c123.o(STACK)



==============================================================================

Memory Map of the image

  Image Entry point : 0x0000026d

  Load Region LR_IROM1 (Base: 0x00000000, Size: 0x000011f8, Max: 0x00040000, ABSOLUTE)

    Execution Region ER_IROM1 (Exec base: 0x00000000, Load base: 0x00000000, Size: 0x000011c8, Max: 0x00040000, ABSOLUTE)

    Exec Addr    Load Addr    Size         Type   Attr      Idx    E Section Name        Object

    0x00000000   0x00000000   0x0000026c   Data   RO          224    RESET               startup_tm4c123.o
    0x0000026c   0x0000026c   0x00000000   Code   RO         1543  * .ARM.Collect$$$$00000000  mc_w.l(entry.o)
    0x0000026c   0x0000026c   0x00000004   Code   RO         1546    .ARM.Collect$$$$00000001  mc_w.l(entry2.o)
    0x00000270   0x00000270   0x00000004   Code   RO         1549    .ARM.Collect$$$$00000004  mc_w.l(entry5.o)
    0x00000274   0x00000274   0x00000000   Code   RO         1551    .ARM.Collect$$$$00000008  mc_w.l(entry7b.o)
    0x00000274   0x00000274   0x00000000   Code   RO         1553    .ARM.Collect$$$$0000000A  mc_w.l(entry8b.o)
    0x00000274   0x00000274   0x00000008   Code   RO         1554    .ARM.Collect$$$$0000000B  mc_w.l(entry9a.o)
    0x0000027c   0x0000027c   0x00000000   Code   RO         1556    .ARM.Collect$$$$0000000D  mc_w.l(entry10a.o)
    0x0000027c   0x0000027c   0x00000000   Code   RO         1558    .ARM.Collect$$$$0000000F  mc_w.l(entry11a.o)
    0x0000027c   0x0000027c   0x00000004   Code   RO         1547    .ARM.Collect$$$$00002712  mc_w.l(entry2.o)
    0x00000280   0x00000280   0x00000006   Code   RO          932    .emb_text           driverlib.lib(sysctl.o)
    0x00000286   0x00000286   0x00000002   PAD
    0x00000288   0x00000288   0x000000fc   Code   RO          225    .text               startup_tm4c123.o
    0x00000384   0x00000384   0x00000030   Code   RO         1560    .text               mc_w.l(init.o)
    0x000003b4   0x000003b4   0x00000044   Code   RO         1523    .text.MCAL_DelayMs  MCAL.lib(delay.o)
    0x000003f8   0x000003f8   0x0000017c   Code   RO          149    .text.MCAL_PWM_Inti  pwm.o
    0x00000574   0x00000574   0x00000032   Code   RO          151    .text.MCAL_PWM_PulseWidthSet  pwm.o
    0x000005a6   0x000005a6   0x00000002   PAD
    0x000005a8   0x000005a8   0x00000030   Code   RO          153    .text.MCAL_PWM_Start  pwm.o
    0x000005d8   0x000005d8   0x00000038   Code   RO          140    .text.MCAL_RCC_SysCtlClockExternal  rcc.o
    0x00000610   0x00000610   0x0000010c   Code   RO          236    .text.SystemInit    system_tm4c123.o
    0x0000071c   0x0000071c   0x0000007e   Code   RO            2    .text.main          app.o
    0x0000079a   0x0000079a   0x00000028   Code   RO          250    i.GPIODirModeSet    driverlib.lib(gpio.o)
    0x000007c2   0x000007c2   0x00000002   PAD
    0x000007c4   0x000007c4   0x00000170   Code   RO          262    i.GPIOPadConfigSet  driverlib.lib(gpio.o)
    0x00000934   0x00000934   0x00000044   Code   RO          263    i.GPIOPinConfigure  driverlib.lib(gpio.o)
    0x00000978   0x00000978   0x0000001c   Code   RO          281    i.GPIOPinTypePWM    driverlib.lib(gpio.o)
    0x00000994   0x00000994   0x00000018   Code   RO          293    i.GPIOUnlockPin     driverlib.lib(gpio.o)
    0x000009ac   0x000009ac   0x00000026   Code   RO          707    i.PWMGenConfigure   driverlib.lib(pwm.o)
    0x000009d2   0x000009d2   0x0000000a   Code   RO          709    i.PWMGenEnable      driverlib.lib(pwm.o)
    0x000009dc   0x000009dc   0x00000012   Code   RO          722    i.PWMGenPeriodSet   driverlib.lib(pwm.o)
    0x000009ee   0x000009ee   0x00000010   Code   RO          729    i.PWMOutputState    driverlib.lib(pwm.o)
    0x000009fe   0x000009fe   0x00000020   Code   RO          732    i.PWMPulseWidthSet  driverlib.lib(pwm.o)
    0x00000a1e   0x00000a1e   0x00000002   PAD
    0x00000a20   0x00000a20   0x00000154   Code   RO          935    i.SysCtlClockGet    driverlib.lib(sysctl.o)
    0x00000b74   0x00000b74   0x00000120   Code   RO          937    i.SysCtlClockSet    driverlib.lib(sysctl.o)
    0x00000c94   0x00000c94   0x00000014   Code   RO          961    i.SysCtlPWMClockSet  driverlib.lib(sysctl.o)
    0x00000ca8   0x00000ca8   0x00000028   Code   RO          966    i.SysCtlPeripheralEnable  driverlib.lib(sysctl.o)
    0x00000cd0   0x00000cd0   0x0000002c   Code   RO          970    i.SysCtlPeripheralReady  driverlib.lib(sysctl.o)
    0x00000cfc   0x00000cfc   0x0000000e   Code   RO         1564    i.__scatterload_copy  mc_w.l(handlers.o)
    0x00000d0a   0x00000d0a   0x00000002   Code   RO         1565    i.__scatterload_null  mc_w.l(handlers.o)
    0x00000d0c   0x00000d0c   0x0000000e   Code   RO         1566    i.__scatterload_zeroinit  mc_w.l(handlers.o)
    0x00000d1a   0x00000d1a   0x00000002   PAD
    0x00000d1c   0x00000d1c   0x00000228   Data   RO          295    .constdata          driverlib.lib(gpio.o)
    0x00000f44   0x00000f44   0x00000254   Data   RO          988    .constdata          driverlib.lib(sysctl.o)
    0x00001198   0x00001198   0x00000010   Data   RO           59    .rodata.RCC_config16  rcc_config.o
    0x000011a8   0x000011a8   0x00000020   Data   RO         1563    Region$$Table       anon$$obj.o


    Execution Region RW_IRAM1 (Exec base: 0x20000000, Load base: 0x000011c8, Size: 0x00000230, Max: 0x00008000, ABSOLUTE)

    Exec Addr    Load Addr    Size         Type   Attr      Idx    E Section Name        Object

    0x20000000   0x000011c8   0x0000002c   Data   RW          103    .data.PF3_M1PWM7    pwm_config.o
    0x2000002c   0x000011f4   0x00000004   PAD
    0x20000030        -       0x00000200   Zero   RW          222    STACK               startup_tm4c123.o


==============================================================================

Image component sizes


      Code (inc. data)   RO Data    RW Data    ZI Data      Debug   Object Name

       126          0          0          0          0        771   app.o
       478          0          0          0          0       1841   pwm.o
         0          0          0         44          0       1224   pwm_config.o
        56          0          0          0          0       1121   rcc.o
         0          0         16          0          0        781   rcc_config.o
       252         10        620          0        512       5440   startup_tm4c123.o
       268          0          0          0          0       6731   system_tm4c123.o

    ----------------------------------------------------------------------
      1182         10        668         44        516      17909   Object Totals
         0          0         32          0          0          0   (incl. Generated)
         2          0          0          0          4          0   (incl. Padding)

    ----------------------------------------------------------------------

      Code (inc. data)   RO Data    RW Data    ZI Data      Debug   Library Member Name

        68          0          0          0          0        812   delay.o
       528         28        552          0          0       8560   gpio.o
       114          0          0          0          0       2639   pwm.o
       738         68        596          0          0       5403   sysctl.o
         0          0          0          0          0          0   entry.o
         0          0          0          0          0          0   entry10a.o
         0          0          0          0          0          0   entry11a.o
         8          4          0          0          0          0   entry2.o
         4          0          0          0          0          0   entry5.o
         0          0          0          0          0          0   entry7b.o
         0          0          0          0          0          0   entry8b.o
         8          4          0          0          0          0   entry9a.o
        30          0          0          0          0          0   handlers.o
        48         10          0          0          0         68   init.o

    ----------------------------------------------------------------------
      1554        114       1148          0          0      17482   Library Totals
         8          0          0          0          0          0   (incl. Padding)

    ----------------------------------------------------------------------

      Code (inc. data)   RO Data    RW Data    ZI Data      Debug   Library Name

        68          0          0          0          0        812   MCAL.lib
      1380         96       1148          0          0      16602   driverlib.lib
        98         18          0          0          0         68   mc_w.l

    ----------------------------------------------------------------------
      1554        114       1148          0          0      17482   Library Totals

    ----------------------------------------------------------------------

==============================================================================


      Code (inc. data)   RO Data    RW Data    ZI Data      Debug   

      2736        124       1816         44        516      34315   Grand Totals
      2736        124       1816         44        516      34315   ELF Image Totals
      2736        124       1816         44          0          0   ROM Totals

==============================================================================

    Total RO  Size (Code + RO Data)                 4552 (   4.45kB)
    Total RW  Size (RW Data + ZI Data)               560 (   0.55kB)
    Total ROM Size (Code + RO Data + RW Data)       4596 (   4.49kB)

==============================================================================

