Component: Arm Compiler for Embedded 6.21 Tool: armlink [5ec1fa00]

==============================================================================

Section Cross References

    app.o(.text.main) refers to apps_interface.o(.text.App_Init) for App_Init
    app.o(.text.main) refers to apps_interface.o(.text.App_Start) for App_Start
    app.o(.ARM.exidx.text.main) refers to app.o(.text.main) for [Anonymous Symbol]
    motor_app.o(.text.APP_DC_MOTOR_INIT) refers to motor_config.o(.data.motor_config) for motor_config
    motor_app.o(.text.APP_DC_MOTOR_INIT) refers to motor.o(.text.HAL_DC_MOTOR_INIT) for HAL_DC_MOTOR_INIT
    motor_app.o(.ARM.exidx.text.APP_DC_MOTOR_INIT) refers to motor_app.o(.text.APP_DC_MOTOR_INIT) for [Anonymous Symbol]
    motor_app.o(.text.APP_DC_MOTOR_ControlSpeed) refers to motor_config.o(.data.motor_config) for motor_config
    motor_app.o(.text.APP_DC_MOTOR_ControlSpeed) refers to motor.o(.text.HAL_DC_MOTOR_ControlSpeed) for HAL_DC_MOTOR_ControlSpeed
    motor_app.o(.ARM.exidx.text.APP_DC_MOTOR_ControlSpeed) refers to motor_app.o(.text.APP_DC_MOTOR_ControlSpeed) for [Anonymous Symbol]
    motor_app.o(.text.APP_DC_MOTOR_ControlSpeedRight) refers to motor_config.o(.data.motor_config) for motor_config
    motor_app.o(.text.APP_DC_MOTOR_ControlSpeedRight) refers to motor.o(.text.HAL_DC_MOTOR_ControlSpeedRight) for HAL_DC_MOTOR_ControlSpeedRight
    motor_app.o(.ARM.exidx.text.APP_DC_MOTOR_ControlSpeedRight) refers to motor_app.o(.text.APP_DC_MOTOR_ControlSpeedRight) for [Anonymous Symbol]
    motor_app.o(.text.APP_DC_MOTOR_ControlSpeedLift) refers to motor_config.o(.data.motor_config) for motor_config
    motor_app.o(.text.APP_DC_MOTOR_ControlSpeedLift) refers to motor.o(.text.HAL_DC_MOTOR_ControlSpeedLift) for HAL_DC_MOTOR_ControlSpeedLift
    motor_app.o(.ARM.exidx.text.APP_DC_MOTOR_ControlSpeedLift) refers to motor_app.o(.text.APP_DC_MOTOR_ControlSpeedLift) for [Anonymous Symbol]
    motor_app.o(.text.APP_DC_MOTOR_MOVE_FORWARD) refers to motor_config.o(.data.motor_config) for motor_config
    motor_app.o(.text.APP_DC_MOTOR_MOVE_FORWARD) refers to motor.o(.text.HAL_DC_MOTOR_MOVE_FORWARD) for HAL_DC_MOTOR_MOVE_FORWARD
    motor_app.o(.ARM.exidx.text.APP_DC_MOTOR_MOVE_FORWARD) refers to motor_app.o(.text.APP_DC_MOTOR_MOVE_FORWARD) for [Anonymous Symbol]
    motor_app.o(.text.APP_DC_MOTOR_MOVE_BACKWARD) refers to motor_config.o(.data.motor_config) for motor_config
    motor_app.o(.text.APP_DC_MOTOR_MOVE_BACKWARD) refers to motor.o(.text.HAL_DC_MOTOR_MOVE_BACKWARD) for HAL_DC_MOTOR_MOVE_BACKWARD
    motor_app.o(.ARM.exidx.text.APP_DC_MOTOR_MOVE_BACKWARD) refers to motor_app.o(.text.APP_DC_MOTOR_MOVE_BACKWARD) for [Anonymous Symbol]
    motor_app.o(.text.APP_DC_MOTOE_MOVE_FORWARD_RIGHT) refers to motor_config.o(.data.motor_config) for motor_config
    motor_app.o(.text.APP_DC_MOTOE_MOVE_FORWARD_RIGHT) refers to motor.o(.text.HAL_DC_MOTOE_MOVE_FORWARD_RIGHT) for HAL_DC_MOTOE_MOVE_FORWARD_RIGHT
    motor_app.o(.ARM.exidx.text.APP_DC_MOTOE_MOVE_FORWARD_RIGHT) refers to motor_app.o(.text.APP_DC_MOTOE_MOVE_FORWARD_RIGHT) for [Anonymous Symbol]
    motor_app.o(.text.APP_DC_MOTOE_MOVE_FORWARD_LEFT) refers to motor_config.o(.data.motor_config) for motor_config
    motor_app.o(.text.APP_DC_MOTOE_MOVE_FORWARD_LEFT) refers to motor.o(.text.HAL_DC_MOTOE_MOVE_FORWARD_LEFT) for HAL_DC_MOTOE_MOVE_FORWARD_LEFT
    motor_app.o(.ARM.exidx.text.APP_DC_MOTOE_MOVE_FORWARD_LEFT) refers to motor_app.o(.text.APP_DC_MOTOE_MOVE_FORWARD_LEFT) for [Anonymous Symbol]
    motor_app.o(.text.APP_DC_MOTOR_MOVE_BACKWARD_RIGHT) refers to motor_config.o(.data.motor_config) for motor_config
    motor_app.o(.text.APP_DC_MOTOR_MOVE_BACKWARD_RIGHT) refers to motor.o(.text.HAL_DC_MOTOR_MOVE_BACKWARD_RIGHT) for HAL_DC_MOTOR_MOVE_BACKWARD_RIGHT
    motor_app.o(.ARM.exidx.text.APP_DC_MOTOR_MOVE_BACKWARD_RIGHT) refers to motor_app.o(.text.APP_DC_MOTOR_MOVE_BACKWARD_RIGHT) for [Anonymous Symbol]
    motor_app.o(.text.APP_DC_MOTOR_MOVE_BACKWARD_LEFT) refers to motor_config.o(.data.motor_config) for motor_config
    motor_app.o(.text.APP_DC_MOTOR_MOVE_BACKWARD_LEFT) refers to motor.o(.text.HAL_DC_MOTOR_MOVE_BACKWARD_LEFT) for HAL_DC_MOTOR_MOVE_BACKWARD_LEFT
    motor_app.o(.ARM.exidx.text.APP_DC_MOTOR_MOVE_BACKWARD_LEFT) refers to motor_app.o(.text.APP_DC_MOTOR_MOVE_BACKWARD_LEFT) for [Anonymous Symbol]
    motor_app.o(.text.APP_DC_MOTORS_OFF) refers to motor_config.o(.data.motor_config) for motor_config
    motor_app.o(.text.APP_DC_MOTORS_OFF) refers to motor.o(.text.HAL_DC_MOTORS_OFF) for HAL_DC_MOTORS_OFF
    motor_app.o(.ARM.exidx.text.APP_DC_MOTORS_OFF) refers to motor_app.o(.text.APP_DC_MOTORS_OFF) for [Anonymous Symbol]
    ir_app.o(.text.APP_IR_Read_RightIR) refers to motor_config.o(.data.motor_config) for motor_config
    ir_app.o(.text.APP_IR_Read_RightIR) refers to motor.o(.text.HAL_DC_MOTOR_MOVE_FORWARD) for HAL_DC_MOTOR_MOVE_FORWARD
[...]
    [Anonymous Symbol]                       0x00000580   Section        0  ultrasonic_app.o(.text.App_Ultrasonic_Actions)
    [Anonymous Symbol]                       0x000005e0   Section        0  apps_interface.o(.text.CommunicationTask)
    [Anonymous Symbol]                       0x000005f0   Section        0  motor.o(.text.HAL_DC_MOTOE_MOVE_FORWARD_LEFT)
    [Anonymous Symbol]                       0x00000640   Section        0  motor.o(.text.HAL_DC_MOTOE_MOVE_FORWARD_RIGHT)
    [Anonymous Symbol]                       0x00000690   Section        0  motor.o(.text.HAL_DC_MOTORS_OFF)
    [Anonymous Symbol]                       0x000006e8   Section        0  motor.o(.text.HAL_DC_MOTOR_ControlSpeed)
    [Anonymous Symbol]                       0x000007bc   Section        0  motor.o(.text.HAL_DC_MOTOR_INIT)
    [Anonymous Symbol]                       0x00000820   Section        0  motor.o(.text.HAL_DC_MOTOR_MOVE_FORWARD)
    [Anonymous Symbol]                       0x00000870   Section        0  ir.o(.text.HAL_IR_Inti)
    [Anonymous Symbol]                       0x000008a4   Section        0  ir.o(.text.HAL_IR_Read_LeftIR)
    [Anonymous Symbol]                       0x000008d8   Section        0  ir.o(.text.HAL_IR_Read_RightIR)
    [Anonymous Symbol]                       0x0000090c   Section        0  ultrasonic.o(.text.HAL_Ultra_Dist)
    [Anonymous Symbol]                       0x000009dc   Section        0  ultrasonic.o(.text.HAL_Ultra_Inti)
    [Anonymous Symbol]                       0x00000a24   Section        0  apps_interface.o(.text.IRTask)
    [Anonymous Symbol]                       0x00000a58   Section        0  apps_interface.o(.text.IdleMode)
    [Anonymous Symbol]                       0x00000aa4   Section        0  delay.o(.text.MCAL_DelayMs)
    [Anonymous Symbol]                       0x00000ae8   Section        0  delay.o(.text.MCAL_DelayUs)
    [Anonymous Symbol]                       0x00000b2c   Section        0  gpio.o(.text.MCAL_GPIO_Pin_Init)
    [Anonymous Symbol]                       0x00000cd4   Section        0  gpio.o(.text.MCAL_GPIO_Pin_Read)
    [Anonymous Symbol]                       0x00000d28   Section        0  gpio.o(.text.MCAL_GPIO_Pin_Write)
    [Anonymous Symbol]                       0x00000dcc   Section        0  pwm.o(.text.MCAL_PWM_Inti)
    [Anonymous Symbol]                       0x00000f48   Section        0  pwm.o(.text.MCAL_PWM_PulseWidthSet)
    [Anonymous Symbol]                       0x00000f7c   Section        0  pwm.o(.text.MCAL_PWM_Start)
    [Anonymous Symbol]                       0x00000fac   Section        0  rcc.o(.text.MCAL_RCC_SysCtlClockExternal)
    [Anonymous Symbol]                       0x00000fe4   Section        0  timer.o(.text.MCAL_Timer_GET_VALUE)
    [Anonymous Symbol]                       0x0000101c   Section        0  timer.o(.text.MCAL_Timer_IntClear)
    [Anonymous Symbol]                       0x0000104c   Section        0  timer.o(.text.MCAL_Timer_Inti_CAP)
    [Anonymous Symbol]                       0x000011a8   Section        0  timer.o(.text.MCAL_Timer_SET_EVENT)
    [Anonymous Symbol]                       0x000011dc   Section        0  timer.o(.text.MCAL_Timer_SET_LOAD)
    [Anonymous Symbol]                       0x0000120c   Section        0  timer.o(.text.MCAL_Timer_SET_PRESCALLER)
    [Anonymous Symbol]                       0x0000123c   Section        0  timer.o(.text.MCAL_Timer_Start)
    [Anonymous Symbol]                       0x0000126c   Section        0  timer.o(.text.MCAL_Timer_Stop)
    [Anonymous Symbol]                       0x0000129c   Section        0  apps_interface.o(.text.MainTask)
    [Anonymous Symbol]                       0x00001300   Section        0  apps_interface.o(.text.MovingHighSpeed_Mode)
    [Anonymous Symbol]                       0x0000134c   Section        0  apps_interface.o(.text.MovingLowSpeed_Mode)
    [Anonymous Symbol]                       0x000013b0   Section        0  port.o(.text.PendSV_Handler)
    pxCurrentTCBConst                        0x00001410   Number         0  port.o(.text.PendSV_Handler)
    [Anonymous Symbol]                       0x00001420   Section        0  port.o(.text.SVC_Handler)
    pxCurrentTCBConst2                       0x00001440   Number         0  port.o(.text.SVC_Handler)
    [Anonymous Symbol]                       0x00001444   Section        0  port.o(.text.SysTick_Handler)
    [Anonymous Symbol]                       0x00001480   Section        0  system_tm4c123.o(.text.SystemInit)
    [Anonymous Symbol]                       0x0000158c   Section        0  apps_interface.o(.text.UltraTask)
    [Anonymous Symbol]                       0x000015b0   Section        0  tasks.o(.text.eTaskConfirmSleepModeStatus)
    [Anonymous Symbol]                       0x00001630   Section        0  app.o(.text.main)
    prvAddCurrentTaskToDelayedList           0x00001645   Thumb Code   290  tasks.o(.text.prvAddCurrentTaskToDelayedList)
    [Anonymous Symbol]                       0x00001644   Section        0  tasks.o(.text.prvAddCurrentTaskToDelayedList)
    prvAddNewTaskToReadyList                 0x00001769   Thumb Code   340  tasks.o(.text.prvAddNewTaskToReadyList)
    [Anonymous Symbol]                       0x00001768   Section        0  tasks.o(.text.prvAddNewTaskToReadyList)
    prvCheckForValidListAndQueue             0x000018bd   Thumb Code   106  timers.o(.text.prvCheckForValidListAndQueue)
    [Anonymous Symbol]                       0x000018bc   Section        0  timers.o(.text.prvCheckForValidListAndQueue)
    prvCheckTasksWaitingTermination          0x00001929   Thumb Code    90  tasks.o(.text.prvCheckTasksWaitingTermination)
    [Anonymous Symbol]                       0x00001928   Section        0  tasks.o(.text.prvCheckTasksWaitingTermination)
    prvCopyDataFromQueue                     0x00001985   Thumb Code    66  queue.o(.text.prvCopyDataFromQueue)
    [Anonymous Symbol]                       0x00001984   Section        0  queue.o(.text.prvCopyDataFromQueue)
    prvCopyDataToQueue                       0x000019c9   Thumb Code   204  queue.o(.text.prvCopyDataToQueue)
    [Anonymous Symbol]                       0x000019c8   Section        0  queue.o(.text.prvCopyDataToQueue)
    prvDeleteTCB                             0x00001a95   Thumb Code    24  tasks.o(.text.prvDeleteTCB)
    [Anonymous Symbol]                       0x00001a94   Section        0  tasks.o(.text.prvDeleteTCB)
    prvGetExpectedIdleTime                   0x00001aad   Thumb Code   124  tasks.o(.text.prvGetExpectedIdleTime)
    [Anonymous Symbol]                       0x00001aac   Section        0  tasks.o(.text.prvGetExpectedIdleTime)
    prvGetNextExpireTime                     0x00001b29   Thumb Code    64  timers.o(.text.prvGetNextExpireTime)
    [Anonymous Symbol]                       0x00001b28   Section        0  timers.o(.text.prvGetNextExpireTime)
    prvHeapInit                              0x00001b69   Thumb Code   174  heap_4.o(.text.prvHeapInit)
    [Anonymous Symbol]                       0x00001b68   Section        0  heap_4.o(.text.prvHeapInit)
    prvIdleTask                              0x00001c19   Thumb Code   154  tasks.o(.text.prvIdleTask)
    [Anonymous Symbol]                       0x00001c18   Section        0  tasks.o(.text.prvIdleTask)
    prvInitialiseNewQueue                    0x00001cb5   Thumb Code    78  queue.o(.text.prvInitialiseNewQueue)
    [Anonymous Symbol]                       0x00001cb4   Section        0  queue.o(.text.prvInitialiseNewQueue)
    prvInitialiseNewTask                     0x00001d05   Thumb Code   292  tasks.o(.text.prvInitialiseNewTask)
    [Anonymous Symbol]                       0x00001d04   Section        0  tasks.o(.text.prvInitialiseNewTask)
    prvInitialiseTaskLists                   0x00001e29   Thumb Code   142  tasks.o(.text.prvInitialiseTaskLists)
    [Anonymous Symbol]                       0x00001e28   Section        0  tasks.o(.text.prvInitialiseTaskLists)
    prvInsertBlockIntoFreeList               0x00001eb9   Thumb Code   198  heap_4.o(.text.prvInsertBlockIntoFreeList)
    [Anonymous Symbol]                       0x00001eb8   Section        0  heap_4.o(.text.prvInsertBlockIntoFreeList)
    prvInsertTimerInActiveList               0x00001f81   Thumb Code   134  timers.o(.text.prvInsertTimerInActiveList)
    [Anonymous Symbol]                       0x00001f80   Section        0  timers.o(.text.prvInsertTimerInActiveList)
    prvIsQueueEmpty                          0x00002009   Thumb Code    40  queue.o(.text.prvIsQueueEmpty)
    [Anonymous Symbol]                       0x00002008   Section        0  queue.o(.text.prvIsQueueEmpty)
    prvNotifyQueueSetContainer               0x00002031   Thumb Code   236  queue.o(.text.prvNotifyQueueSetContainer)
    [Anonymous Symbol]                       0x00002030   Section        0  queue.o(.text.prvNotifyQueueSetContainer)
    prvPortStartFirstTask                    0x0000211d   Thumb Code    40  port.o(.text.prvPortStartFirstTask)
    [Anonymous Symbol]                       0x0000211c   Section        0  port.o(.text.prvPortStartFirstTask)
    prvProcessExpiredTimer                   0x00002145   Thumb Code    84  timers.o(.text.prvProcessExpiredTimer)
    [Anonymous Symbol]                       0x00002144   Section        0  timers.o(.text.prvProcessExpiredTimer)
    prvProcessReceivedCommands               0x00002199   Thumb Code   384  timers.o(.text.prvProcessReceivedCommands)
    [Anonymous Symbol]                       0x00002198   Section        0  timers.o(.text.prvProcessReceivedCommands)
    prvProcessTimerOrBlockTask               0x00002319   Thumb Code   154  timers.o(.text.prvProcessTimerOrBlockTask)
    [Anonymous Symbol]                       0x00002318   Section        0  timers.o(.text.prvProcessTimerOrBlockTask)
    prvReloadTimer                           0x000023b5   Thumb Code    52  timers.o(.text.prvReloadTimer)
    [Anonymous Symbol]                       0x000023b4   Section        0  timers.o(.text.prvReloadTimer)
    prvResetNextTaskUnblockTime              0x000023e9   Thumb Code    60  tasks.o(.text.prvResetNextTaskUnblockTime)
    [Anonymous Symbol]                       0x000023e8   Section        0  tasks.o(.text.prvResetNextTaskUnblockTime)
    prvSampleTimeNow                         0x00002425   Thumb Code    68  timers.o(.text.prvSampleTimeNow)
    [Anonymous Symbol]                       0x00002424   Section        0  timers.o(.text.prvSampleTimeNow)
    prvSwitchTimerLists                      0x00002469   Thumb Code    82  timers.o(.text.prvSwitchTimerLists)
    [Anonymous Symbol]                       0x00002468   Section        0  timers.o(.text.prvSwitchTimerLists)
    prvTaskExitError                         0x000024bd   Thumb Code    76  port.o(.text.prvTaskExitError)
    [Anonymous Symbol]                       0x000024bc   Section        0  port.o(.text.prvTaskExitError)
    prvTimerTask                             0x00002509   Thumb Code    30  timers.o(.text.prvTimerTask)
    [Anonymous Symbol]                       0x00002508   Section        0  timers.o(.text.prvTimerTask)
    prvUnlockQueue                           0x00002529   Thumb Code   204  queue.o(.text.prvUnlockQueue)
    [Anonymous Symbol]                       0x00002528   Section        0  queue.o(.text.prvUnlockQueue)
    [Anonymous Symbol]                       0x000025f4   Section        0  heap_4.o(.text.pvPortMalloc)
    [Anonymous Symbol]                       0x000027bc   Section        0  port.o(.text.pxPortInitialiseStack)
    [Anonymous Symbol]                       0x0000281c   Section        0  list.o(.text.uxListRemove)
    [Anonymous Symbol]                       0x00002864   Section        0  tasks.o(.text.uxTaskGetNumberOfTasks)
    [Anonymous Symbol]                       0x00002870   Section        0  list.o(.text.vListInitialise)
    [Anonymous Symbol]                       0x000028a0   Section        0  list.o(.text.vListInitialiseItem)
    [Anonymous Symbol]                       0x000028b0   Section        0  list.o(.text.vListInsert)
    vPortEnableVFP                           0x0000291d   Thumb Code    20  port.o(.text.vPortEnableVFP)
    [Anonymous Symbol]                       0x0000291c   Section        0  port.o(.text.vPortEnableVFP)
    [Anonymous Symbol]                       0x00002930   Section        0  port.o(.text.vPortEnterCritical)
    [Anonymous Symbol]                       0x00002988   Section        0  port.o(.text.vPortExitCritical)
    [Anonymous Symbol]                       0x000029d4   Section        0  heap_4.o(.text.vPortFree)
    [Anonymous Symbol]                       0x00002a90   Section        0  port.o(.text.vPortSetupTimerInterrupt)
    [Anonymous Symbol]                       0x00002b08   Section        0  port.o(.text.vPortSuppressTicksAndSleep)
    [Anonymous Symbol]                       0x00002d28   Section        0  queue.o(.text.vQueueWaitForMessageRestricted)
    [Anonymous Symbol]                       0x00002d8c   Section        0  tasks.o(.text.vTaskDelay)
    [Anonymous Symbol]                       0x00002dfc   Section        0  tasks.o(.text.vTaskInternalSetTimeOutState)
    [Anonymous Symbol]                       0x00002e20   Section        0  tasks.o(.text.vTaskMissedYield)
    [Anonymous Symbol]                       0x00002e30   Section        0  tasks.o(.text.vTaskPlaceOnEventList)
    [Anonymous Symbol]                       0x00002e74   Section        0  tasks.o(.text.vTaskPlaceOnEventListRestricted)
    [Anonymous Symbol]                       0x00002ef0   Section        0  tasks.o(.text.vTaskStartScheduler)
    [Anonymous Symbol]                       0x00002fa4   Section        0  tasks.o(.text.vTaskStepTick)
    [Anonymous Symbol]                       0x00003070   Section        0  tasks.o(.text.vTaskSuspendAll)
    __tagsym$$used.0                         0x00003080   Number         0  tasks.o(.text.vTaskSwitchContext)
    [Anonymous Symbol]                       0x00003080   Section        0  tasks.o(.text.vTaskSwitchContext)
    [Anonymous Symbol]                       0x00003140   Section        0  port.o(.text.xPortStartScheduler)
    [Anonymous Symbol]                       0x000032bc   Section        0  queue.o(.text.xQueueGenericCreate)
    [Anonymous Symbol]                       0x00003358   Section        0  queue.o(.text.xQueueGenericReset)
    [Anonymous Symbol]                       0x00003460   Section        0  queue.o(.text.xQueueReceive)
    [Anonymous Symbol]                       0x0000363c   Section        0  tasks.o(.text.xTaskCheckForTimeOut)
    [Anonymous Symbol]                       0x00003738   Section        0  tasks.o(.text.xTaskCreate)
    [Anonymous Symbol]                       0x000037d8   Section        0  tasks.o(.text.xTaskGetSchedulerState)
    [Anonymous Symbol]                       0x00003810   Section        0  tasks.o(.text.xTaskGetTickCount)
    [Anonymous Symbol]                       0x00003824   Section        0  tasks.o(.text.xTaskIncrementTick)
    [Anonymous Symbol]                       0x00003a84   Section        0  tasks.o(.text.xTaskPriorityDisinherit)
    [Anonymous Symbol]                       0x00003bbc   Section        0  tasks.o(.text.xTaskRemoveFromEventList)
    [Anonymous Symbol]                       0x00003d50   Section        0  tasks.o(.text.xTaskResumeAll)
    [Anonymous Symbol]                       0x00003f74   Section        0  timers.o(.text.xTimerCreateTimerTask)
    i.GPIODirModeSet                         0x00003fe0   Section        0  gpio.o(i.GPIODirModeSet)
    i.GPIOPadConfigSet                       0x00004008   Section        0  gpio.o(i.GPIOPadConfigSet)
    i.GPIOPinConfigure                       0x00004178   Section        0  gpio.o(i.GPIOPinConfigure)
    i.GPIOPinRead                            0x000041bc   Section        0  gpio.o(i.GPIOPinRead)
    i.GPIOPinTypePWM                         0x000041c2   Section        0  gpio.o(i.GPIOPinTypePWM)
    i.GPIOPinTypeTimer                       0x000041de   Section        0  gpio.o(i.GPIOPinTypeTimer)
    i.GPIOPinWrite                           0x000041fa   Section        0  gpio.o(i.GPIOPinWrite)
    i.GPIOUnlockPin                          0x00004200   Section        0  gpio.o(i.GPIOUnlockPin)
    i.IntEnable                              0x00004218   Section        0  interrupt.o(i.IntEnable)
    i.IntMasterDisable                       0x0000427c   Section        0  interrupt.o(i.IntMasterDisable)
    i.IntMasterEnable                        0x0000428a   Section        0  interrupt.o(i.IntMasterEnable)
    i.IntPrioritySet                         0x00004298   Section        0  interrupt.o(i.IntPrioritySet)
    i.PWMGenConfigure                        0x000042c0   Section        0  pwm.o(i.PWMGenConfigure)
    i.PWMGenEnable                           0x000042e6   Section        0  pwm.o(i.PWMGenEnable)
    i.PWMGenPeriodSet                        0x000042f0   Section        0  pwm.o(i.PWMGenPeriodSet)
    i.PWMOutputState                         0x00004302   Section        0  pwm.o(i.PWMOutputState)
    i.PWMPulseWidthSet                       0x00004312   Section        0  pwm.o(i.PWMPulseWidthSet)
    i.SysCtlClockGet                         0x00004334   Section        0  sysctl.o(i.SysCtlClockGet)
    i.SysCtlClockSet                         0x00004488   Section        0  sysctl.o(i.SysCtlClockSet)
    i.SysCtlPWMClockSet                      0x000045a8   Section        0  sysctl.o(i.SysCtlPWMClockSet)
    i.SysCtlPeripheralEnable                 0x000045bc   Section        0  sysctl.o(i.SysCtlPeripheralEnable)
    i.SysCtlPeripheralReady                  0x000045e4   Section        0  sysctl.o(i.SysCtlPeripheralReady)
    i.TimerClockSourceSet                    0x00004610   Section        0  timer.o(i.TimerClockSourceSet)
    i.TimerConfigure                         0x00004618   Section        0  timer.o(i.TimerConfigure)
    i.TimerControlEvent                      0x00004678   Section        0  timer.o(i.TimerControlEvent)
    i.TimerDisable                           0x0000468a   Section        0  timer.o(i.TimerDisable)
    i.TimerEnable                            0x0000469a   Section        0  timer.o(i.TimerEnable)
    i.TimerIntClear                          0x000046a8   Section        0  timer.o(i.TimerIntClear)
    i.TimerIntEnable                         0x000046ac   Section        0  timer.o(i.TimerIntEnable)
    i.TimerLoadSet                           0x000046b4   Section        0  timer.o(i.TimerLoadSet)
    i.TimerPrescaleSet                       0x000046c6   Section        0  timer.o(i.TimerPrescaleSet)
    i.TimerValueGet                          0x000046d8   Section        0  timer.o(i.TimerValueGet)
    i.__scatterload_copy                     0x000046e2   Section       14  handlers.o(i.__scatterload_copy)
    i.__scatterload_null                     0x000046f0   Section        2  handlers.o(i.__scatterload_null)
    i.__scatterload_zeroinit                 0x000046f2   Section       14  handlers.o(i.__scatterload_zeroinit)
    g_ppui32GPIOIntMapBlizzard               0x00004700   Data         192  gpio.o(.constdata)
    .constdata                               0x00004700   Section      552  gpio.o(.constdata)
    g_ppui32GPIOIntMapSnowflake              0x000047c0   Data         216  gpio.o(.constdata)
    g_pui32GPIOBaseAddrs                     0x00004898   Data         144  gpio.o(.constdata)
    g_pui32Priority                          0x00004928   Data          32  interrupt.o(.constdata)
    .constdata                               0x00004928   Section      268  interrupt.o(.constdata)
    g_pui32Regs                              0x00004948   Data         156  interrupt.o(.constdata)
    g_pui32EnRegs                            0x000049e4   Data          20  interrupt.o(.constdata)
    g_pui32Dii16Regs                         0x000049f8   Data          20  interrupt.o(.constdata)
    g_pui32PendRegs                          0x00004a0c   Data          20  interrupt.o(.constdata)
    g_pui32UnpendRegs                        0x00004a20   Data          20  interrupt.o(.constdata)
    g_pui32VCOFrequencies                    0x00004a34   Data           8  sysctl.o(.constdata)
    .constdata                               0x00004a34   Section      596  sysctl.o(.constdata)
    g_pui32Xtals                             0x00004a3c   Data         108  sysctl.o(.constdata)
    g_pppui32XTALtoVCO                       0x00004aa8   Data         432  sysctl.o(.constdata)
    g_sXTALtoMEMTIM                          0x00004c58   Data          48  sysctl.o(.constdata)
    .L.str.2                                 0x00004d38   Data           7  apps_interface.o(.rodata.str1.1)
    [Anonymous Symbol]                       0x00004d38   Section        0  apps_interface.o(.rodata.str1.1)
    .L.str.1                                 0x00004d3f   Data          15  apps_interface.o(.rodata.str1.1)
    .L.str                                   0x00004d4e   Data           9  apps_interface.o(.rodata.str1.1)
    .L.str.3                                 0x00004d57   Data          18  apps_interface.o(.rodata.str1.1)
    .L.str                                   0x00004d69   Data           5  tasks.o(.rodata.str1.1)
    [Anonymous Symbol]                       0x00004d69   Section        0  tasks.o(.rodata.str1.1)
    .L.str                                   0x00004d6e   Data           8  timers.o(.rodata.str1.1)
    [Anonymous Symbol]                       0x00004d6e   Section        0  timers.o(.rodata.str1.1)
    uxCriticalNesting                        0x200000c0   Data           4  port.o(.data.uxCriticalNesting)
    [Anonymous Symbol]                       0x200000c0   Section        0  port.o(.data.uxCriticalNesting)
    prvSampleTimeNow.xLastTime               0x200000d8   Data           4  timers.o(.bss.prvSampleTimeNow.xLastTime)
    [Anonymous Symbol]                       0x200000d8   Section        0  timers.o(.bss.prvSampleTimeNow.xLastTime)
    __tagsym$$used.1                         0x200000dc   Number         0  tasks.o(.bss.pxCurrentTCB)
    pxCurrentTimerList                       0x200000e0   Data           4  timers.o(.bss.pxCurrentTimerList)
    [Anonymous Symbol]                       0x200000e0   Section        0  timers.o(.bss.pxCurrentTimerList)
    pxDelayedTaskList                        0x200000e4   Data           4  tasks.o(.bss.pxDelayedTaskList)
    [Anonymous Symbol]                       0x200000e4   Section        0  tasks.o(.bss.pxDelayedTaskList)
    pxEnd                                    0x200000e8   Data           4  heap_4.o(.bss.pxEnd)
    [Anonymous Symbol]                       0x200000e8   Section        0  heap_4.o(.bss.pxEnd)
    pxOverflowDelayedTaskList                0x200000ec   Data           4  tasks.o(.bss.pxOverflowDelayedTaskList)
    [Anonymous Symbol]                       0x200000ec   Section        0  tasks.o(.bss.pxOverflowDelayedTaskList)
    pxOverflowTimerList                      0x200000f0   Data           4  timers.o(.bss.pxOverflowTimerList)
    [Anonymous Symbol]                       0x200000f0   Section        0  timers.o(.bss.pxOverflowTimerList)
    pxReadyTasksLists                        0x200000f4   Data         100  tasks.o(.bss.pxReadyTasksLists)
    [Anonymous Symbol]                       0x200000f4   Section        0  tasks.o(.bss.pxReadyTasksLists)
    ucHeap                                   0x2000015c   Data       15360  heap_4.o(.bss.ucHeap)
    [Anonymous Symbol]                       0x2000015c   Section        0  heap_4.o(.bss.ucHeap)
    ucMaxSysCallPriority                     0x20003d5c   Data           1  port.o(.bss.ucMaxSysCallPriority)
    [Anonymous Symbol]                       0x20003d5c   Section        0  port.o(.bss.ucMaxSysCallPriority)
    ulMaxPRIGROUPValue                       0x20003d60   Data           4  port.o(.bss.ulMaxPRIGROUPValue)
    [Anonymous Symbol]                       0x20003d60   Section        0  port.o(.bss.ulMaxPRIGROUPValue)
    ulStoppedTimerCompensation               0x20003d64   Data           4  port.o(.bss.ulStoppedTimerCompensation)
    [Anonymous Symbol]                       0x20003d64   Section        0  port.o(.bss.ulStoppedTimerCompensation)
    ulTimerCountsForOneTick                  0x20003d68   Data           4  port.o(.bss.ulTimerCountsForOneTick)
    [Anonymous Symbol]                       0x20003d68   Section        0  port.o(.bss.ulTimerCountsForOneTick)
    uxCurrentNumberOfTasks                   0x20003d6c   Data           4  tasks.o(.bss.uxCurrentNumberOfTasks)
    [Anonymous Symbol]                       0x20003d6c   Section        0  tasks.o(.bss.uxCurrentNumberOfTasks)
    uxDeletedTasksWaitingCleanUp             0x20003d70   Data           4  tasks.o(.bss.uxDeletedTasksWaitingCleanUp)
    [Anonymous Symbol]                       0x20003d70   Section        0  tasks.o(.bss.uxDeletedTasksWaitingCleanUp)
    uxSchedulerSuspended                     0x20003d74   Data           4  tasks.o(.bss.uxSchedulerSuspended)
    [Anonymous Symbol]                       0x20003d74   Section        0  tasks.o(.bss.uxSchedulerSuspended)
    uxTaskNumber                             0x20003d78   Data           4  tasks.o(.bss.uxTaskNumber)
    [Anonymous Symbol]                       0x20003d78   Section        0  tasks.o(.bss.uxTaskNumber)
    uxTopReadyPriority                       0x20003d7c   Data           4  tasks.o(.bss.uxTopReadyPriority)
    [Anonymous Symbol]                       0x20003d7c   Section        0  tasks.o(.bss.uxTopReadyPriority)
    xActiveTimerList1                        0x20003d80   Data          20  timers.o(.bss.xActiveTimerList1)
    [Anonymous Symbol]                       0x20003d80   Section        0  timers.o(.bss.xActiveTimerList1)
    xActiveTimerList2                        0x20003d94   Data          20  timers.o(.bss.xActiveTimerList2)
    [Anonymous Symbol]                       0x20003d94   Section        0  timers.o(.bss.xActiveTimerList2)
    xDelayedTaskList1                        0x20003da8   Data          20  tasks.o(.bss.xDelayedTaskList1)
    [Anonymous Symbol]                       0x20003da8   Section        0  tasks.o(.bss.xDelayedTaskList1)
    xDelayedTaskList2                        0x20003dbc   Data          20  tasks.o(.bss.xDelayedTaskList2)
    [Anonymous Symbol]                       0x20003dbc   Section        0  tasks.o(.bss.xDelayedTaskList2)
    xFreeBytesRemaining                      0x20003dd0   Data           4  heap_4.o(.bss.xFreeBytesRemaining)
    [Anonymous Symbol]                       0x20003dd0   Section        0  heap_4.o(.bss.xFreeBytesRemaining)
    xIdleTaskHandle                          0x20003dd4   Data           4  tasks.o(.bss.xIdleTaskHandle)
    [Anonymous Symbol]                       0x20003dd4   Section        0  tasks.o(.bss.xIdleTaskHandle)
    xMaximumPossibleSuppressedTicks          0x20003dd8   Data           4  port.o(.bss.xMaximumPossibleSuppressedTicks)
    [Anonymous Symbol]                       0x20003dd8   Section        0  port.o(.bss.xMaximumPossibleSuppressedTicks)
    xMinimumEverFreeBytesRemaining           0x20003ddc   Data           4  heap_4.o(.bss.xMinimumEverFreeBytesRemaining)
    [Anonymous Symbol]                       0x20003ddc   Section        0  heap_4.o(.bss.xMinimumEverFreeBytesRemaining)
    xNextTaskUnblockTime                     0x20003de0   Data           4  tasks.o(.bss.xNextTaskUnblockTime)
    [Anonymous Symbol]                       0x20003de0   Section        0  tasks.o(.bss.xNextTaskUnblockTime)
    xNumOfOverflows                          0x20003de4   Data           4  tasks.o(.bss.xNumOfOverflows)
    [Anonymous Symbol]                       0x20003de4   Section        0  tasks.o(.bss.xNumOfOverflows)
    xNumberOfSuccessfulAllocations           0x20003de8   Data           4  heap_4.o(.bss.xNumberOfSuccessfulAllocations)
    [Anonymous Symbol]                       0x20003de8   Section        0  heap_4.o(.bss.xNumberOfSuccessfulAllocations)
    xNumberOfSuccessfulFrees                 0x20003dec   Data           4  heap_4.o(.bss.xNumberOfSuccessfulFrees)
    [Anonymous Symbol]                       0x20003dec   Section        0  heap_4.o(.bss.xNumberOfSuccessfulFrees)
    xPendedTicks                             0x20003df0   Data           4  tasks.o(.bss.xPendedTicks)
    [Anonymous Symbol]                       0x20003df0   Section        0  tasks.o(.bss.xPendedTicks)
    xPendingReadyList                        0x20003df4   Data          20  tasks.o(.bss.xPendingReadyList)
    [Anonymous Symbol]                       0x20003df4   Section        0  tasks.o(.bss.xPendingReadyList)
    xSchedulerRunning                        0x20003e08   Data           4  tasks.o(.bss.xSchedulerRunning)
    [Anonymous Symbol]                       0x20003e08   Section        0  tasks.o(.bss.xSchedulerRunning)
    xStart                                   0x20003e0c   Data           8  heap_4.o(.bss.xStart)
    [Anonymous Symbol]                       0x20003e0c   Section        0  heap_4.o(.bss.xStart)
    xSuspendedTaskList                       0x20003e14   Data          20  tasks.o(.bss.xSuspendedTaskList)
    [Anonymous Symbol]                       0x20003e14   Section        0  tasks.o(.bss.xSuspendedTaskList)
    xTasksWaitingTermination                 0x20003e28   Data          20  tasks.o(.bss.xTasksWaitingTermination)
    [Anonymous Symbol]                       0x20003e28   Section        0  tasks.o(.bss.xTasksWaitingTermination)
    xTickCount                               0x20003e3c   Data           4  tasks.o(.bss.xTickCount)
    [Anonymous Symbol]                       0x20003e3c   Section        0  tasks.o(.bss.xTickCount)
    xTimerQueue                              0x20003e40   Data           4  timers.o(.bss.xTimerQueue)
    [Anonymous Symbol]                       0x20003e40   Section        0  timers.o(.bss.xTimerQueue)
    xTimerTaskHandle                         0x20003e44   Data           4  timers.o(.bss.xTimerTaskHandle)
    [Anonymous Symbol]                       0x20003e44   Section        0  timers.o(.bss.xTimerTaskHandle)
    xYieldPending                            0x20003e48   Data           4  tasks.o(.bss.xYieldPending)
    [Anonymous Symbol]                       0x20003e48   Section        0  tasks.o(.bss.xYieldPending)
    STACK                                    0x20003e50   Section      512  startup_tm4c123.o(STACK)

    Global Symbols

    Symbol Name                              Value     Ov Type        Size  Object(Section)

    BuildAttributes$$THM_ISAv4$E$P$D$K$B$S$7EM$VFPi3$EXTD16$VFPS$VFMA$PE$A:L22UL41UL21$X:L11$S22US41US21$IEEE1$IW$~IW$USESV6$~STKCKD$USESV7$~SHL$OTIME$EBA8$MICROLIB$REQ8$PRES8$EABIv2 0x00000000   Number         0  anon$$obj.o ABSOLUTE
    __Vectors                                0x00000000   Data           4  startup_tm4c123.o(RESET)
    __cpp_initialize__aeabi_                  - Undefined Weak Reference
    __cxa_finalize                            - Undefined Weak Reference
    __decompress                              - Undefined Weak Reference
    _clock_init                               - Undefined Weak Reference
    _microlib_exit                            - Undefined Weak Reference
    __Vectors_End                            0x0000026c   Data           0  startup_tm4c123.o(RESET)
    __Vectors_Size                           0x0000026c   Number         0  startup_tm4c123.o ABSOLUTE
    __main                                   0x0000026d   Thumb Code     0  entry.o(.ARM.Collect$$$$00000000)
    _main_stk                                0x0000026d   Thumb Code     0  entry2.o(.ARM.Collect$$$$00000001)
    _main_scatterload                        0x00000271   Thumb Code     0  entry5.o(.ARM.Collect$$$$00000004)
    __main_after_scatterload                 0x00000275   Thumb Code     0  entry5.o(.ARM.Collect$$$$00000004)
    _main_clock                              0x00000275   Thumb Code     0  entry7b.o(.ARM.Collect$$$$00000008)
    _main_cpp_init                           0x00000275   Thumb Code     0  entry8b.o(.ARM.Collect$$$$0000000A)
    _main_init                               0x00000275   Thumb Code     0  entry9a.o(.ARM.Collect$$$$0000000B)
    __rt_final_cpp                           0x0000027d   Thumb Code     0  entry10a.o(.ARM.Collect$$$$0000000D)
    __rt_final_exit                          0x0000027d   Thumb Code     0  entry11a.o(.ARM.Collect$$$$0000000F)
    SysCtlDelay                              0x00000281   Thumb Code     6  sysctl.o(.emb_text)
    CPUcpsid                                 0x00000289   Thumb Code     8  cpu.o(.emb_text)
    CPUprimask                               0x00000291   Thumb Code     6  cpu.o(.emb_text)
    CPUcpsie                                 0x00000297   Thumb Code     8  cpu.o(.emb_text)
    CPUwfi                                   0x0000029f   Thumb Code     4  cpu.o(.emb_text)
    CPUbasepriSet                            0x000002a3   Thumb Code     6  cpu.o(.emb_text)
    CPUbasepriGet                            0x000002a9   Thumb Code     6  cpu.o(.emb_text)
    Reset_Handler                            0x000002b1   Thumb Code     8  startup_tm4c123.o(.text)
    NMI_Handler                              0x000002b9   Thumb Code     2  startup_tm4c123.o(.text)
    HardFault_Handler                        0x000002bb   Thumb Code     2  startup_tm4c123.o(.text)
    MemManage_Handler                        0x000002bd   Thumb Code     2  startup_tm4c123.o(.text)
    BusFault_Handler                         0x000002bf   Thumb Code     2  startup_tm4c123.o(.text)
    UsageFault_Handler                       0x000002c1   Thumb Code     2  startup_tm4c123.o(.text)
    DebugMon_Handler                         0x000002c5   Thumb Code     2  startup_tm4c123.o(.text)
    GPIOA_Handler                            0x000002cb   Thumb Code     2  startup_tm4c123.o(.text)
    GPIOB_Handler                            0x000002cd   Thumb Code     2  startup_tm4c123.o(.text)
    GPIOC_Handler                            0x000002cf   Thumb Code     2  startup_tm4c123.o(.text)
    GPIOD_Handler                            0x000002d1   Thumb Code     2  startup_tm4c123.o(.text)
    GPIOE_Handler                            0x000002d3   Thumb Code     2  startup_tm4c123.o(.text)
    UART0_Handler                            0x000002d5   Thumb Code     2  startup_tm4c123.o(.text)
    UART1_Handler                            0x000002d7   Thumb Code     2  startup_tm4c123.o(.text)
    SSI0_Handler                             0x000002d9   Thumb Code     2  startup_tm4c123.o(.text)
    I2C0_Handler                             0x000002db   Thumb Code     2  startup_tm4c123.o(.text)
    PMW0_FAULT_Handler                       0x000002dd   Thumb Code     2  startup_tm4c123.o(.text)
    PWM0_0_Handler                           0x000002df   Thumb Code     2  startup_tm4c123.o(.text)
    PWM0_1_Handler                           0x000002e1   Thumb Code     2  startup_tm4c123.o(.text)
    PWM0_2_Handler                           0x000002e3   Thumb Code     2  startup_tm4c123.o(.text)
    QEI0_Handler                             0x000002e5   Thumb Code     2  startup_tm4c123.o(.text)
    ADC0SS0_Handler                          0x000002e7   Thumb Code     2  startup_tm4c123.o(.text)
    ADC0SS1_Handler                          0x000002e9   Thumb Code     2  startup_tm4c123.o(.text)
    ADC0SS2_Handler                          0x000002eb   Thumb Code     2  startup_tm4c123.o(.text)
    ADC0SS3_Handler                          0x000002ed   Thumb Code     2  startup_tm4c123.o(.text)
    WDT0_Handler                             0x000002ef   Thumb Code     2  startup_tm4c123.o(.text)
    TIMER0A_Handler                          0x000002f1   Thumb Code     2  startup_tm4c123.o(.text)
    TIMER0B_Handler                          0x000002f3   Thumb Code     2  startup_tm4c123.o(.text)
    TIMER1A_Handler                          0x000002f5   Thumb Code     2  startup_tm4c123.o(.text)
    TIMER1B_Handler                          0x000002f7   Thumb Code     2  startup_tm4c123.o(.text)
    TIMER2A_Handler                          0x000002f9   Thumb Code     2  startup_tm4c123.o(.text)
    TIMER2B_Handler                          0x000002fb   Thumb Code     2  startup_tm4c123.o(.text)
    COMP0_Handler                            0x000002fd   Thumb Code     2  startup_tm4c123.o(.text)
    COMP1_Handler                            0x000002ff   Thumb Code     2  startup_tm4c123.o(.text)
    COMP2_Handler                            0x00000301   Thumb Code     2  startup_tm4c123.o(.text)
    SYSCTL_Handler                           0x00000303   Thumb Code     2  startup_tm4c123.o(.text)
    FLASH_Handler                            0x00000305   Thumb Code     2  startup_tm4c123.o(.text)
    GPIOF_Handler                            0x00000307   Thumb Code     2  startup_tm4c123.o(.text)
    GPIOG_Handler                            0x00000309   Thumb Code     2  startup_tm4c123.o(.text)
    GPIOH_Handler                            0x0000030b   Thumb Code     2  startup_tm4c123.o(.text)
    UART2_Handler                            0x0000030d   Thumb Code     2  startup_tm4c123.o(.text)
    SSI1_Handler                             0x0000030f   Thumb Code     2  startup_tm4c123.o(.text)
    TIMER3A_Handler                          0x00000311   Thumb Code     2  startup_tm4c123.o(.text)
    TIMER3B_Handler                          0x00000313   Thumb Code     2  startup_tm4c123.o(.text)
    I2C1_Handler                             0x00000315   Thumb Code     2  startup_tm4c123.o(.text)
    QEI1_Handler                             0x00000317   Thumb Code     2  startup_tm4c123.o(.text)
    CAN0_Handler                             0x00000319   Thumb Code     2  startup_tm4c123.o(.text)
    CAN1_Handler                             0x0000031b   Thumb Code     2  startup_tm4c123.o(.text)
    CAN2_Handler                             0x0000031d   Thumb Code     2  startup_tm4c123.o(.text)
    HIB_Handler                              0x0000031f   Thumb Code     2  startup_tm4c123.o(.text)
    USB0_Handler                             0x00000321   Thumb Code     2  startup_tm4c123.o(.text)
    PWM0_3_Handler                           0x00000323   Thumb Code     2  startup_tm4c123.o(.text)
    UDMA_Handler                             0x00000325   Thumb Code     2  startup_tm4c123.o(.text)
    UDMAERR_Handler                          0x00000327   Thumb Code     2  startup_tm4c123.o(.text)
    ADC1SS0_Handler                          0x00000329   Thumb Code     2  startup_tm4c123.o(.text)
    ADC1SS1_Handler                          0x0000032b   Thumb Code     2  startup_tm4c123.o(.text)
    ADC1SS2_Handler                          0x0000032d   Thumb Code     2  startup_tm4c123.o(.text)
    ADC1SS3_Handler                          0x0000032f   Thumb Code     2  startup_tm4c123.o(.text)
    GPIOJ_Handler                            0x00000331   Thumb Code     2  startup_tm4c123.o(.text)
    GPIOK_Handler                            0x00000333   Thumb Code     2  startup_tm4c123.o(.text)
    GPIOL_Handler                            0x00000335   Thumb Code     2  startup_tm4c123.o(.text)
    SSI2_Handler                             0x00000337   Thumb Code     2  startup_tm4c123.o(.text)
    SSI3_Handler                             0x00000339   Thumb Code     2  startup_tm4c123.o(.text)
    UART3_Handler                            0x0000033b   Thumb Code     2  startup_tm4c123.o(.text)
    UART4_Handler                            0x0000033d   Thumb Code     2  startup_tm4c123.o(.text)
    UART5_Handler                            0x0000033f   Thumb Code     2  startup_tm4c123.o(.text)
    UART6_Handler                            0x00000341   Thumb Code     2  startup_tm4c123.o(.text)
    UART7_Handler                            0x00000343   Thumb Code     2  startup_tm4c123.o(.text)
    I2C2_Handler                             0x00000345   Thumb Code     2  startup_tm4c123.o(.text)
    I2C3_Handler                             0x00000347   Thumb Code     2  startup_tm4c123.o(.text)
    TIMER4A_Handler                          0x00000349   Thumb Code     2  startup_tm4c123.o(.text)
    TIMER4B_Handler                          0x0000034b   Thumb Code     2  startup_tm4c123.o(.text)
    TIMER5A_Handler                          0x0000034d   Thumb Code     2  startup_tm4c123.o(.text)
    TIMER5B_Handler                          0x0000034f   Thumb Code     2  startup_tm4c123.o(.text)
    WTIMER0A_Handler                         0x00000351   Thumb Code     2  startup_tm4c123.o(.text)
    WTIMER0B_Handler                         0x00000353   Thumb Code     2  startup_tm4c123.o(.text)
    WTIMER1A_Handler                         0x00000355   Thumb Code     2  startup_tm4c123.o(.text)
    WTIMER1B_Handler                         0x00000357   Thumb Code     2  startup_tm4c123.o(.text)
    WTIMER2A_Handler                         0x00000359   Thumb Code     2  startup_tm4c123.o(.text)
    WTIMER2B_Handler                         0x0000035b   Thumb Code     2  startup_tm4c123.o(.text)
    WTIMER3A_Handler                         0x0000035d   Thumb Code     2  startup_tm4c123.o(.text)
    WTIMER3B_Handler                         0x0000035f   Thumb Code     2  startup_tm4c123.o(.text)
    WTIMER4A_Handler                         0x00000361   Thumb Code     2  startup_tm4c123.o(.text)
    WTIMER4B_Handler                         0x00000363   Thumb Code     2  startup_tm4c123.o(.text)
    WTIMER5A_Handler                         0x00000365   Thumb Code     2  startup_tm4c123.o(.text)
    WTIMER5B_Handler                         0x00000367   Thumb Code     2  startup_tm4c123.o(.text)
    FPU_Handler                              0x00000369   Thumb Code     2  startup_tm4c123.o(.text)
    I2C4_Handler                             0x0000036b   Thumb Code     2  startup_tm4c123.o(.text)
    I2C5_Handler                             0x0000036d   Thumb Code     2  startup_tm4c123.o(.text)
    GPIOM_Handler                            0x0000036f   Thumb Code     2  startup_tm4c123.o(.text)
    GPION_Handler                            0x00000371   Thumb Code     2  startup_tm4c123.o(.text)
    QEI2_Handler                             0x00000373   Thumb Code     2  startup_tm4c123.o(.text)
    GPIOP0_Handler                           0x00000375   Thumb Code     2  startup_tm4c123.o(.text)
    GPIOP1_Handler                           0x00000377   Thumb Code     2  startup_tm4c123.o(.text)
    GPIOP2_Handler                           0x00000379   Thumb Code     2  startup_tm4c123.o(.text)
    GPIOP3_Handler                           0x0000037b   Thumb Code     2  startup_tm4c123.o(.text)
    GPIOP4_Handler                           0x0000037d   Thumb Code     2  startup_tm4c123.o(.text)
    GPIOP5_Handler                           0x0000037f   Thumb Code     2  startup_tm4c123.o(.text)
    GPIOP6_Handler                           0x00000381   Thumb Code     2  startup_tm4c123.o(.text)
    GPIOP7_Handler                           0x00000383   Thumb Code     2  startup_tm4c123.o(.text)
    GPIOQ0_Handler                           0x00000385   Thumb Code     2  startup_tm4c123.o(.text)
    GPIOQ1_Handler                           0x00000387   Thumb Code     2  startup_tm4c123.o(.text)
    GPIOQ2_Handler                           0x00000389   Thumb Code     2  startup_tm4c123.o(.text)
    GPIOQ3_Handler                           0x0000038b   Thumb Code     2  startup_tm4c123.o(.text)
    GPIOQ4_Handler                           0x0000038d   Thumb Code     2  startup_tm4c123.o(.text)
    GPIOQ5_Handler                           0x0000038f   Thumb Code     2  startup_tm4c123.o(.text)
    GPIOQ6_Handler                           0x00000391   Thumb Code     2  startup_tm4c123.o(.text)
    GPIOQ7_Handler                           0x00000393   Thumb Code     2  startup_tm4c123.o(.text)
    GPIOR_Handler                            0x00000395   Thumb Code     2  startup_tm4c123.o(.text)
    GPIOS_Handler                            0x00000397   Thumb Code     2  startup_tm4c123.o(.text)
    PMW1_0_Handler                           0x00000399   Thumb Code     2  startup_tm4c123.o(.text)
    PWM1_1_Handler                           0x0000039b   Thumb Code     2  startup_tm4c123.o(.text)
    PWM1_2_Handler                           0x0000039d   Thumb Code     2  startup_tm4c123.o(.text)
    PWM1_3_Handler                           0x0000039f   Thumb Code     2  startup_tm4c123.o(.text)
    PWM1_FAULT_Handler                       0x000003a1   Thumb Code     2  startup_tm4c123.o(.text)
    __aeabi_memcpy                           0x000003ad   Thumb Code    36  memcpya.o(.text)
    __aeabi_memcpy4                          0x000003ad   Thumb Code     0  memcpya.o(.text)
    __aeabi_memcpy8                          0x000003ad   Thumb Code     0  memcpya.o(.text)
    __aeabi_memset                           0x000003d1   Thumb Code    14  memseta.o(.text)
    __aeabi_memset4                          0x000003d1   Thumb Code     0  memseta.o(.text)
    __aeabi_memset8                          0x000003d1   Thumb Code     0  memseta.o(.text)
    __aeabi_memclr                           0x000003df   Thumb Code     4  memseta.o(.text)
    __aeabi_memclr4                          0x000003df   Thumb Code     0  memseta.o(.text)
    __aeabi_memclr8                          0x000003df   Thumb Code     0  memseta.o(.text)
    _memset$wrapper                          0x000003e3   Thumb Code    18  memseta.o(.text)
    __scatterload                            0x000003f5   Thumb Code    38  init.o(.text)
    __scatterload_rt2                        0x000003f5   Thumb Code     0  init.o(.text)
    APP_IR_Read_RightIR                      0x00000425   Thumb Code   148  ir_app.o(.text.APP_IR_Read_RightIR)
    App_Init                                 0x000004b9   Thumb Code   192  apps_interface.o(.text.App_Init)
    App_Start                                0x00000579   Thumb Code     8  apps_interface.o(.text.App_Start)
    App_Ultrasonic_Actions                   0x00000581   Thumb Code    94  ultrasonic_app.o(.text.App_Ultrasonic_Actions)
    CommunicationTask                        0x000005e1   Thumb Code    16  apps_interface.o(.text.CommunicationTask)
    HAL_DC_MOTOE_MOVE_FORWARD_LEFT           0x000005f1   Thumb Code    78  motor.o(.text.HAL_DC_MOTOE_MOVE_FORWARD_LEFT)
    HAL_DC_MOTOE_MOVE_FORWARD_RIGHT          0x00000641   Thumb Code    78  motor.o(.text.HAL_DC_MOTOE_MOVE_FORWARD_RIGHT)
    HAL_DC_MOTORS_OFF                        0x00000691   Thumb Code    88  motor.o(.text.HAL_DC_MOTORS_OFF)
    HAL_DC_MOTOR_ControlSpeed                0x000006e9   Thumb Code   212  motor.o(.text.HAL_DC_MOTOR_ControlSpeed)
    HAL_DC_MOTOR_INIT                        0x000007bd   Thumb Code   100  motor.o(.text.HAL_DC_MOTOR_INIT)
    HAL_DC_MOTOR_MOVE_FORWARD                0x00000821   Thumb Code    80  motor.o(.text.HAL_DC_MOTOR_MOVE_FORWARD)
    HAL_IR_Inti                              0x00000871   Thumb Code    52  ir.o(.text.HAL_IR_Inti)
    HAL_IR_Read_LeftIR                       0x000008a5   Thumb Code    50  ir.o(.text.HAL_IR_Read_LeftIR)
    HAL_IR_Read_RightIR                      0x000008d9   Thumb Code    50  ir.o(.text.HAL_IR_Read_RightIR)
    HAL_Ultra_Dist                           0x0000090d   Thumb Code   206  ultrasonic.o(.text.HAL_Ultra_Dist)
    HAL_Ultra_Inti                           0x000009dd   Thumb Code    72  ultrasonic.o(.text.HAL_Ultra_Inti)
    IRTask                                   0x00000a25   Thumb Code    52  apps_interface.o(.text.IRTask)
    IdleMode                                 0x00000a59   Thumb Code    74  apps_interface.o(.text.IdleMode)
    MCAL_DelayMs                             0x00000aa5   Thumb Code    68  delay.o(.text.MCAL_DelayMs)
    MCAL_DelayUs                             0x00000ae9   Thumb Code    68  delay.o(.text.MCAL_DelayUs)
    MCAL_GPIO_Pin_Init                       0x00000b2d   Thumb Code   422  gpio.o(.text.MCAL_GPIO_Pin_Init)
    MCAL_GPIO_Pin_Read                       0x00000cd5   Thumb Code    84  gpio.o(.text.MCAL_GPIO_Pin_Read)
    MCAL_GPIO_Pin_Write                      0x00000d29   Thumb Code   162  gpio.o(.text.MCAL_GPIO_Pin_Write)
    MCAL_PWM_Inti                            0x00000dcd   Thumb Code   380  pwm.o(.text.MCAL_PWM_Inti)
    MCAL_PWM_PulseWidthSet                   0x00000f49   Thumb Code    50  pwm.o(.text.MCAL_PWM_PulseWidthSet)
    MCAL_PWM_Start                           0x00000f7d   Thumb Code    48  pwm.o(.text.MCAL_PWM_Start)
    MCAL_RCC_SysCtlClockExternal             0x00000fad   Thumb Code    56  rcc.o(.text.MCAL_RCC_SysCtlClockExternal)
    MCAL_Timer_GET_VALUE                     0x00000fe5   Thumb Code    54  timer.o(.text.MCAL_Timer_GET_VALUE)
    MCAL_Timer_IntClear                      0x0000101d   Thumb Code    46  timer.o(.text.MCAL_Timer_IntClear)
    MCAL_Timer_Inti_CAP                      0x0000104d   Thumb Code   348  timer.o(.text.MCAL_Timer_Inti_CAP)
    MCAL_Timer_SET_EVENT                     0x000011a9   Thumb Code    50  timer.o(.text.MCAL_Timer_SET_EVENT)
    MCAL_Timer_SET_LOAD                      0x000011dd   Thumb Code    48  timer.o(.text.MCAL_Timer_SET_LOAD)
    MCAL_Timer_SET_PRESCALLER                0x0000120d   Thumb Code    48  timer.o(.text.MCAL_Timer_SET_PRESCALLER)
    MCAL_Timer_Start                         0x0000123d   Thumb Code    46  timer.o(.text.MCAL_Timer_Start)
    MCAL_Timer_Stop                          0x0000126d   Thumb Code    46  timer.o(.text.MCAL_Timer_Stop)
    MainTask                                 0x0000129d   Thumb Code    98  apps_interface.o(.text.MainTask)
    MovingHighSpeed_Mode                     0x00001301   Thumb Code    76  apps_interface.o(.text.MovingHighSpeed_Mode)
    MovingLowSpeed_Mode                      0x0000134d   Thumb Code    88  apps_interface.o(.text.MovingLowSpeed_Mode)
    PendSV_Handler                           0x000013b1   Thumb Code   100  port.o(.text.PendSV_Handler)
    SVC_Handler                              0x00001421   Thumb Code    36  port.o(.text.SVC_Handler)
    SysTick_Handler                          0x00001445   Thumb Code    60  port.o(.text.SysTick_Handler)
    SystemInit                               0x00001481   Thumb Code   268  system_tm4c123.o(.text.SystemInit)
    UltraTask                                0x0000158d   Thumb Code    36  apps_interface.o(.text.UltraTask)
    eTaskConfirmSleepModeStatus              0x000015b1   Thumb Code   128  tasks.o(.text.eTaskConfirmSleepModeStatus)
    main                                     0x00001631   Thumb Code    20  app.o(.text.main)
    pvPortMalloc                             0x000025f5   Thumb Code   456  heap_4.o(.text.pvPortMalloc)
    pxPortInitialiseStack                    0x000027bd   Thumb Code    94  port.o(.text.pxPortInitialiseStack)
    uxListRemove                             0x0000281d   Thumb Code    72  list.o(.text.uxListRemove)
    uxTaskGetNumberOfTasks                   0x00002865   Thumb Code    12  tasks.o(.text.uxTaskGetNumberOfTasks)
    vListInitialise                          0x00002871   Thumb Code    46  list.o(.text.vListInitialise)
    vListInitialiseItem                      0x000028a1   Thumb Code    14  list.o(.text.vListInitialiseItem)
    vListInsert                              0x000028b1   Thumb Code   106  list.o(.text.vListInsert)
    vPortEnterCritical                       0x00002931   Thumb Code    86  port.o(.text.vPortEnterCritical)
    vPortExitCritical                        0x00002989   Thumb Code    74  port.o(.text.vPortExitCritical)
    vPortFree                                0x000029d5   Thumb Code   186  heap_4.o(.text.vPortFree)
    vPortSetupTimerInterrupt                 0x00002a91   Thumb Code   120  port.o(.text.vPortSetupTimerInterrupt)
    vPortSuppressTicksAndSleep               0x00002b09   Thumb Code   544  port.o(.text.vPortSuppressTicksAndSleep)
    vQueueWaitForMessageRestricted           0x00002d29   Thumb Code   100  queue.o(.text.vQueueWaitForMessageRestricted)
    vTaskDelay                               0x00002d8d   Thumb Code   110  tasks.o(.text.vTaskDelay)
    vTaskInternalSetTimeOutState             0x00002dfd   Thumb Code    36  tasks.o(.text.vTaskInternalSetTimeOutState)
    vTaskMissedYield                         0x00002e21   Thumb Code    14  tasks.o(.text.vTaskMissedYield)
    vTaskPlaceOnEventList                    0x00002e31   Thumb Code    66  tasks.o(.text.vTaskPlaceOnEventList)
    vTaskPlaceOnEventListRestricted          0x00002e75   Thumb Code   124  tasks.o(.text.vTaskPlaceOnEventListRestricted)
    vTaskStartScheduler                      0x00002ef1   Thumb Code   180  tasks.o(.text.vTaskStartScheduler)
    vTaskStepTick                            0x00002fa5   Thumb Code   204  tasks.o(.text.vTaskStepTick)
    vTaskSuspendAll                          0x00003071   Thumb Code    16  tasks.o(.text.vTaskSuspendAll)
    vTaskSwitchContext                       0x00003081   Thumb Code   190  tasks.o(.text.vTaskSwitchContext)
    xPortStartScheduler                      0x00003141   Thumb Code   380  port.o(.text.xPortStartScheduler)
    xQueueGenericCreate                      0x000032bd   Thumb Code   154  queue.o(.text.xQueueGenericCreate)
    xQueueGenericReset                       0x00003359   Thumb Code   264  queue.o(.text.xQueueGenericReset)
    xQueueReceive                            0x00003461   Thumb Code   476  queue.o(.text.xQueueReceive)
    xTaskCheckForTimeOut                     0x0000363d   Thumb Code   252  tasks.o(.text.xTaskCheckForTimeOut)
    xTaskCreate                              0x00003739   Thumb Code   160  tasks.o(.text.xTaskCreate)
    xTaskGetSchedulerState                   0x000037d9   Thumb Code    56  tasks.o(.text.xTaskGetSchedulerState)
    xTaskGetTickCount                        0x00003811   Thumb Code    20  tasks.o(.text.xTaskGetTickCount)
    xTaskIncrementTick                       0x00003825   Thumb Code   608  tasks.o(.text.xTaskIncrementTick)
    xTaskPriorityDisinherit                  0x00003a85   Thumb Code   312  tasks.o(.text.xTaskPriorityDisinherit)
    xTaskRemoveFromEventList                 0x00003bbd   Thumb Code   402  tasks.o(.text.xTaskRemoveFromEventList)
    xTaskResumeAll                           0x00003d51   Thumb Code   546  tasks.o(.text.xTaskResumeAll)
    xTimerCreateTimerTask                    0x00003f75   Thumb Code   108  timers.o(.text.xTimerCreateTimerTask)
    GPIODirModeSet                           0x00003fe1   Thumb Code    40  gpio.o(i.GPIODirModeSet)
    GPIOPadConfigSet                         0x00004009   Thumb Code   354  gpio.o(i.GPIOPadConfigSet)
    GPIOPinConfigure                         0x00004179   Thumb Code    60  gpio.o(i.GPIOPinConfigure)
    GPIOPinRead                              0x000041bd   Thumb Code     6  gpio.o(i.GPIOPinRead)
    GPIOPinTypePWM                           0x000041c3   Thumb Code    28  gpio.o(i.GPIOPinTypePWM)
    GPIOPinTypeTimer                         0x000041df   Thumb Code    28  gpio.o(i.GPIOPinTypeTimer)
    GPIOPinWrite                             0x000041fb   Thumb Code     6  gpio.o(i.GPIOPinWrite)
    GPIOUnlockPin                            0x00004201   Thumb Code    18  gpio.o(i.GPIOUnlockPin)
    IntEnable                                0x00004219   Thumb Code    92  interrupt.o(i.IntEnable)
    IntMasterDisable                         0x0000427d   Thumb Code    14  interrupt.o(i.IntMasterDisable)
    IntMasterEnable                          0x0000428b   Thumb Code    14  interrupt.o(i.IntMasterEnable)
    IntPrioritySet                           0x00004299   Thumb Code    36  interrupt.o(i.IntPrioritySet)
    PWMGenConfigure                          0x000042c1   Thumb Code    38  pwm.o(i.PWMGenConfigure)
    PWMGenEnable                             0x000042e7   Thumb Code    10  pwm.o(i.PWMGenEnable)
    PWMGenPeriodSet                          0x000042f1   Thumb Code    18  pwm.o(i.PWMGenPeriodSet)
    PWMOutputState                           0x00004303   Thumb Code    16  pwm.o(i.PWMOutputState)
    PWMPulseWidthSet                         0x00004313   Thumb Code    32  pwm.o(i.PWMPulseWidthSet)
    SysCtlClockGet                           0x00004335   Thumb Code   304  sysctl.o(i.SysCtlClockGet)
    SysCtlClockSet                           0x00004489   Thumb Code   270  sysctl.o(i.SysCtlClockSet)
    SysCtlPWMClockSet                        0x000045a9   Thumb Code    14  sysctl.o(i.SysCtlPWMClockSet)
    SysCtlPeripheralEnable                   0x000045bd   Thumb Code    36  sysctl.o(i.SysCtlPeripheralEnable)
    SysCtlPeripheralReady                    0x000045e5   Thumb Code    40  sysctl.o(i.SysCtlPeripheralReady)
    TimerClockSourceSet                      0x00004611   Thumb Code     6  timer.o(i.TimerClockSourceSet)
    TimerConfigure                           0x00004619   Thumb Code    88  timer.o(i.TimerConfigure)
    TimerControlEvent                        0x00004679   Thumb Code    18  timer.o(i.TimerControlEvent)
    TimerDisable                             0x0000468b   Thumb Code    16  timer.o(i.TimerDisable)
    TimerEnable                              0x0000469b   Thumb Code    14  timer.o(i.TimerEnable)
    TimerIntClear                            0x000046a9   Thumb Code     4  timer.o(i.TimerIntClear)
    TimerIntEnable                           0x000046ad   Thumb Code     8  timer.o(i.TimerIntEnable)
    TimerLoadSet                             0x000046b5   Thumb Code    18  timer.o(i.TimerLoadSet)
    TimerPrescaleSet                         0x000046c7   Thumb Code    18  timer.o(i.TimerPrescaleSet)
    TimerValueGet                            0x000046d9   Thumb Code    10  timer.o(i.TimerValueGet)
    __scatterload_copy                       0x000046e3   Thumb Code    14  handlers.o(i.__scatterload_copy)
    __scatterload_null                       0x000046f1   Thumb Code     2  handlers.o(i.__scatterload_null)
    __scatterload_zeroinit                   0x000046f3   Thumb Code    14  handlers.o(i.__scatterload_zeroinit)
    PA6                                      0x00004c88   Data          20  gpio_config.o(.rodata.PA6)
    PB4                                      0x00004c9c   Data          20  gpio_config.o(.rodata.PB4)
    PC4                                      0x00004cb0   Data          20  gpio_config.o(.rodata.PC4)
    PC5                                      0x00004cc4   Data          20  gpio_config.o(.rodata.PC5)
    PC6                                      0x00004cd8   Data          20  gpio_config.o(.rodata.PC6)
    PC7                                      0x00004cec   Data          20  gpio_config.o(.rodata.PC7)
    PF3                                      0x00004d00   Data          20  gpio_config.o(.rodata.PF3)
    PF4                                      0x00004d14   Data          20  gpio_config.o(.rodata.PF4)
    RCC_config16                             0x00004d28   Data          16  rcc_config.o(.rodata.RCC_config16)
    uxTopUsedPriority                        0x00004d78   Data           4  tasks.o(.rodata.uxTopUsedPriority)
    Region$$Table$$Base                      0x00004d7c   Number         0  anon$$obj.o(Region$$Table)
    Region$$Table$$Limit                     0x00004d9c   Number         0  anon$$obj.o(Region$$Table)
    IR_config                                0x20000000   Data           8  ir_config.o(.data.IR_config)
    PF2_M1PWM6                               0x20000008   Data          44  pwm_config.o(.data.PF2_M1PWM6)
    PF3_M1PWM7                               0x20000034   Data          44  pwm_config.o(.data.PF3_M1PWM7)
    SystemCoreClock                          0x20000060   Data           4  system_tm4c123.o(.data.SystemCoreClock)
    motor_config                             0x20000064   Data          24  motor_config.o(.data.motor_config)
    timer1A                                  0x2000007c   Data          56  timer_config.o(.data.timer1A)
    ultra1                                   0x200000b4   Data          12  ultrasonic_config.o(.data.ultra1)
    Current_State                            0x200000c8   Data           1  apps_interface.o(.bss.Current_State)
    Global_Distance                          0x200000cc   Data           4  apps_interface.o(.bss.Global_Distance)
    Global_LeftValue                         0x200000d0   Data           4  apps_interface.o(.bss.Global_LeftValue)
    Global_RightValue                        0x200000d4   Data           4  apps_interface.o(.bss.Global_RightValue)
    pxCurrentTCB                             0x200000dc   Data           4  tasks.o(.bss.pxCurrentTCB)
    speed                                    0x20000158   Data           4  motor.o(.bss.speed)
    __initial_sp                             0x20004050   Data           0  startup_tm4c123.o(STACK)



==============================================================================

Memory Map of the image

  Image Entry point : 0x0000026d

  Load Region LR_IROM1 (Base: 0x00000000, Size: 0x00004e68, Max: 0x00040000, ABSOLUTE)

    Execution Region ER_IROM1 (Exec base: 0x00000000, Load base: 0x00000000, Size: 0x00004d9c, Max: 0x00040000, ABSOLUTE)

    Exec Addr    Load Addr    Size         Type   Attr      Idx    E Section Name        Object

    0x00000000   0x00000000   0x0000026c   Data   RO          379    RESET               startup_tm4c123.o
    0x0000026c   0x0000026c   0x00000000   Code   RO         2279  * .ARM.Collect$$$$00000000  mc_w.l(entry.o)
    0x0000026c   0x0000026c   0x00000004   Code   RO         2290    .ARM.Collect$$$$00000001  mc_w.l(entry2.o)
    0x00000270   0x00000270   0x00000004   Code   RO         2293    .ARM.Collect$$$$00000004  mc_w.l(entry5.o)
    0x00000274   0x00000274   0x00000000   Code   RO         2295    .ARM.Collect$$$$00000008  mc_w.l(entry7b.o)
    0x00000274   0x00000274   0x00000000   Code   RO         2297    .ARM.Collect$$$$0000000A  mc_w.l(entry8b.o)
    0x00000274   0x00000274   0x00000008   Code   RO         2298    .ARM.Collect$$$$0000000B  mc_w.l(entry9a.o)
    0x0000027c   0x0000027c   0x00000000   Code   RO         2300    .ARM.Collect$$$$0000000D  mc_w.l(entry10a.o)
    0x0000027c   0x0000027c   0x00000000   Code   RO         2302    .ARM.Collect$$$$0000000F  mc_w.l(entry11a.o)
    0x0000027c   0x0000027c   0x00000004   Code   RO         2291    .ARM.Collect$$$$00002712  mc_w.l(entry2.o)
    0x00000280   0x00000280   0x00000006   Code   RO         1668    .emb_text           driverlib.lib(sysctl.o)
    0x00000286   0x00000286   0x00000002   PAD
    0x00000288   0x00000288   0x00000026   Code   RO         2269    .emb_text           driverlib.lib(cpu.o)
    0x000002ae   0x000002ae   0x00000002   PAD
    0x000002b0   0x000002b0   0x000000fc   Code   RO          380    .text               startup_tm4c123.o
    0x000003ac   0x000003ac   0x00000024   Code   RO         2282    .text               mc_w.l(memcpya.o)
    0x000003d0   0x000003d0   0x00000024   Code   RO         2284    .text               mc_w.l(memseta.o)
    0x000003f4   0x000003f4   0x00000030   Code   RO         2304    .text               mc_w.l(init.o)
    0x00000424   0x00000424   0x00000094   Code   RO           40    .text.APP_IR_Read_RightIR  ir_app.o
    0x000004b8   0x000004b8   0x000000c0   Code   RO           57    .text.App_Init      apps_interface.o
    0x00000578   0x00000578   0x00000008   Code   RO           67    .text.App_Start     apps_interface.o
    0x00000580   0x00000580   0x0000005e   Code   RO           48    .text.App_Ultrasonic_Actions  ultrasonic_app.o
    0x000005de   0x000005de   0x00000002   PAD
    0x000005e0   0x000005e0   0x00000010   Code   RO           65    .text.CommunicationTask  apps_interface.o
    0x000005f0   0x000005f0   0x0000004e   Code   RO          337    .text.HAL_DC_MOTOE_MOVE_FORWARD_LEFT  motor.o
    0x0000063e   0x0000063e   0x00000002   PAD
    0x00000640   0x00000640   0x0000004e   Code   RO          335    .text.HAL_DC_MOTOE_MOVE_FORWARD_RIGHT  motor.o
    0x0000068e   0x0000068e   0x00000002   PAD
    0x00000690   0x00000690   0x00000058   Code   RO          343    .text.HAL_DC_MOTORS_OFF  motor.o
    0x000006e8   0x000006e8   0x000000d4   Code   RO          325    .text.HAL_DC_MOTOR_ControlSpeed  motor.o
    0x000007bc   0x000007bc   0x00000064   Code   RO          323    .text.HAL_DC_MOTOR_INIT  motor.o
    0x00000820   0x00000820   0x00000050   Code   RO          331    .text.HAL_DC_MOTOR_MOVE_FORWARD  motor.o
    0x00000870   0x00000870   0x00000034   Code   RO          365    .text.HAL_IR_Inti   ir.o
    0x000008a4   0x000008a4   0x00000032   Code   RO          369    .text.HAL_IR_Read_LeftIR  ir.o
    0x000008d6   0x000008d6   0x00000002   PAD
    0x000008d8   0x000008d8   0x00000032   Code   RO          367    .text.HAL_IR_Read_RightIR  ir.o
    0x0000090a   0x0000090a   0x00000002   PAD
    0x0000090c   0x0000090c   0x000000ce   Code   RO          307    .text.HAL_Ultra_Dist  ultrasonic.o
    0x000009da   0x000009da   0x00000002   PAD
    0x000009dc   0x000009dc   0x00000048   Code   RO          305    .text.HAL_Ultra_Inti  ultrasonic.o
    0x00000a24   0x00000a24   0x00000034   Code   RO           63    .text.IRTask        apps_interface.o
    0x00000a58   0x00000a58   0x0000004a   Code   RO           69    .text.IdleMode      apps_interface.o
    0x00000aa2   0x00000aa2   0x00000002   PAD
    0x00000aa4   0x00000aa4   0x00000044   Code   RO         2259    .text.MCAL_DelayMs  MCAL.lib(delay.o)
    0x00000ae8   0x00000ae8   0x00000044   Code   RO         2261    .text.MCAL_DelayUs  MCAL.lib(delay.o)
    0x00000b2c   0x00000b2c   0x000001a6   Code   RO          221    .text.MCAL_GPIO_Pin_Init  gpio.o
    0x00000cd2   0x00000cd2   0x00000002   PAD
    0x00000cd4   0x00000cd4   0x00000054   Code   RO          225    .text.MCAL_GPIO_Pin_Read  gpio.o
    0x00000d28   0x00000d28   0x000000a2   Code   RO          223    .text.MCAL_GPIO_Pin_Write  gpio.o
    0x00000dca   0x00000dca   0x00000002   PAD
    0x00000dcc   0x00000dcc   0x0000017c   Code   RO          264    .text.MCAL_PWM_Inti  pwm.o
    0x00000f48   0x00000f48   0x00000032   Code   RO          266    .text.MCAL_PWM_PulseWidthSet  pwm.o
    0x00000f7a   0x00000f7a   0x00000002   PAD
    0x00000f7c   0x00000f7c   0x00000030   Code   RO          268    .text.MCAL_PWM_Start  pwm.o
    0x00000fac   0x00000fac   0x00000038   Code   RO          212    .text.MCAL_RCC_SysCtlClockExternal  rcc.o
    0x00000fe4   0x00000fe4   0x00000036   Code   RO          193    .text.MCAL_Timer_GET_VALUE  timer.o
    0x0000101a   0x0000101a   0x00000002   PAD
    0x0000101c   0x0000101c   0x0000002e   Code   RO          199    .text.MCAL_Timer_IntClear  timer.o
    0x0000104a   0x0000104a   0x00000002   PAD
    0x0000104c   0x0000104c   0x0000015c   Code   RO          183    .text.MCAL_Timer_Inti_CAP  timer.o
    0x000011a8   0x000011a8   0x00000032   Code   RO          189    .text.MCAL_Timer_SET_EVENT  timer.o
    0x000011da   0x000011da   0x00000002   PAD
    0x000011dc   0x000011dc   0x00000030   Code   RO          191    .text.MCAL_Timer_SET_LOAD  timer.o
    0x0000120c   0x0000120c   0x00000030   Code   RO          185    .text.MCAL_Timer_SET_PRESCALLER  timer.o
    0x0000123c   0x0000123c   0x0000002e   Code   RO          195    .text.MCAL_Timer_Start  timer.o
    0x0000126a   0x0000126a   0x00000002   PAD
    0x0000126c   0x0000126c   0x0000002e   Code   RO          197    .text.MCAL_Timer_Stop  timer.o
    0x0000129a   0x0000129a   0x00000002   PAD
    0x0000129c   0x0000129c   0x00000062   Code   RO           59    .text.MainTask      apps_interface.o
    0x000012fe   0x000012fe   0x00000002   PAD
    0x00001300   0x00001300   0x0000004c   Code   RO           71    .text.MovingHighSpeed_Mode  apps_interface.o
    0x0000134c   0x0000134c   0x00000058   Code   RO           73    .text.MovingLowSpeed_Mode  apps_interface.o
    0x000013a4   0x000013a4   0x0000000c   PAD
    0x000013b0   0x000013b0   0x00000064   Code   RO          439    .text.PendSV_Handler  port.o
    0x00001414   0x00001414   0x0000000c   PAD
    0x00001420   0x00001420   0x00000024   Code   RO          423    .text.SVC_Handler   port.o
    0x00001444   0x00001444   0x0000003c   Code   RO          441    .text.SysTick_Handler  port.o
    0x00001480   0x00001480   0x0000010c   Code   RO          391    .text.SystemInit    system_tm4c123.o
    0x0000158c   0x0000158c   0x00000024   Code   RO           61    .text.UltraTask     apps_interface.o
    0x000015b0   0x000015b0   0x00000080   Code   RO          673    .text.eTaskConfirmSleepModeStatus  tasks.o
    0x00001630   0x00001630   0x00000014   Code   RO            2    .text.main          app.o
    0x00001644   0x00001644   0x00000122   Code   RO          595    .text.prvAddCurrentTaskToDelayedList  tasks.o
    0x00001766   0x00001766   0x00000002   PAD
    0x00001768   0x00001768   0x00000154   Code   RO          583    .text.prvAddNewTaskToReadyList  tasks.o
    0x000018bc   0x000018bc   0x0000006a   Code   RO          749    .text.prvCheckForValidListAndQueue  timers.o
    0x00001926   0x00001926   0x00000002   PAD
    0x00001928   0x00001928   0x0000005a   Code   RO          713    .text.prvCheckTasksWaitingTermination  tasks.o
    0x00001982   0x00001982   0x00000002   PAD
    0x00001984   0x00001984   0x00000042   Code   RO          530    .text.prvCopyDataFromQueue  queue.o
    0x000019c6   0x000019c6   0x00000002   PAD
    0x000019c8   0x000019c8   0x000000cc   Code   RO          516    .text.prvCopyDataToQueue  queue.o
    0x00001a94   0x00001a94   0x00000018   Code   RO          589    .text.prvDeleteTCB  tasks.o
    0x00001aac   0x00001aac   0x0000007c   Code   RO          715    .text.prvGetExpectedIdleTime  tasks.o
    0x00001b28   0x00001b28   0x00000040   Code   RO          787    .text.prvGetNextExpireTime  timers.o
    0x00001b68   0x00001b68   0x000000ae   Code   RO          462    .text.prvHeapInit   heap_4.o
    0x00001c16   0x00001c16   0x00000002   PAD
    0x00001c18   0x00001c18   0x0000009a   Code   RO          621    .text.prvIdleTask   tasks.o
    0x00001cb2   0x00001cb2   0x00000002   PAD
    0x00001cb4   0x00001cb4   0x0000004e   Code   RO          496    .text.prvInitialiseNewQueue  queue.o
    0x00001d02   0x00001d02   0x00000002   PAD
    0x00001d04   0x00001d04   0x00000124   Code   RO          581    .text.prvInitialiseNewTask  tasks.o
    0x00001e28   0x00001e28   0x0000008e   Code   RO          711    .text.prvInitialiseTaskLists  tasks.o
    0x00001eb6   0x00001eb6   0x00000002   PAD
    0x00001eb8   0x00001eb8   0x000000c6   Code   RO          464    .text.prvInsertBlockIntoFreeList  heap_4.o
    0x00001f7e   0x00001f7e   0x00000002   PAD
    0x00001f80   0x00001f80   0x00000086   Code   RO          801    .text.prvInsertTimerInActiveList  timers.o
    0x00002006   0x00002006   0x00000002   PAD
    0x00002008   0x00002008   0x00000028   Code   RO          532    .text.prvIsQueueEmpty  queue.o
    0x00002030   0x00002030   0x000000ec   Code   RO          518    .text.prvNotifyQueueSetContainer  queue.o
    0x0000211c   0x0000211c   0x00000028   Code   RO          431    .text.prvPortStartFirstTask  port.o
    0x00002144   0x00002144   0x00000054   Code   RO          795    .text.prvProcessExpiredTimer  timers.o
    0x00002198   0x00002198   0x00000180   Code   RO          791    .text.prvProcessReceivedCommands  timers.o
    0x00002318   0x00002318   0x0000009a   Code   RO          789    .text.prvProcessTimerOrBlockTask  timers.o
    0x000023b2   0x000023b2   0x00000002   PAD
    0x000023b4   0x000023b4   0x00000034   Code   RO          799    .text.prvReloadTimer  timers.o
    0x000023e8   0x000023e8   0x0000003c   Code   RO          587    .text.prvResetNextTaskUnblockTime  tasks.o
    0x00002424   0x00002424   0x00000044   Code   RO          793    .text.prvSampleTimeNow  timers.o
    0x00002468   0x00002468   0x00000052   Code   RO          797    .text.prvSwitchTimerLists  timers.o
    0x000024ba   0x000024ba   0x00000002   PAD
    0x000024bc   0x000024bc   0x0000004c   Code   RO          421    .text.prvTaskExitError  port.o
    0x00002508   0x00002508   0x0000001e   Code   RO          751    .text.prvTimerTask  timers.o
    0x00002526   0x00002526   0x00000002   PAD
    0x00002528   0x00002528   0x000000cc   Code   RO          522    .text.prvUnlockQueue  queue.o
    0x000025f4   0x000025f4   0x000001c8   Code   RO          460    .text.pvPortMalloc  heap_4.o
    0x000027bc   0x000027bc   0x0000005e   Code   RO          419    .text.pxPortInitialiseStack  port.o
    0x0000281a   0x0000281a   0x00000002   PAD
    0x0000281c   0x0000281c   0x00000048   Code   RO          410    .text.uxListRemove  list.o
    0x00002864   0x00002864   0x0000000c   Code   RO          631    .text.uxTaskGetNumberOfTasks  tasks.o
    0x00002870   0x00002870   0x0000002e   Code   RO          402    .text.vListInitialise  list.o
    0x0000289e   0x0000289e   0x00000002   PAD
    0x000028a0   0x000028a0   0x0000000e   Code   RO          404    .text.vListInitialiseItem  list.o
    0x000028ae   0x000028ae   0x00000002   PAD
    0x000028b0   0x000028b0   0x0000006a   Code   RO          408    .text.vListInsert   list.o
    0x0000291a   0x0000291a   0x00000002   PAD
    0x0000291c   0x0000291c   0x00000014   Code   RO          429    .text.vPortEnableVFP  port.o
    0x00002930   0x00002930   0x00000056   Code   RO          435    .text.vPortEnterCritical  port.o
    0x00002986   0x00002986   0x00000002   PAD
    0x00002988   0x00002988   0x0000004a   Code   RO          437    .text.vPortExitCritical  port.o
    0x000029d2   0x000029d2   0x00000002   PAD
    0x000029d4   0x000029d4   0x000000ba   Code   RO          466    .text.vPortFree     heap_4.o
    0x00002a8e   0x00002a8e   0x00000002   PAD
    0x00002a90   0x00002a90   0x00000078   Code   RO          427    .text.vPortSetupTimerInterrupt  port.o
    0x00002b08   0x00002b08   0x00000220   Code   RO          443    .text.vPortSuppressTicksAndSleep  port.o
    0x00002d28   0x00002d28   0x00000064   Code   RO          560    .text.vQueueWaitForMessageRestricted  queue.o
    0x00002d8c   0x00002d8c   0x0000006e   Code   RO          599    .text.vTaskDelay    tasks.o
    0x00002dfa   0x00002dfa   0x00000002   PAD
    0x00002dfc   0x00002dfc   0x00000024   Code   RO          663    .text.vTaskInternalSetTimeOutState  tasks.o
    0x00002e20   0x00002e20   0x0000000e   Code   RO          667    .text.vTaskMissedYield  tasks.o
    0x00002e2e   0x00002e2e   0x00000002   PAD
    0x00002e30   0x00002e30   0x00000042   Code   RO          651    .text.vTaskPlaceOnEventList  tasks.o
    0x00002e72   0x00002e72   0x00000002   PAD
    0x00002e74   0x00002e74   0x0000007c   Code   RO          655    .text.vTaskPlaceOnEventListRestricted  tasks.o
    0x00002ef0   0x00002ef0   0x000000b4   Code   RO          619    .text.vTaskStartScheduler  tasks.o
    0x00002fa4   0x00002fa4   0x000000cc   Code   RO          645    .text.vTaskStepTick  tasks.o
    0x00003070   0x00003070   0x00000010   Code   RO          593    .text.vTaskSuspendAll  tasks.o
    0x00003080   0x00003080   0x000000be   Code   RO          611    .text.vTaskSwitchContext  tasks.o
    0x0000313e   0x0000313e   0x00000002   PAD
    0x00003140   0x00003140   0x0000017c   Code   RO          425    .text.xPortStartScheduler  port.o
    0x000032bc   0x000032bc   0x0000009a   Code   RO          494    .text.xQueueGenericCreate  queue.o
    0x00003356   0x00003356   0x00000002   PAD
    0x00003358   0x00003358   0x00000108   Code   RO          492    .text.xQueueGenericReset  queue.o
    0x00003460   0x00003460   0x000001dc   Code   RO          528    .text.xQueueReceive  queue.o
    0x0000363c   0x0000363c   0x000000fc   Code   RO          665    .text.xTaskCheckForTimeOut  tasks.o
    0x00003738   0x00003738   0x000000a0   Code   RO          579    .text.xTaskCreate   tasks.o
    0x000037d8   0x000037d8   0x00000038   Code   RO          685    .text.xTaskGetSchedulerState  tasks.o
    0x00003810   0x00003810   0x00000014   Code   RO          627    .text.xTaskGetTickCount  tasks.o
    0x00003824   0x00003824   0x00000260   Code   RO          625    .text.xTaskIncrementTick  tasks.o
    0x00003a84   0x00003a84   0x00000138   Code   RO          689    .text.xTaskPriorityDisinherit  tasks.o
    0x00003bbc   0x00003bbc   0x00000192   Code   RO          657    .text.xTaskRemoveFromEventList  tasks.o
    0x00003d4e   0x00003d4e   0x00000002   PAD
    0x00003d50   0x00003d50   0x00000222   Code   RO          597    .text.xTaskResumeAll  tasks.o
    0x00003f72   0x00003f72   0x00000002   PAD
    0x00003f74   0x00003f74   0x0000006c   Code   RO          747    .text.xTimerCreateTimerTask  timers.o
    0x00003fe0   0x00003fe0   0x00000028   Code   RO          822    i.GPIODirModeSet    driverlib.lib(gpio.o)
    0x00004008   0x00004008   0x00000170   Code   RO          834    i.GPIOPadConfigSet  driverlib.lib(gpio.o)
    0x00004178   0x00004178   0x00000044   Code   RO          835    i.GPIOPinConfigure  driverlib.lib(gpio.o)
    0x000041bc   0x000041bc   0x00000006   Code   RO          836    i.GPIOPinRead       driverlib.lib(gpio.o)
    0x000041c2   0x000041c2   0x0000001c   Code   RO          853    i.GPIOPinTypePWM    driverlib.lib(gpio.o)
    0x000041de   0x000041de   0x0000001c   Code   RO          856    i.GPIOPinTypeTimer  driverlib.lib(gpio.o)
    0x000041fa   0x000041fa   0x00000006   Code   RO          864    i.GPIOPinWrite      driverlib.lib(gpio.o)
    0x00004200   0x00004200   0x00000018   Code   RO          865    i.GPIOUnlockPin     driverlib.lib(gpio.o)
    0x00004218   0x00004218   0x00000064   Code   RO         1156    i.IntEnable         driverlib.lib(interrupt.o)
    0x0000427c   0x0000427c   0x0000000e   Code   RO         1158    i.IntMasterDisable  driverlib.lib(interrupt.o)
    0x0000428a   0x0000428a   0x0000000e   Code   RO         1159    i.IntMasterEnable   driverlib.lib(interrupt.o)
    0x00004298   0x00004298   0x00000028   Code   RO         1167    i.IntPrioritySet    driverlib.lib(interrupt.o)
    0x000042c0   0x000042c0   0x00000026   Code   RO         1279    i.PWMGenConfigure   driverlib.lib(pwm.o)
    0x000042e6   0x000042e6   0x0000000a   Code   RO         1281    i.PWMGenEnable      driverlib.lib(pwm.o)
    0x000042f0   0x000042f0   0x00000012   Code   RO         1294    i.PWMGenPeriodSet   driverlib.lib(pwm.o)
    0x00004302   0x00004302   0x00000010   Code   RO         1301    i.PWMOutputState    driverlib.lib(pwm.o)
    0x00004312   0x00004312   0x00000020   Code   RO         1304    i.PWMPulseWidthSet  driverlib.lib(pwm.o)
    0x00004332   0x00004332   0x00000002   PAD
    0x00004334   0x00004334   0x00000154   Code   RO         1671    i.SysCtlClockGet    driverlib.lib(sysctl.o)
    0x00004488   0x00004488   0x00000120   Code   RO         1673    i.SysCtlClockSet    driverlib.lib(sysctl.o)
    0x000045a8   0x000045a8   0x00000014   Code   RO         1697    i.SysCtlPWMClockSet  driverlib.lib(sysctl.o)
    0x000045bc   0x000045bc   0x00000028   Code   RO         1702    i.SysCtlPeripheralEnable  driverlib.lib(sysctl.o)
    0x000045e4   0x000045e4   0x0000002c   Code   RO         1706    i.SysCtlPeripheralReady  driverlib.lib(sysctl.o)
    0x00004610   0x00004610   0x00000006   Code   RO         2019    i.TimerClockSourceSet  driverlib.lib(timer.o)
    0x00004616   0x00004616   0x00000002   PAD
    0x00004618   0x00004618   0x00000060   Code   RO         2020    i.TimerConfigure    driverlib.lib(timer.o)
    0x00004678   0x00004678   0x00000012   Code   RO         2021    i.TimerControlEvent  driverlib.lib(timer.o)
    0x0000468a   0x0000468a   0x00000010   Code   RO         2028    i.TimerDisable      driverlib.lib(timer.o)
    0x0000469a   0x0000469a   0x0000000e   Code   RO         2029    i.TimerEnable       driverlib.lib(timer.o)
    0x000046a8   0x000046a8   0x00000004   Code   RO         2030    i.TimerIntClear     driverlib.lib(timer.o)
    0x000046ac   0x000046ac   0x00000008   Code   RO         2032    i.TimerIntEnable    driverlib.lib(timer.o)
    0x000046b4   0x000046b4   0x00000012   Code   RO         2038    i.TimerLoadSet      driverlib.lib(timer.o)
    0x000046c6   0x000046c6   0x00000012   Code   RO         2047    i.TimerPrescaleSet  driverlib.lib(timer.o)
    0x000046d8   0x000046d8   0x0000000a   Code   RO         2052    i.TimerValueGet     driverlib.lib(timer.o)
    0x000046e2   0x000046e2   0x0000000e   Code   RO         2308    i.__scatterload_copy  mc_w.l(handlers.o)
    0x000046f0   0x000046f0   0x00000002   Code   RO         2309    i.__scatterload_null  mc_w.l(handlers.o)
    0x000046f2   0x000046f2   0x0000000e   Code   RO         2310    i.__scatterload_zeroinit  mc_w.l(handlers.o)
    0x00004700   0x00004700   0x00000228   Data   RO          867    .constdata          driverlib.lib(gpio.o)
    0x00004928   0x00004928   0x0000010c   Data   RO         1172    .constdata          driverlib.lib(interrupt.o)
    0x00004a34   0x00004a34   0x00000254   Data   RO         1724    .constdata          driverlib.lib(sysctl.o)
    0x00004c88   0x00004c88   0x00000014   Data   RO           96    .rodata.PA6         gpio_config.o
    0x00004c9c   0x00004c9c   0x00000014   Data   RO          100    .rodata.PB4         gpio_config.o
    0x00004cb0   0x00004cb0   0x00000014   Data   RO          104    .rodata.PC4         gpio_config.o
    0x00004cc4   0x00004cc4   0x00000014   Data   RO          105    .rodata.PC5         gpio_config.o
    0x00004cd8   0x00004cd8   0x00000014   Data   RO          106    .rodata.PC6         gpio_config.o
    0x00004cec   0x00004cec   0x00000014   Data   RO          107    .rodata.PC7         gpio_config.o
    0x00004d00   0x00004d00   0x00000014   Data   RO          123    .rodata.PF3         gpio_config.o
    0x00004d14   0x00004d14   0x00000014   Data   RO          124    .rodata.PF4         gpio_config.o
    0x00004d28   0x00004d28   0x00000010   Data   RO          131    .rodata.RCC_config16  rcc_config.o
    0x00004d38   0x00004d38   0x00000031   Data   RO           76    .rodata.str1.1      apps_interface.o
    0x00004d69   0x00004d69   0x00000005   Data   RO          733    .rodata.str1.1      tasks.o
    0x00004d6e   0x00004d6e   0x00000008   Data   RO          804    .rodata.str1.1      timers.o
    0x00004d76   0x00004d76   0x00000002   PAD
    0x00004d78   0x00004d78   0x00000004   Data   RO          718    .rodata.uxTopUsedPriority  tasks.o
    0x00004d7c   0x00004d7c   0x00000020   Data   RO         2307    Region$$Table       anon$$obj.o


    Execution Region RW_IRAM1 (Exec base: 0x20000000, Load base: 0x00004da0, Size: 0x00004050, Max: 0x00008000, ABSOLUTE)

    Exec Addr    Load Addr    Size         Type   Attr      Idx    E Section Name        Object

    0x20000000   0x00004da0   0x00000008   Data   RW          359    .data.IR_config     ir_config.o
    0x20000008   0x00004da8   0x0000002c   Data   RW          174    .data.PF2_M1PWM6    pwm_config.o
    0x20000034   0x00004dd4   0x0000002c   Data   RW          175    .data.PF3_M1PWM7    pwm_config.o
    0x20000060   0x00004e00   0x00000004   Data   RW          393    .data.SystemCoreClock  system_tm4c123.o
    0x20000064   0x00004e04   0x00000018   Data   RW          353    .data.motor_config  motor_config.o
    0x2000007c   0x00004e1c   0x00000038   Data   RW          143    .data.timer1A       timer_config.o
    0x200000b4   0x00004e54   0x0000000c   Data   RW          316    .data.ultra1        ultrasonic_config.o
    0x200000c0   0x00004e60   0x00000004   Data   RW          449    .data.uxCriticalNesting  port.o
    0x200000c4   0x00004e64   0x00000004   PAD
    0x200000c8        -       0x00000001   Zero   RW           75    .bss.Current_State  apps_interface.o
    0x200000c9   0x00004e64   0x00000003   PAD
    0x200000cc        -       0x00000004   Zero   RW           77    .bss.Global_Distance  apps_interface.o
    0x200000d0        -       0x00000004   Zero   RW           79    .bss.Global_LeftValue  apps_interface.o
    0x200000d4        -       0x00000004   Zero   RW           78    .bss.Global_RightValue  apps_interface.o
    0x200000d8        -       0x00000004   Zero   RW          808    .bss.prvSampleTimeNow.xLastTime  timers.o
    0x200000dc        -       0x00000004   Zero   RW          717    .bss.pxCurrentTCB   tasks.o
    0x200000e0        -       0x00000004   Zero   RW          806    .bss.pxCurrentTimerList  timers.o
    0x200000e4        -       0x00000004   Zero   RW          728    .bss.pxDelayedTaskList  tasks.o
    0x200000e8        -       0x00000004   Zero   RW          478    .bss.pxEnd          heap_4.o
    0x200000ec        -       0x00000004   Zero   RW          729    .bss.pxOverflowDelayedTaskList  tasks.o
    0x200000f0        -       0x00000004   Zero   RW          807    .bss.pxOverflowTimerList  timers.o
    0x200000f4        -       0x00000064   Zero   RW          719    .bss.pxReadyTasksLists  tasks.o
    0x20000158        -       0x00000004   Zero   RW          345    .bss.speed          motor.o
    0x2000015c        -       0x00003c00   Zero   RW          484    .bss.ucHeap         heap_4.o
    0x20003d5c        -       0x00000001   Zero   RW          447    .bss.ucMaxSysCallPriority  port.o
    0x20003d5d   0x00004e64   0x00000003   PAD
    0x20003d60        -       0x00000004   Zero   RW          448    .bss.ulMaxPRIGROUPValue  port.o
    0x20003d64        -       0x00000004   Zero   RW          452    .bss.ulStoppedTimerCompensation  port.o
    0x20003d68        -       0x00000004   Zero   RW          451    .bss.ulTimerCountsForOneTick  port.o
    0x20003d6c        -       0x00000004   Zero   RW          724    .bss.uxCurrentNumberOfTasks  tasks.o
    0x20003d70        -       0x00000004   Zero   RW          723    .bss.uxDeletedTasksWaitingCleanUp  tasks.o
    0x20003d74        -       0x00000004   Zero   RW          726    .bss.uxSchedulerSuspended  tasks.o
    0x20003d78        -       0x00000004   Zero   RW          721    .bss.uxTaskNumber   tasks.o
    0x20003d7c        -       0x00000004   Zero   RW          720    .bss.uxTopReadyPriority  tasks.o
    0x20003d80        -       0x00000014   Zero   RW          809    .bss.xActiveTimerList1  timers.o
    0x20003d94        -       0x00000014   Zero   RW          810    .bss.xActiveTimerList2  timers.o
    0x20003da8        -       0x00000014   Zero   RW          738    .bss.xDelayedTaskList1  tasks.o
    0x20003dbc        -       0x00000014   Zero   RW          739    .bss.xDelayedTaskList2  tasks.o
    0x20003dd0        -       0x00000004   Zero   RW          479    .bss.xFreeBytesRemaining  heap_4.o
    0x20003dd4        -       0x00000004   Zero   RW          734    .bss.xIdleTaskHandle  tasks.o
    0x20003dd8        -       0x00000004   Zero   RW          450    .bss.xMaximumPossibleSuppressedTicks  port.o
    0x20003ddc        -       0x00000004   Zero   RW          481    .bss.xMinimumEverFreeBytesRemaining  heap_4.o
    0x20003de0        -       0x00000004   Zero   RW          735    .bss.xNextTaskUnblockTime  tasks.o
    0x20003de4        -       0x00000004   Zero   RW          737    .bss.xNumOfOverflows  tasks.o
    0x20003de8        -       0x00000004   Zero   RW          482    .bss.xNumberOfSuccessfulAllocations  heap_4.o
    0x20003dec        -       0x00000004   Zero   RW          483    .bss.xNumberOfSuccessfulFrees  heap_4.o
    0x20003df0        -       0x00000004   Zero   RW          736    .bss.xPendedTicks   tasks.o
    0x20003df4        -       0x00000014   Zero   RW          732    .bss.xPendingReadyList  tasks.o
    0x20003e08        -       0x00000004   Zero   RW          725    .bss.xSchedulerRunning  tasks.o
    0x20003e0c        -       0x00000008   Zero   RW          480    .bss.xStart         heap_4.o
    0x20003e14        -       0x00000014   Zero   RW          730    .bss.xSuspendedTaskList  tasks.o
    0x20003e28        -       0x00000014   Zero   RW          722    .bss.xTasksWaitingTermination  tasks.o
    0x20003e3c        -       0x00000004   Zero   RW          727    .bss.xTickCount     tasks.o
    0x20003e40        -       0x00000004   Zero   RW          803    .bss.xTimerQueue    timers.o
    0x20003e44        -       0x00000004   Zero   RW          805    .bss.xTimerTaskHandle  timers.o
    0x20003e48        -       0x00000004   Zero   RW          731    .bss.xYieldPending  tasks.o
    0x20003e4c   0x00004e64   0x00000004   PAD
    0x20003e50        -       0x00000200   Zero   RW          377    STACK               startup_tm4c123.o


==============================================================================

Image component sizes


      Code (inc. data)   RO Data    RW Data    ZI Data      Debug   Object Name

        20          0          0          0          0        347   app.o
       640          0         49          0         13       2249   apps_interface.o
       668          0          0          0          0       2263   gpio.o
         0          0        160          0          0       1381   gpio_config.o
      1014          0          0          0      15388       4701   heap_4.o
       152          0          0          0          0       1279   ir.o
       148          0          0          0          0        762   ir_app.o
         0          0          0          8          0        634   ir_config.o
       238          0          0          0          0       2334   list.o
       636          0          0          0          4       3899   motor.o
         0          0          0         24          0       1048   motor_config.o
      1630         16          0          4         17       4997   port.o
       478          0          0          0          0       1846   pwm.o
         0          0          0         88          0       1229   pwm_config.o
      1822          0          0          0          0      17000   queue.o
        56          0          0          0          0       1126   rcc.o
         0          0         16          0          0        786   rcc_config.o
       252         10        620          0        512       5444   startup_tm4c123.o
       268          0          0          4          0       6736   system_tm4c123.o
      4952          0          9          0        260      27334   tasks.o
       686          0          0          0          0       3317   timer.o
         0          0          0         56          0       1090   timer_config.o
      1266         10          8          0         60       9624   timers.o
       278          0          0          0          0       1793   ultrasonic.o
        94          0          0          0          0        885   ultrasonic_app.o
         0          0          0         12          0       1106   ultrasonic_config.o

    ----------------------------------------------------------------------
     15408         48        896        196      16268     105210   Object Totals
         0          0         32          0          0          0   (incl. Generated)
       110         12          2          0         14          0   (incl. Padding)

    ----------------------------------------------------------------------

      Code (inc. data)   RO Data    RW Data    ZI Data      Debug   Library Member Name

       136          0          0          0          0        812   delay.o
        38          0          0          0          0        572   cpu.o
       568         28        552          0          0      10096   gpio.o
       168         12        268          0          0       3090   interrupt.o
       114          0          0          0          0       2639   pwm.o
       738         68        596          0          0       5403   sysctl.o
       208          8          0          0          0       5143   timer.o
         0          0          0          0          0          0   entry.o
         0          0          0          0          0          0   entry10a.o
         0          0          0          0          0          0   entry11a.o
         8          4          0          0          0          0   entry2.o
         4          0          0          0          0          0   entry5.o
         0          0          0          0          0          0   entry7b.o
         0          0          0          0          0          0   entry8b.o
         8          4          0          0          0          0   entry9a.o
        30          0          0          0          0          0   handlers.o
        48         10          0          0          0         68   init.o
        36          0          0          0          0         68   memcpya.o
        36          0          0          0          0        108   memseta.o

    ----------------------------------------------------------------------
      2148        134       1416          0          0      27999   Library Totals
         8          0          0          0          0          0   (incl. Padding)

    ----------------------------------------------------------------------

      Code (inc. data)   RO Data    RW Data    ZI Data      Debug   Library Name

       136          0          0          0          0        812   MCAL.lib
      1834        116       1416          0          0      26943   driverlib.lib
       170         18          0          0          0        244   mc_w.l

    ----------------------------------------------------------------------
      2148        134       1416          0          0      27999   Library Totals

    ----------------------------------------------------------------------

==============================================================================


      Code (inc. data)   RO Data    RW Data    ZI Data      Debug   

     17556        182       2312        196      16268     130101   Grand Totals
     17556        182       2312        196      16268     130101   ELF Image Totals
     17556        182       2312        196          0          0   ROM Totals

==============================================================================

    Total RO  Size (Code + RO Data)                19868 (  19.40kB)
    Total RW  Size (RW Data + ZI Data)             16464 (  16.08kB)
    Total ROM Size (Code + RO Data + RW Data)      20064 (  19.59kB)

==============================================================================

