Component: Arm Compiler for Embedded 6.21 Tool: armlink [5ec1fa00]

==============================================================================

Section Cross References

    app.o(.text.main) refers to rcc_config.o(.rodata.RCC_config16) for RCC_config16
    app.o(.text.main) refers to rcc.o(.text.MCAL_RCC_SysCtlClockExternal) for MCAL_RCC_SysCtlClockExternal
    app.o(.text.main) refers to gpio_config.o(.rodata.PF1) for PF1
    app.o(.text.main) refers to gpio.o(.text.MCAL_GPIO_Pin_Init) for MCAL_GPIO_Pin_Init
    app.o(.text.main) refers to gpio_config.o(.rodata.PF2) for PF2
    app.o(.text.main) refers to uart_config.o(.data.UART_Config) for UART_Config
    app.o(.text.main) refers to uart.o(.text.MCAL_UART_Inti) for MCAL_UART_Inti
    app.o(.text.main) refers to communication.o(.text.HAL_Comm_ReceiveFrame) for HAL_Comm_ReceiveFrame
    app.o(.text.main) refers to communication.o(.text.HAL_Comm_SendFrame) for HAL_Comm_SendFrame
    app.o(.text.main) refers to gpio.o(.text.MCAL_GPIO_Pin_Write) for MCAL_GPIO_Pin_Write
    app.o(.ARM.exidx.text.main) refers to app.o(.text.main) for [Anonymous Symbol]
    timer.o(.text.MCAL_Timer_Inti) refers to interrupt.o(i.IntMasterDisable) for IntMasterDisable
    timer.o(.text.MCAL_Timer_Inti) refers to sysctl.o(i.SysCtlPeripheralEnable) for SysCtlPeripheralEnable
    timer.o(.text.MCAL_Timer_Inti) refers to sysctl.o(i.SysCtlPeripheralReady) for SysCtlPeripheralReady
    timer.o(.text.MCAL_Timer_Inti) refers to timer.o(i.TimerClockSourceSet) for TimerClockSourceSet
    timer.o(.text.MCAL_Timer_Inti) refers to timer.o(i.TimerConfigure) for TimerConfigure
    timer.o(.text.MCAL_Timer_Inti) refers to timer.o(i.TimerLoadSet) for TimerLoadSet
    timer.o(.text.MCAL_Timer_Inti) refers to timer.o(i.TimerPrescaleSet) for TimerPrescaleSet
    timer.o(.text.MCAL_Timer_Inti) refers to interrupt.o(i.IntPrioritySet) for IntPrioritySet
    timer.o(.text.MCAL_Timer_Inti) refers to timer.o(i.TimerIntClear) for TimerIntClear
    timer.o(.text.MCAL_Timer_Inti) refers to timer.o(i.TimerIntEnable) for TimerIntEnable
    timer.o(.text.MCAL_Timer_Inti) refers to interrupt.o(i.IntEnable) for IntEnable
    timer.o(.text.MCAL_Timer_Inti) refers to interrupt.o(i.IntMasterEnable) for IntMasterEnable
    timer.o(.ARM.exidx.text.MCAL_Timer_Inti) refers to timer.o(.text.MCAL_Timer_Inti) for [Anonymous Symbol]
    timer.o(.text.MCAL_Timer_Inti_CAP) refers to interrupt.o(i.IntMasterDisable) for IntMasterDisable
    timer.o(.text.MCAL_Timer_Inti_CAP) refers to sysctl.o(i.SysCtlPeripheralEnable) for SysCtlPeripheralEnable
    timer.o(.text.MCAL_Timer_Inti_CAP) refers to sysctl.o(i.SysCtlPeripheralReady) for SysCtlPeripheralReady
    timer.o(.text.MCAL_Timer_Inti_CAP) refers to gpio.o(i.GPIOPinTypeTimer) for GPIOPinTypeTimer
    timer.o(.text.MCAL_Timer_Inti_CAP) refers to gpio.o(i.GPIOPinConfigure) for GPIOPinConfigure
    timer.o(.text.MCAL_Timer_Inti_CAP) refers to timer.o(i.TimerConfigure) for TimerConfigure
    timer.o(.text.MCAL_Timer_Inti_CAP) refers to timer.o(i.TimerClockSourceSet) for TimerClockSourceSet
    timer.o(.text.MCAL_Timer_Inti_CAP) refers to timer.o(i.TimerLoadSet) for TimerLoadSet
    timer.o(.text.MCAL_Timer_Inti_CAP) refers to interrupt.o(i.IntPrioritySet) for IntPrioritySet
    timer.o(.text.MCAL_Timer_Inti_CAP) refers to timer.o(i.TimerIntClear) for TimerIntClear
    timer.o(.text.MCAL_Timer_Inti_CAP) refers to timer.o(i.TimerIntEnable) for TimerIntEnable
    timer.o(.text.MCAL_Timer_Inti_CAP) refers to interrupt.o(i.IntEnable) for IntEnable
    timer.o(.text.MCAL_Timer_Inti_CAP) refers to interrupt.o(i.IntMasterEnable) for IntMasterEnable
    timer.o(.ARM.exidx.text.MCAL_Timer_Inti_CAP) refers to timer.o(.text.MCAL_Timer_Inti_CAP) for [Anonymous Symbol]
    timer.o(.text.MCAL_Timer_SET_PRESCALLER) refers to timer.o(i.TimerPrescaleSet) for TimerPrescaleSet
    timer.o(.ARM.exidx.text.MCAL_Timer_SET_PRESCALLER) refers to timer.o(.text.MCAL_Timer_SET_PRESCALLER) for [Anonymous Symbol]
    timer.o(.text.MCAL_Timer_SET_MATCH) refers to timer.o(i.TimerMatchSet) for TimerMatchSet
    timer.o(.ARM.exidx.text.MCAL_Timer_SET_MATCH) refers to timer.o(.text.MCAL_Timer_SET_MATCH) for [Anonymous Symbol]
    timer.o(.text.MCAL_Timer_SET_EVENT) refers to timer.o(i.TimerControlEvent) for TimerControlEvent
    timer.o(.ARM.exidx.text.MCAL_Timer_SET_EVENT) refers to timer.o(.text.MCAL_Timer_SET_EVENT) for [Anonymous Symbol]
    timer.o(.text.MCAL_Timer_SET_LOAD) refers to timer.o(i.TimerLoadSet) for TimerLoadSet
    timer.o(.ARM.exidx.text.MCAL_Timer_SET_LOAD) refers to timer.o(.text.MCAL_Timer_SET_LOAD) for [Anonymous Symbol]
    timer.o(.text.MCAL_Timer_GET_VALUE) refers to timer.o(i.TimerValueGet) for TimerValueGet
    timer.o(.ARM.exidx.text.MCAL_Timer_GET_VALUE) refers to timer.o(.text.MCAL_Timer_GET_VALUE) for [Anonymous Symbol]
    timer.o(.text.MCAL_Timer_Start) refers to timer.o(i.TimerEnable) for TimerEnable
[...]
    Removing pwm_config.o(.data.PB5_M0PWM3), (44 bytes).
    Removing pwm_config.o(.data.PB6_M0PWM0), (44 bytes).
    Removing pwm_config.o(.data.PB7_M0PWM1), (44 bytes).
    Removing pwm_config.o(.data.PD0_M0PWM6), (44 bytes).
    Removing pwm_config.o(.data.PD0_M1PWM0), (44 bytes).
    Removing pwm_config.o(.data.PD1_M0PWM7), (44 bytes).
    Removing pwm_config.o(.data.PD1_M1PWM1), (44 bytes).
    Removing pwm_config.o(.data.PE4_M0PWM4), (44 bytes).
    Removing pwm_config.o(.data.PE4_M1PWM2), (44 bytes).
    Removing pwm_config.o(.data.PE5_M0PWM5), (44 bytes).
    Removing pwm_config.o(.data.PE5_M1PWM3), (44 bytes).
    Removing pwm_config.o(.data.PF0_M1PWM4), (44 bytes).
    Removing pwm_config.o(.data.PF1_M1PWM5), (44 bytes).
    Removing pwm_config.o(.data.PF2_M1PWM6), (44 bytes).
    Removing pwm_config.o(.data.PF3_M1PWM7), (44 bytes).
    Removing timer.o(.text), (0 bytes).
    Removing timer.o(.text.MCAL_Timer_Inti), (150 bytes).
    Removing timer.o(.ARM.exidx.text.MCAL_Timer_Inti), (8 bytes).
    Removing timer.o(.text.MCAL_Timer_Inti_CAP), (348 bytes).
    Removing timer.o(.ARM.exidx.text.MCAL_Timer_Inti_CAP), (8 bytes).
    Removing timer.o(.text.MCAL_Timer_SET_PRESCALLER), (48 bytes).
    Removing timer.o(.ARM.exidx.text.MCAL_Timer_SET_PRESCALLER), (8 bytes).
    Removing timer.o(.text.MCAL_Timer_SET_MATCH), (48 bytes).
    Removing timer.o(.ARM.exidx.text.MCAL_Timer_SET_MATCH), (8 bytes).
    Removing timer.o(.text.MCAL_Timer_SET_EVENT), (50 bytes).
    Removing timer.o(.ARM.exidx.text.MCAL_Timer_SET_EVENT), (8 bytes).
    Removing timer.o(.text.MCAL_Timer_SET_LOAD), (48 bytes).
    Removing timer.o(.ARM.exidx.text.MCAL_Timer_SET_LOAD), (8 bytes).
    Removing timer.o(.text.MCAL_Timer_GET_VALUE), (54 bytes).
    Removing timer.o(.ARM.exidx.text.MCAL_Timer_GET_VALUE), (8 bytes).
    Removing timer.o(.text.MCAL_Timer_Start), (46 bytes).
    Removing timer.o(.ARM.exidx.text.MCAL_Timer_Start), (8 bytes).
    Removing timer.o(.text.MCAL_Timer_Stop), (46 bytes).
    Removing timer.o(.ARM.exidx.text.MCAL_Timer_Stop), (8 bytes).
    Removing timer.o(.text.MCAL_Timer_IntClear), (46 bytes).
    Removing timer.o(.ARM.exidx.text.MCAL_Timer_IntClear), (8 bytes).
    Removing timer.o(.text.MCAL_Timer_Int_handler), (48 bytes).
    Removing timer.o(.ARM.exidx.text.MCAL_Timer_Int_handler), (8 bytes).
    Removing rcc.o(.text), (0 bytes).
    Removing rcc.o(.text.MCAL_RCC_SysCtlClockInternal), (52 bytes).
    Removing rcc.o(.ARM.exidx.text.MCAL_RCC_SysCtlClockInternal), (8 bytes).
    Removing rcc.o(.ARM.exidx.text.MCAL_RCC_SysCtlClockExternal), (8 bytes).
    Removing gpio.o(.text), (0 bytes).
    Removing gpio.o(.ARM.exidx.text.MCAL_GPIO_Pin_Init), (8 bytes).
    Removing gpio.o(.ARM.exidx.text.MCAL_GPIO_Pin_Write), (8 bytes).
    Removing gpio.o(.text.MCAL_GPIO_Pin_Read), (84 bytes).
    Removing gpio.o(.ARM.exidx.text.MCAL_GPIO_Pin_Read), (8 bytes).
    Removing gpio.o(.text.MCAL_GPIO_Int_Config), (106 bytes).
    Removing gpio.o(.ARM.exidx.text.MCAL_GPIO_Int_Config), (8 bytes).
    Removing spi.o(.text), (0 bytes).
    Removing spi.o(.text.MCAL_SSI_Inti), (350 bytes).
    Removing spi.o(.ARM.exidx.text.MCAL_SSI_Inti), (8 bytes).
    Removing spi.o(.ARM.exidx.text.MCAL_SSI_SendData), (8 bytes).
    Removing spi.o(.ARM.exidx.text.MCAL_SSI_ReceiveData), (8 bytes).
    Removing spi.o(.text.MCAL_SSI_SendReceiveSynch), (80 bytes).
    Removing spi.o(.ARM.exidx.text.MCAL_SSI_SendReceiveSynch), (8 bytes).
    Removing spi.o(.text.MCAL_SSI_SendArray), (94 bytes).
    Removing spi.o(.ARM.exidx.text.MCAL_SSI_SendArray), (8 bytes).
    Removing spi.o(.text.MCAL_SSI_ReceiveArray), (102 bytes).
    Removing spi.o(.ARM.exidx.text.MCAL_SSI_ReceiveArray), (8 bytes).
    Removing spi_config.o(.text), (0 bytes).
    Removing spi_config.o(.data.SPI_config1), (48 bytes).
    Removing spi_config.o(.data.SPI_config2), (48 bytes).
    Removing spi_config.o(.data.SPI_config3), (48 bytes).
    Removing pwm.o(.text), (0 bytes).
    Removing pwm.o(.text.MCAL_PWM_Inti), (380 bytes).
    Removing pwm.o(.ARM.exidx.text.MCAL_PWM_Inti), (8 bytes).
    Removing pwm.o(.text.MCAL_PWM_PulseWidthSet), (50 bytes).
    Removing pwm.o(.ARM.exidx.text.MCAL_PWM_PulseWidthSet), (8 bytes).
    Removing pwm.o(.text.MCAL_PWM_Start), (48 bytes).
    Removing pwm.o(.ARM.exidx.text.MCAL_PWM_Start), (8 bytes).
    Removing pwm.o(.text.MCAL_PWM_Stop), (48 bytes).
    Removing pwm.o(.ARM.exidx.text.MCAL_PWM_Stop), (8 bytes).
    Removing uart.o(.text), (0 bytes).
    Removing uart.o(.ARM.exidx.text.MCAL_UART_Inti), (8 bytes).
    Removing uart.o(.text.MCAL_UART_SendData), (52 bytes).
    Removing uart.o(.ARM.exidx.text.MCAL_UART_SendData), (8 bytes).
    Removing uart.o(.text.MCAL_UART_ReceiveData), (54 bytes).
    Removing uart.o(.ARM.exidx.text.MCAL_UART_ReceiveData), (8 bytes).
    Removing uart.o(.text.MCAL_UART_SendArry), (94 bytes).
    Removing uart.o(.ARM.exidx.text.MCAL_UART_SendArry), (8 bytes).
    Removing uart.o(.text.MCAL_UART_ReceiveArry), (94 bytes).
    Removing uart.o(.ARM.exidx.text.MCAL_UART_ReceiveArry), (8 bytes).
    Removing uart_config.o(.text), (0 bytes).
    Removing lcd.o(.text), (0 bytes).
    Removing lcd.o(.text.lcdEnable), (52 bytes).
    Removing lcd.o(.ARM.exidx.text.lcdEnable), (8 bytes).
    Removing lcd.o(.text.lcdWriteData), (106 bytes).
    Removing lcd.o(.ARM.exidx.text.lcdWriteData), (8 bytes).
    Removing lcd.o(.text.lcdWriteCommand), (54 bytes).
    Removing lcd.o(.ARM.exidx.text.lcdWriteCommand), (8 bytes).
    Removing lcd.o(.text.lcdWriteChar), (54 bytes).
    Removing lcd.o(.ARM.exidx.text.lcdWriteChar), (8 bytes).
    Removing lcd.o(.text.lcdWriteString), (36 bytes).
    Removing lcd.o(.ARM.exidx.text.lcdWriteString), (8 bytes).
    Removing lcd.o(.text.lcdClear), (10 bytes).
    Removing lcd.o(.ARM.exidx.text.lcdClear), (8 bytes).
    Removing lcd.o(.text.lcdClearAndWriteString), (20 bytes).
    Removing lcd.o(.ARM.exidx.text.lcdClearAndWriteString), (8 bytes).
    Removing lcd.o(.text.lcdGoToXY), (66 bytes).
    Removing lcd.o(.ARM.exidx.text.lcdGoToXY), (8 bytes).
    Removing lcd.o(.text.lcdInit), (302 bytes).
    Removing lcd.o(.ARM.exidx.text.lcdInit), (8 bytes).
    Removing lcd.o(.bss.data8Bit), (1 bytes).
    Removing ultrasonic.o(.text), (0 bytes).
    Removing ultrasonic.o(.text.HAL_Ultra_Inti), (72 bytes).
    Removing ultrasonic.o(.ARM.exidx.text.HAL_Ultra_Inti), (8 bytes).
    Removing ultrasonic.o(.text.HAL_Ultra_Dist), (206 bytes).
    Removing ultrasonic.o(.ARM.exidx.text.HAL_Ultra_Dist), (8 bytes).
    Removing ultrasonic_config.o(.text), (0 bytes).
    Removing ultrasonic_config.o(.data.ultra1), (12 bytes).
    Removing ultrasonic_config.o(.data.ultra2), (12 bytes).
    Removing motor.o(.text), (0 bytes).
    Removing motor.o(.text.HAL_DC_MOTOR_INIT), (100 bytes).
    Removing motor.o(.ARM.exidx.text.HAL_DC_MOTOR_INIT), (8 bytes).
    Removing motor.o(.text.HAL_DC_MOTOR_ControlSpeed), (58 bytes).
    Removing motor.o(.ARM.exidx.text.HAL_DC_MOTOR_ControlSpeed), (8 bytes).
    Removing motor.o(.text.HAL_DC_MOTOR_ControlSpeedRight), (48 bytes).
    Removing motor.o(.ARM.exidx.text.HAL_DC_MOTOR_ControlSpeedRight), (8 bytes).
    Removing motor.o(.text.HAL_DC_MOTOR_ControlSpeedLift), (48 bytes).
    Removing motor.o(.ARM.exidx.text.HAL_DC_MOTOR_ControlSpeedLift), (8 bytes).
    Removing motor.o(.text.HAL_DC_MOTOR_MOVE_FORWARD), (80 bytes).
    Removing motor.o(.ARM.exidx.text.HAL_DC_MOTOR_MOVE_FORWARD), (8 bytes).
    Removing motor.o(.text.HAL_DC_MOTOR_MOVE_BACKWARD), (80 bytes).
    Removing motor.o(.ARM.exidx.text.HAL_DC_MOTOR_MOVE_BACKWARD), (8 bytes).
    Removing motor.o(.text.HAL_DC_MOTOR_MOVE_FORWARD_RIGHT), (80 bytes).
    Removing motor.o(.ARM.exidx.text.HAL_DC_MOTOR_MOVE_FORWARD_RIGHT), (8 bytes).
    Removing motor.o(.text.HAL_DC_MOTOR_MOVE_FORWARD_LEFT), (80 bytes).
    Removing motor.o(.ARM.exidx.text.HAL_DC_MOTOR_MOVE_FORWARD_LEFT), (8 bytes).
    Removing motor.o(.text.HAL_DC_MOTOR_MOVE_BACKWARD_RIGHT), (78 bytes).
    Removing motor.o(.ARM.exidx.text.HAL_DC_MOTOR_MOVE_BACKWARD_RIGHT), (8 bytes).
    Removing motor.o(.text.HAL_DC_MOTOR_MOVE_BACKWARD_LEFT), (78 bytes).
    Removing motor.o(.ARM.exidx.text.HAL_DC_MOTOR_MOVE_BACKWARD_LEFT), (8 bytes).
    Removing motor.o(.text.HAL_DC_MOTORS_OFF), (88 bytes).
    Removing motor.o(.ARM.exidx.text.HAL_DC_MOTORS_OFF), (8 bytes).
    Removing motor.o(.bss.speed), (4 bytes).
    Removing motor_config.o(.text), (0 bytes).
    Removing motor_config.o(.data.motor_config), (24 bytes).
    Removing communication.o(.text), (0 bytes).
    Removing communication.o(.text.HAL_Comm_Inti), (30 bytes).
    Removing communication.o(.ARM.exidx.text.HAL_Comm_Inti), (8 bytes).
    Removing communication.o(.ARM.exidx.text.HAL_Comm_SendFrame), (8 bytes).
    Removing communication.o(.ARM.exidx.text.HAL_Comm_CheckSum_Generator), (8 bytes).
    Removing communication.o(.ARM.exidx.text.HAL_Comm_ReceiveFrame), (8 bytes).
    Removing communication.o(.text.HAL_Comm_CheckFrame), (72 bytes).
    Removing communication.o(.ARM.exidx.text.HAL_Comm_CheckFrame), (8 bytes).
    Removing ir.o(.text), (0 bytes).
    Removing ir.o(.text.HAL_IR_Inti), (52 bytes).
    Removing ir.o(.ARM.exidx.text.HAL_IR_Inti), (8 bytes).
    Removing ir.o(.text.HAL_IR_Read_RightIR), (50 bytes).
    Removing ir.o(.ARM.exidx.text.HAL_IR_Read_RightIR), (8 bytes).
    Removing ir.o(.text.HAL_IR_Read_LeftIR), (50 bytes).
    Removing ir.o(.ARM.exidx.text.HAL_IR_Read_LeftIR), (8 bytes).
    Removing ir_config.o(.text), (0 bytes).
    Removing ir_config.o(.data.IR_config), (8 bytes).
    Removing startup_tm4c123.o(HEAP), (0 bytes).
    Removing system_tm4c123.o(.text), (0 bytes).
    Removing system_tm4c123.o(.text.SystemCoreClockUpdate), (326 bytes).
    Removing system_tm4c123.o(.ARM.exidx.text.SystemCoreClockUpdate), (8 bytes).
    Removing system_tm4c123.o(.text.getOscClk), (360 bytes).
    Removing system_tm4c123.o(.ARM.exidx.text.getOscClk), (8 bytes).
    Removing system_tm4c123.o(.ARM.exidx.text.SystemInit), (8 bytes).
    Removing system_tm4c123.o(.data.SystemCoreClock), (4 bytes).
    Removing freertos_evr.o(.text), (0 bytes).
    Removing list.o(.text), (0 bytes).
    Removing list.o(.text.vListInitialise), (46 bytes).
    Removing list.o(.ARM.exidx.text.vListInitialise), (8 bytes).
    Removing list.o(.text.vListInitialiseItem), (14 bytes).
    Removing list.o(.ARM.exidx.text.vListInitialiseItem), (8 bytes).
    Removing list.o(.text.vListInsertEnd), (58 bytes).
    Removing list.o(.ARM.exidx.text.vListInsertEnd), (8 bytes).
    Removing list.o(.text.vListInsert), (106 bytes).
    Removing list.o(.ARM.exidx.text.vListInsert), (8 bytes).
    Removing list.o(.text.uxListRemove), (72 bytes).
    Removing list.o(.ARM.exidx.text.uxListRemove), (8 bytes).
    Removing port.o(.text), (0 bytes).
    Removing port.o(.text.pxPortInitialiseStack), (94 bytes).
    Removing port.o(.ARM.exidx.text.pxPortInitialiseStack), (8 bytes).
    Removing port.o(.text.prvTaskExitError), (76 bytes).
    Removing port.o(.ARM.exidx.text.prvTaskExitError), (8 bytes).
    Removing port.o(.ARM.exidx.text.SVC_Handler), (8 bytes).
    Removing port.o(.text.xPortStartScheduler), (380 bytes).
    Removing port.o(.ARM.exidx.text.xPortStartScheduler), (8 bytes).
    Removing port.o(.text.vPortSetupTimerInterrupt), (120 bytes).
    Removing port.o(.ARM.exidx.text.vPortSetupTimerInterrupt), (8 bytes).
    Removing port.o(.text.vPortEnableVFP), (20 bytes).
    Removing port.o(.ARM.exidx.text.vPortEnableVFP), (8 bytes).
    Removing port.o(.text.prvPortStartFirstTask), (40 bytes).
    Removing port.o(.ARM.exidx.text.prvPortStartFirstTask), (8 bytes).
    Removing port.o(.text.vPortEndScheduler), (46 bytes).
    Removing port.o(.ARM.exidx.text.vPortEndScheduler), (8 bytes).
    Removing port.o(.text.vPortEnterCritical), (86 bytes).
    Removing port.o(.ARM.exidx.text.vPortEnterCritical), (8 bytes).
    Removing port.o(.text.vPortExitCritical), (74 bytes).
    Removing port.o(.ARM.exidx.text.vPortExitCritical), (8 bytes).
    Removing port.o(.ARM.exidx.text.PendSV_Handler), (8 bytes).
    Removing port.o(.ARM.exidx.text.SysTick_Handler), (8 bytes).
    Removing port.o(.text.vPortSuppressTicksAndSleep), (544 bytes).
    Removing port.o(.ARM.exidx.text.vPortSuppressTicksAndSleep), (8 bytes).
    Removing port.o(.text.vPortValidateInterruptPriority), (132 bytes).
    Removing port.o(.ARM.exidx.text.vPortValidateInterruptPriority), (8 bytes).
    Removing port.o(.bss.ucMaxSysCallPriority), (1 bytes).
    Removing port.o(.bss.ulMaxPRIGROUPValue), (4 bytes).
    Removing port.o(.data.uxCriticalNesting), (4 bytes).
    Removing port.o(.bss.xMaximumPossibleSuppressedTicks), (4 bytes).
    Removing port.o(.bss.ulTimerCountsForOneTick), (4 bytes).
    Removing port.o(.bss.ulStoppedTimerCompensation), (4 bytes).
    Removing heap_4.o(.text), (0 bytes).
    Removing heap_4.o(.text.pvPortMalloc), (456 bytes).
    Removing heap_4.o(.ARM.exidx.text.pvPortMalloc), (8 bytes).
    Removing heap_4.o(.text.prvHeapInit), (174 bytes).
    Removing heap_4.o(.ARM.exidx.text.prvHeapInit), (8 bytes).
    Removing heap_4.o(.text.prvInsertBlockIntoFreeList), (198 bytes).
    Removing heap_4.o(.ARM.exidx.text.prvInsertBlockIntoFreeList), (8 bytes).
    Removing heap_4.o(.text.vPortFree), (186 bytes).
    Removing heap_4.o(.ARM.exidx.text.vPortFree), (8 bytes).
    Removing heap_4.o(.text.xPortGetFreeHeapSize), (12 bytes).
    Removing heap_4.o(.ARM.exidx.text.xPortGetFreeHeapSize), (8 bytes).
    Removing heap_4.o(.text.xPortGetMinimumEverFreeHeapSize), (12 bytes).
    Removing heap_4.o(.ARM.exidx.text.xPortGetMinimumEverFreeHeapSize), (8 bytes).
    Removing heap_4.o(.text.vPortInitialiseBlocks), (2 bytes).
    Removing heap_4.o(.ARM.exidx.text.vPortInitialiseBlocks), (8 bytes).
    Removing heap_4.o(.text.pvPortCalloc), (92 bytes).
    Removing heap_4.o(.ARM.exidx.text.pvPortCalloc), (8 bytes).
    Removing heap_4.o(.text.vPortGetHeapStats), (206 bytes).
    Removing heap_4.o(.ARM.exidx.text.vPortGetHeapStats), (8 bytes).
    Removing heap_4.o(.bss.pxEnd), (4 bytes).
    Removing heap_4.o(.bss.xFreeBytesRemaining), (4 bytes).
    Removing heap_4.o(.bss.xStart), (8 bytes).
    Removing heap_4.o(.bss.xMinimumEverFreeBytesRemaining), (4 bytes).
    Removing heap_4.o(.bss.xNumberOfSuccessfulAllocations), (4 bytes).
    Removing heap_4.o(.bss.xNumberOfSuccessfulFrees), (4 bytes).
    Removing heap_4.o(.bss.ucHeap), (15360 bytes).
    Removing queue.o(.text), (0 bytes).
    Removing queue.o(.text.xQueueGenericReset), (264 bytes).
    Removing queue.o(.ARM.exidx.text.xQueueGenericReset), (8 bytes).
    Removing queue.o(.text.xQueueGenericCreate), (154 bytes).
    Removing queue.o(.ARM.exidx.text.xQueueGenericCreate), (8 bytes).
    Removing queue.o(.text.prvInitialiseNewQueue), (78 bytes).
    Removing queue.o(.ARM.exidx.text.prvInitialiseNewQueue), (8 bytes).
    Removing queue.o(.text.xQueueCreateMutex), (38 bytes).
    Removing queue.o(.ARM.exidx.text.xQueueCreateMutex), (8 bytes).
    Removing queue.o(.text.prvInitialiseMutex), (44 bytes).
    Removing queue.o(.ARM.exidx.text.prvInitialiseMutex), (8 bytes).
    Removing queue.o(.text.xQueueGetMutexHolder), (74 bytes).
    Removing queue.o(.ARM.exidx.text.xQueueGetMutexHolder), (8 bytes).
    Removing queue.o(.text.xQueueGetMutexHolderFromISR), (60 bytes).
    Removing queue.o(.ARM.exidx.text.xQueueGetMutexHolderFromISR), (8 bytes).
    Removing queue.o(.text.xQueueGiveMutexRecursive), (108 bytes).
    Removing queue.o(.ARM.exidx.text.xQueueGiveMutexRecursive), (8 bytes).
    Removing queue.o(.text.xQueueGenericSend), (628 bytes).
    Removing queue.o(.ARM.exidx.text.xQueueGenericSend), (8 bytes).
    Removing queue.o(.text.xQueueTakeMutexRecursive), (110 bytes).
    Removing queue.o(.ARM.exidx.text.xQueueTakeMutexRecursive), (8 bytes).
    Removing queue.o(.text.xQueueSemaphoreTake), (528 bytes).
    Removing queue.o(.ARM.exidx.text.xQueueSemaphoreTake), (8 bytes).
    Removing queue.o(.text.xQueueCreateCountingSemaphore), (94 bytes).
    Removing queue.o(.ARM.exidx.text.xQueueCreateCountingSemaphore), (8 bytes).
    Removing queue.o(.text.prvCopyDataToQueue), (204 bytes).
    Removing queue.o(.ARM.exidx.text.prvCopyDataToQueue), (8 bytes).
    Removing queue.o(.text.prvNotifyQueueSetContainer), (236 bytes).
    Removing queue.o(.ARM.exidx.text.prvNotifyQueueSetContainer), (8 bytes).
    Removing queue.o(.text.prvIsQueueFull), (46 bytes).
    Removing queue.o(.ARM.exidx.text.prvIsQueueFull), (8 bytes).
    Removing queue.o(.text.prvUnlockQueue), (204 bytes).
    Removing queue.o(.ARM.exidx.text.prvUnlockQueue), (8 bytes).
    Removing queue.o(.text.xQueueGenericSendFromISR), (444 bytes).
    Removing queue.o(.ARM.exidx.text.xQueueGenericSendFromISR), (8 bytes).
    Removing queue.o(.text.xQueueGiveFromISR), (386 bytes).
    Removing queue.o(.ARM.exidx.text.xQueueGiveFromISR), (8 bytes).
    Removing queue.o(.text.xQueueReceive), (476 bytes).
    Removing queue.o(.ARM.exidx.text.xQueueReceive), (8 bytes).
    Removing queue.o(.text.prvCopyDataFromQueue), (66 bytes).
    Removing queue.o(.ARM.exidx.text.prvCopyDataFromQueue), (8 bytes).
    Removing queue.o(.text.prvIsQueueEmpty), (40 bytes).
    Removing queue.o(.ARM.exidx.text.prvIsQueueEmpty), (8 bytes).
    Removing queue.o(.text.prvGetDisinheritPriorityAfterTimeout), (38 bytes).
    Removing queue.o(.ARM.exidx.text.prvGetDisinheritPriorityAfterTimeout), (8 bytes).
    Removing queue.o(.text.xQueuePeek), (480 bytes).
    Removing queue.o(.ARM.exidx.text.xQueuePeek), (8 bytes).
    Removing queue.o(.text.xQueueReceiveFromISR), (318 bytes).
    Removing queue.o(.ARM.exidx.text.xQueueReceiveFromISR), (8 bytes).
    Removing queue.o(.text.xQueuePeekFromISR), (212 bytes).
    Removing queue.o(.ARM.exidx.text.xQueuePeekFromISR), (8 bytes).
    Removing queue.o(.text.uxQueueMessagesWaiting), (54 bytes).
    Removing queue.o(.ARM.exidx.text.uxQueueMessagesWaiting), (8 bytes).
    Removing queue.o(.text.uxQueueSpacesAvailable), (62 bytes).
    Removing queue.o(.ARM.exidx.text.uxQueueSpacesAvailable), (8 bytes).
    Removing queue.o(.text.uxQueueMessagesWaitingFromISR), (48 bytes).
    Removing queue.o(.ARM.exidx.text.uxQueueMessagesWaitingFromISR), (8 bytes).
    Removing queue.o(.text.vQueueDelete), (48 bytes).
    Removing queue.o(.ARM.exidx.text.vQueueDelete), (8 bytes).
    Removing queue.o(.text.uxQueueGetQueueNumber), (12 bytes).
    Removing queue.o(.ARM.exidx.text.uxQueueGetQueueNumber), (8 bytes).
    Removing queue.o(.text.vQueueSetQueueNumber), (16 bytes).
    Removing queue.o(.ARM.exidx.text.vQueueSetQueueNumber), (8 bytes).
    Removing queue.o(.text.ucQueueGetQueueType), (14 bytes).
    Removing queue.o(.ARM.exidx.text.ucQueueGetQueueType), (8 bytes).
    Removing queue.o(.text.xQueueIsQueueEmptyFromISR), (62 bytes).
    Removing queue.o(.ARM.exidx.text.xQueueIsQueueEmptyFromISR), (8 bytes).
    Removing queue.o(.text.xQueueIsQueueFullFromISR), (68 bytes).
    Removing queue.o(.ARM.exidx.text.xQueueIsQueueFullFromISR), (8 bytes).
    Removing queue.o(.text.vQueueWaitForMessageRestricted), (100 bytes).
    Removing queue.o(.ARM.exidx.text.vQueueWaitForMessageRestricted), (8 bytes).
    Removing queue.o(.text.xQueueCreateSet), (24 bytes).
    Removing queue.o(.ARM.exidx.text.xQueueCreateSet), (8 bytes).
    Removing queue.o(.text.xQueueAddToSet), (64 bytes).
    Removing queue.o(.ARM.exidx.text.xQueueAddToSet), (8 bytes).
    Removing queue.o(.text.xQueueRemoveFromSet), (72 bytes).
    Removing queue.o(.ARM.exidx.text.xQueueRemoveFromSet), (8 bytes).
    Removing queue.o(.text.xQueueSelectFromSet), (28 bytes).
    Removing queue.o(.ARM.exidx.text.xQueueSelectFromSet), (8 bytes).
    Removing queue.o(.text.xQueueSelectFromSetFromISR), (24 bytes).
    Removing queue.o(.ARM.exidx.text.xQueueSelectFromSetFromISR), (8 bytes).
    Removing tasks.o(.text), (0 bytes).
    Removing tasks.o(.text.xTaskCreate), (160 bytes).
    Removing tasks.o(.ARM.exidx.text.xTaskCreate), (8 bytes).
    Removing tasks.o(.text.prvInitialiseNewTask), (292 bytes).
    Removing tasks.o(.ARM.exidx.text.prvInitialiseNewTask), (8 bytes).
    Removing tasks.o(.text.prvAddNewTaskToReadyList), (340 bytes).
    Removing tasks.o(.ARM.exidx.text.prvAddNewTaskToReadyList), (8 bytes).
    Removing tasks.o(.text.vTaskDelete), (340 bytes).
    Removing tasks.o(.ARM.exidx.text.vTaskDelete), (8 bytes).
    Removing tasks.o(.ARM.exidx.text.prvResetNextTaskUnblockTime), (8 bytes).
    Removing tasks.o(.text.prvDeleteTCB), (24 bytes).
    Removing tasks.o(.ARM.exidx.text.prvDeleteTCB), (8 bytes).
    Removing tasks.o(.text.xTaskDelayUntil), (278 bytes).
    Removing tasks.o(.ARM.exidx.text.xTaskDelayUntil), (8 bytes).
    Removing tasks.o(.text.vTaskSuspendAll), (16 bytes).
    Removing tasks.o(.ARM.exidx.text.vTaskSuspendAll), (8 bytes).
    Removing tasks.o(.text.prvAddCurrentTaskToDelayedList), (290 bytes).
    Removing tasks.o(.ARM.exidx.text.prvAddCurrentTaskToDelayedList), (8 bytes).
    Removing tasks.o(.text.xTaskResumeAll), (546 bytes).
    Removing tasks.o(.ARM.exidx.text.xTaskResumeAll), (8 bytes).
    Removing tasks.o(.text.vTaskDelay), (110 bytes).
    Removing tasks.o(.ARM.exidx.text.vTaskDelay), (8 bytes).
    Removing tasks.o(.text.eTaskGetState), (272 bytes).
    Removing tasks.o(.ARM.exidx.text.eTaskGetState), (8 bytes).
    Removing tasks.o(.text.uxTaskPriorityGet), (56 bytes).
    Removing tasks.o(.ARM.exidx.text.uxTaskPriorityGet), (8 bytes).
    Removing tasks.o(.text.uxTaskPriorityGetFromISR), (90 bytes).
    Removing tasks.o(.ARM.exidx.text.uxTaskPriorityGetFromISR), (8 bytes).
    Removing tasks.o(.text.vTaskPrioritySet), (484 bytes).
    Removing tasks.o(.ARM.exidx.text.vTaskPrioritySet), (8 bytes).
    Removing tasks.o(.text.vTaskSuspend), (378 bytes).
    Removing tasks.o(.ARM.exidx.text.vTaskSuspend), (8 bytes).
    Removing tasks.o(.ARM.exidx.text.vTaskSwitchContext), (8 bytes).
    Removing tasks.o(.text.vTaskResume), (264 bytes).
    Removing tasks.o(.ARM.exidx.text.vTaskResume), (8 bytes).
    Removing tasks.o(.text.prvTaskIsTaskSuspended), (106 bytes).
    Removing tasks.o(.ARM.exidx.text.prvTaskIsTaskSuspended), (8 bytes).
    Removing tasks.o(.text.xTaskResumeFromISR), (304 bytes).
    Removing tasks.o(.ARM.exidx.text.xTaskResumeFromISR), (8 bytes).
    Removing tasks.o(.text.vTaskStartScheduler), (180 bytes).
    Removing tasks.o(.ARM.exidx.text.vTaskStartScheduler), (8 bytes).
    Removing tasks.o(.text.prvIdleTask), (154 bytes).
    Removing tasks.o(.ARM.exidx.text.prvIdleTask), (8 bytes).
    Removing tasks.o(.text.vTaskEndScheduler), (42 bytes).
    Removing tasks.o(.ARM.exidx.text.vTaskEndScheduler), (8 bytes).
    Removing tasks.o(.ARM.exidx.text.xTaskIncrementTick), (8 bytes).
    Removing tasks.o(.text.xTaskGetTickCount), (20 bytes).
    Removing tasks.o(.ARM.exidx.text.xTaskGetTickCount), (8 bytes).
    Removing tasks.o(.text.xTaskGetTickCountFromISR), (30 bytes).
    Removing tasks.o(.ARM.exidx.text.xTaskGetTickCountFromISR), (8 bytes).
    Removing tasks.o(.text.uxTaskGetNumberOfTasks), (12 bytes).
    Removing tasks.o(.ARM.exidx.text.uxTaskGetNumberOfTasks), (8 bytes).
    Removing tasks.o(.text.pcTaskGetName), (70 bytes).
    Removing tasks.o(.ARM.exidx.text.pcTaskGetName), (8 bytes).
    Removing tasks.o(.text.xTaskGetHandle), (210 bytes).
    Removing tasks.o(.ARM.exidx.text.xTaskGetHandle), (8 bytes).
    Removing tasks.o(.text.prvSearchForNameWithinSingleList), (228 bytes).
    Removing tasks.o(.ARM.exidx.text.prvSearchForNameWithinSingleList), (8 bytes).
    Removing tasks.o(.text.uxTaskGetSystemState), (272 bytes).
    Removing tasks.o(.ARM.exidx.text.uxTaskGetSystemState), (8 bytes).
    Removing tasks.o(.text.prvListTasksWithinSingleList), (164 bytes).
    Removing tasks.o(.ARM.exidx.text.prvListTasksWithinSingleList), (8 bytes).
    Removing tasks.o(.text.xTaskGetIdleTaskHandle), (52 bytes).
    Removing tasks.o(.ARM.exidx.text.xTaskGetIdleTaskHandle), (8 bytes).
    Removing tasks.o(.text.vTaskStepTick), (204 bytes).
    Removing tasks.o(.ARM.exidx.text.vTaskStepTick), (8 bytes).
    Removing tasks.o(.text.xTaskCatchUpTicks), (82 bytes).
    Removing tasks.o(.ARM.exidx.text.xTaskCatchUpTicks), (8 bytes).
    Removing tasks.o(.text.xTaskAbortDelay), (270 bytes).
    Removing tasks.o(.ARM.exidx.text.xTaskAbortDelay), (8 bytes).
    Removing tasks.o(.text.vTaskPlaceOnEventList), (66 bytes).
    Removing tasks.o(.ARM.exidx.text.vTaskPlaceOnEventList), (8 bytes).
    Removing tasks.o(.text.vTaskPlaceOnUnorderedEventList), (156 bytes).
    Removing tasks.o(.ARM.exidx.text.vTaskPlaceOnUnorderedEventList), (8 bytes).
    Removing tasks.o(.text.vTaskPlaceOnEventListRestricted), (124 bytes).
    Removing tasks.o(.ARM.exidx.text.vTaskPlaceOnEventListRestricted), (8 bytes).
    Removing tasks.o(.text.xTaskRemoveFromEventList), (402 bytes).
    Removing tasks.o(.ARM.exidx.text.xTaskRemoveFromEventList), (8 bytes).
    Removing tasks.o(.text.vTaskRemoveFromUnorderedEventList), (362 bytes).
    Removing tasks.o(.ARM.exidx.text.vTaskRemoveFromUnorderedEventList), (8 bytes).
    Removing tasks.o(.text.vTaskSetTimeOutState), (74 bytes).
    Removing tasks.o(.ARM.exidx.text.vTaskSetTimeOutState), (8 bytes).
    Removing tasks.o(.text.vTaskInternalSetTimeOutState), (36 bytes).
    Removing tasks.o(.ARM.exidx.text.vTaskInternalSetTimeOutState), (8 bytes).
    Removing tasks.o(.text.xTaskCheckForTimeOut), (252 bytes).
    Removing tasks.o(.ARM.exidx.text.xTaskCheckForTimeOut), (8 bytes).
    Removing tasks.o(.text.vTaskMissedYield), (14 bytes).
    Removing tasks.o(.ARM.exidx.text.vTaskMissedYield), (8 bytes).
    Removing tasks.o(.text.uxTaskGetTaskNumber), (34 bytes).
    Removing tasks.o(.ARM.exidx.text.uxTaskGetTaskNumber), (8 bytes).
    Removing tasks.o(.text.vTaskSetTaskNumber), (28 bytes).
    Removing tasks.o(.ARM.exidx.text.vTaskSetTaskNumber), (8 bytes).
    Removing tasks.o(.text.eTaskConfirmSleepModeStatus), (128 bytes).
    Removing tasks.o(.ARM.exidx.text.eTaskConfirmSleepModeStatus), (8 bytes).
    Removing tasks.o(.text.vTaskGetInfo), (224 bytes).
    Removing tasks.o(.ARM.exidx.text.vTaskGetInfo), (8 bytes).
    Removing tasks.o(.text.prvTaskCheckFreeStackSpace), (48 bytes).
    Removing tasks.o(.ARM.exidx.text.prvTaskCheckFreeStackSpace), (8 bytes).
    Removing tasks.o(.text.uxTaskGetStackHighWaterMark2), (60 bytes).
    Removing tasks.o(.ARM.exidx.text.uxTaskGetStackHighWaterMark2), (8 bytes).
    Removing tasks.o(.text.uxTaskGetStackHighWaterMark), (56 bytes).
    Removing tasks.o(.ARM.exidx.text.uxTaskGetStackHighWaterMark), (8 bytes).
    Removing tasks.o(.text.xTaskGetCurrentTaskHandle), (20 bytes).
    Removing tasks.o(.ARM.exidx.text.xTaskGetCurrentTaskHandle), (8 bytes).
    Removing tasks.o(.text.xTaskGetSchedulerState), (56 bytes).
    Removing tasks.o(.ARM.exidx.text.xTaskGetSchedulerState), (8 bytes).
    Removing tasks.o(.text.xTaskPriorityInherit), (348 bytes).
    Removing tasks.o(.ARM.exidx.text.xTaskPriorityInherit), (8 bytes).
    Removing tasks.o(.text.xTaskPriorityDisinherit), (312 bytes).
    Removing tasks.o(.ARM.exidx.text.xTaskPriorityDisinherit), (8 bytes).
    Removing tasks.o(.text.vTaskPriorityDisinheritAfterTimeout), (386 bytes).
    Removing tasks.o(.ARM.exidx.text.vTaskPriorityDisinheritAfterTimeout), (8 bytes).
    Removing tasks.o(.text.uxTaskResetEventItemValue), (34 bytes).
    Removing tasks.o(.ARM.exidx.text.uxTaskResetEventItemValue), (8 bytes).
    Removing tasks.o(.text.pvTaskIncrementMutexHeldCount), (44 bytes).
    Removing tasks.o(.ARM.exidx.text.pvTaskIncrementMutexHeldCount), (8 bytes).
    Removing tasks.o(.text.ulTaskGenericNotifyTake), (248 bytes).
    Removing tasks.o(.ARM.exidx.text.ulTaskGenericNotifyTake), (8 bytes).
    Removing tasks.o(.text.xTaskGenericNotifyWait), (280 bytes).
    Removing tasks.o(.ARM.exidx.text.xTaskGenericNotifyWait), (8 bytes).
    Removing tasks.o(.text.xTaskGenericNotify), (558 bytes).
    Removing tasks.o(.ARM.exidx.text.xTaskGenericNotify), (8 bytes).
    Removing tasks.o(.text.xTaskGenericNotifyFromISR), (668 bytes).
    Removing tasks.o(.ARM.exidx.text.xTaskGenericNotifyFromISR), (8 bytes).
    Removing tasks.o(.text.vTaskGenericNotifyGiveFromISR), (498 bytes).
    Removing tasks.o(.ARM.exidx.text.vTaskGenericNotifyGiveFromISR), (8 bytes).
    Removing tasks.o(.text.xTaskGenericNotifyStateClear), (120 bytes).
    Removing tasks.o(.ARM.exidx.text.xTaskGenericNotifyStateClear), (8 bytes).
    Removing tasks.o(.text.ulTaskGenericNotifyValueClear), (82 bytes).
    Removing tasks.o(.ARM.exidx.text.ulTaskGenericNotifyValueClear), (8 bytes).
    Removing tasks.o(.text.prvInitialiseTaskLists), (142 bytes).
    Removing tasks.o(.ARM.exidx.text.prvInitialiseTaskLists), (8 bytes).
    Removing tasks.o(.text.prvCheckTasksWaitingTermination), (90 bytes).
    Removing tasks.o(.ARM.exidx.text.prvCheckTasksWaitingTermination), (8 bytes).
    Removing tasks.o(.text.prvGetExpectedIdleTime), (124 bytes).
    Removing tasks.o(.ARM.exidx.text.prvGetExpectedIdleTime), (8 bytes).
    Removing tasks.o(.rodata.uxTopUsedPriority), (4 bytes).
    Removing tasks.o(.bss.uxTaskNumber), (4 bytes).
    Removing tasks.o(.bss.xTasksWaitingTermination), (20 bytes).
    Removing tasks.o(.bss.uxDeletedTasksWaitingCleanUp), (4 bytes).
    Removing tasks.o(.bss.uxCurrentNumberOfTasks), (4 bytes).
    Removing tasks.o(.bss.xSchedulerRunning), (4 bytes).
    Removing tasks.o(.bss.xSuspendedTaskList), (20 bytes).
    Removing tasks.o(.bss.xPendingReadyList), (20 bytes).
    Removing tasks.o(.rodata.str1.1), (5 bytes).
    Removing tasks.o(.bss.xIdleTaskHandle), (4 bytes).
    Removing tasks.o(.bss.xDelayedTaskList1), (20 bytes).
    Removing tasks.o(.bss.xDelayedTaskList2), (20 bytes).
    Removing timers.o(.text), (0 bytes).
    Removing timers.o(.text.xTimerCreateTimerTask), (108 bytes).
    Removing timers.o(.ARM.exidx.text.xTimerCreateTimerTask), (8 bytes).
    Removing timers.o(.text.prvCheckForValidListAndQueue), (106 bytes).
    Removing timers.o(.ARM.exidx.text.prvCheckForValidListAndQueue), (8 bytes).
    Removing timers.o(.text.prvTimerTask), (30 bytes).
    Removing timers.o(.ARM.exidx.text.prvTimerTask), (8 bytes).
    Removing timers.o(.text.xTimerCreate), (74 bytes).
    Removing timers.o(.ARM.exidx.text.xTimerCreate), (8 bytes).
    Removing timers.o(.text.prvInitialiseNewTimer), (110 bytes).
    Removing timers.o(.ARM.exidx.text.prvInitialiseNewTimer), (8 bytes).
    Removing timers.o(.text.xTimerGenericCommand), (176 bytes).
    Removing timers.o(.ARM.exidx.text.xTimerGenericCommand), (8 bytes).
    Removing timers.o(.text.xTimerGetTimerDaemonTaskHandle), (52 bytes).
    Removing timers.o(.ARM.exidx.text.xTimerGetTimerDaemonTaskHandle), (8 bytes).
    Removing timers.o(.text.xTimerGetPeriod), (44 bytes).
    Removing timers.o(.ARM.exidx.text.xTimerGetPeriod), (8 bytes).
    Removing timers.o(.text.vTimerSetReloadMode), (90 bytes).
    Removing timers.o(.ARM.exidx.text.vTimerSetReloadMode), (8 bytes).
    Removing timers.o(.text.xTimerGetReloadMode), (78 bytes).
    Removing timers.o(.ARM.exidx.text.xTimerGetReloadMode), (8 bytes).
    Removing timers.o(.text.uxTimerGetReloadMode), (16 bytes).
    Removing timers.o(.ARM.exidx.text.uxTimerGetReloadMode), (8 bytes).
    Removing timers.o(.text.xTimerGetExpiryTime), (48 bytes).
    Removing timers.o(.ARM.exidx.text.xTimerGetExpiryTime), (8 bytes).
    Removing timers.o(.text.pcTimerGetName), (44 bytes).
    Removing timers.o(.ARM.exidx.text.pcTimerGetName), (8 bytes).
    Removing timers.o(.text.xTimerIsTimerActive), (76 bytes).
    Removing timers.o(.ARM.exidx.text.xTimerIsTimerActive), (8 bytes).
    Removing timers.o(.text.pvTimerGetTimerID), (58 bytes).
    Removing timers.o(.ARM.exidx.text.pvTimerGetTimerID), (8 bytes).
    Removing timers.o(.text.vTimerSetTimerID), (58 bytes).
    Removing timers.o(.ARM.exidx.text.vTimerSetTimerID), (8 bytes).
    Removing timers.o(.text.xTimerPendFunctionCallFromISR), (58 bytes).
    Removing timers.o(.ARM.exidx.text.xTimerPendFunctionCallFromISR), (8 bytes).
    Removing timers.o(.text.xTimerPendFunctionCall), (94 bytes).
    Removing timers.o(.ARM.exidx.text.xTimerPendFunctionCall), (8 bytes).
    Removing timers.o(.text.uxTimerGetTimerNumber), (12 bytes).
    Removing timers.o(.ARM.exidx.text.uxTimerGetTimerNumber), (8 bytes).
    Removing timers.o(.text.vTimerSetTimerNumber), (16 bytes).
    Removing timers.o(.ARM.exidx.text.vTimerSetTimerNumber), (8 bytes).
    Removing timers.o(.text.prvGetNextExpireTime), (64 bytes).
    Removing timers.o(.ARM.exidx.text.prvGetNextExpireTime), (8 bytes).
    Removing timers.o(.text.prvProcessTimerOrBlockTask), (154 bytes).
    Removing timers.o(.ARM.exidx.text.prvProcessTimerOrBlockTask), (8 bytes).
    Removing timers.o(.text.prvProcessReceivedCommands), (384 bytes).
    Removing timers.o(.ARM.exidx.text.prvProcessReceivedCommands), (8 bytes).
    Removing timers.o(.text.prvSampleTimeNow), (68 bytes).
    Removing timers.o(.ARM.exidx.text.prvSampleTimeNow), (8 bytes).
    Removing timers.o(.text.prvProcessExpiredTimer), (84 bytes).
    Removing timers.o(.ARM.exidx.text.prvProcessExpiredTimer), (8 bytes).
    Removing timers.o(.text.prvSwitchTimerLists), (82 bytes).
    Removing timers.o(.ARM.exidx.text.prvSwitchTimerLists), (8 bytes).
    Removing timers.o(.text.prvReloadTimer), (52 bytes).
    Removing timers.o(.ARM.exidx.text.prvReloadTimer), (8 bytes).
    Removing timers.o(.text.prvInsertTimerInActiveList), (134 bytes).
    Removing timers.o(.ARM.exidx.text.prvInsertTimerInActiveList), (8 bytes).
    Removing timers.o(.bss.xTimerQueue), (4 bytes).
    Removing timers.o(.rodata.str1.1), (8 bytes).
    Removing timers.o(.bss.xTimerTaskHandle), (4 bytes).
    Removing timers.o(.bss.pxCurrentTimerList), (4 bytes).
    Removing timers.o(.bss.pxOverflowTimerList), (4 bytes).
    Removing timers.o(.bss.prvSampleTimeNow.xLastTime), (4 bytes).
    Removing timers.o(.bss.xActiveTimerList1), (20 bytes).
    Removing timers.o(.bss.xActiveTimerList2), (20 bytes).
    Removing gpio.o(i.GPIOADCTriggerDisable), (14 bytes).
    Removing gpio.o(i.GPIOADCTriggerEnable), (12 bytes).
    Removing gpio.o(i.GPIODMATriggerDisable), (14 bytes).
    Removing gpio.o(i.GPIODMATriggerEnable), (12 bytes).
    Removing gpio.o(i.GPIODirModeGet), (34 bytes).
    Removing gpio.o(i.GPIOIntClear), (6 bytes).
    Removing gpio.o(i.GPIOIntDisable), (14 bytes).
    Removing gpio.o(i.GPIOIntEnable), (12 bytes).
    Removing gpio.o(i.GPIOIntRegister), (26 bytes).
    Removing gpio.o(i.GPIOIntRegisterPin), (30 bytes).
    Removing gpio.o(i.GPIOIntStatus), (14 bytes).
    Removing gpio.o(i.GPIOIntTypeGet), (70 bytes).
    Removing gpio.o(i.GPIOIntTypeSet), (80 bytes).
    Removing gpio.o(i.GPIOIntUnregister), (22 bytes).
    Removing gpio.o(i.GPIOIntUnregisterPin), (26 bytes).
    Removing gpio.o(i.GPIOPadConfigGet), (248 bytes).
    Removing gpio.o(i.GPIOPinTypeADC), (28 bytes).
    Removing gpio.o(i.GPIOPinTypeCAN), (28 bytes).
    Removing gpio.o(i.GPIOPinTypeComparator), (28 bytes).
    Removing gpio.o(i.GPIOPinTypeComparatorOutput), (28 bytes).
    Removing gpio.o(i.GPIOPinTypeDIVSCLK), (28 bytes).
    Removing gpio.o(i.GPIOPinTypeEPI), (28 bytes).
    Removing gpio.o(i.GPIOPinTypeEthernetLED), (28 bytes).
    Removing gpio.o(i.GPIOPinTypeEthernetMII), (28 bytes).
    Removing gpio.o(i.GPIOPinTypeGPIOInput), (28 bytes).
    Removing gpio.o(i.GPIOPinTypeGPIOOutput), (28 bytes).
    Removing gpio.o(i.GPIOPinTypeGPIOOutputOD), (28 bytes).
    Removing gpio.o(i.GPIOPinTypeHibernateRTCCLK), (28 bytes).
    Removing gpio.o(i.GPIOPinTypeI2C), (28 bytes).
    Removing gpio.o(i.GPIOPinTypeI2CSCL), (28 bytes).
    Removing gpio.o(i.GPIOPinTypeLCD), (28 bytes).
    Removing gpio.o(i.GPIOPinTypeOneWire), (28 bytes).
    Removing gpio.o(i.GPIOPinTypePWM), (28 bytes).
    Removing gpio.o(i.GPIOPinTypeQEI), (28 bytes).
    Removing gpio.o(i.GPIOPinTypeSSI), (28 bytes).
    Removing gpio.o(i.GPIOPinTypeTimer), (28 bytes).
    Removing gpio.o(i.GPIOPinTypeTrace), (28 bytes).
    Removing gpio.o(i.GPIOPinTypeUSBAnalog), (28 bytes).
    Removing gpio.o(i.GPIOPinTypeUSBDigital), (28 bytes).
    Removing gpio.o(i.GPIOPinTypeWakeHigh), (30 bytes).
    Removing gpio.o(i.GPIOPinTypeWakeLow), (30 bytes).
    Removing gpio.o(i.GPIOPinWakeStatus), (6 bytes).
    Removing gpio.o(i._GPIOIntNumberGet), (80 bytes).
    Removing interrupt.o(i.IntDisable), (100 bytes).
    Removing interrupt.o(i.IntEnable), (100 bytes).
    Removing interrupt.o(i.IntIsEnabled), (96 bytes).
    Removing interrupt.o(i.IntMasterDisable), (14 bytes).
    Removing interrupt.o(i.IntMasterEnable), (14 bytes).
    Removing interrupt.o(i.IntPendClear), (68 bytes).
    Removing interrupt.o(i.IntPendSet), (84 bytes).
    Removing interrupt.o(i.IntPriorityGet), (28 bytes).
    Removing interrupt.o(i.IntPriorityGroupingGet), (36 bytes).
    Removing interrupt.o(i.IntPriorityGroupingSet), (28 bytes).
    Removing interrupt.o(i.IntPriorityMaskGet), (4 bytes).
    Removing interrupt.o(i.IntPriorityMaskSet), (4 bytes).
    Removing interrupt.o(i.IntPrioritySet), (40 bytes).
    Removing interrupt.o(i.IntRegister), (52 bytes).
    Removing interrupt.o(i.IntTrigger), (12 bytes).
    Removing interrupt.o(i.IntUnregister), (20 bytes).
    Removing interrupt.o(i._IntDefaultHandler), (2 bytes).
    Removing interrupt.o(.constdata), (268 bytes).
    Removing interrupt.o(vtable), (620 bytes).
    Removing pwm.o(i.PWMClockGet), (26 bytes).
    Removing pwm.o(i.PWMClockSet), (20 bytes).
    Removing pwm.o(i.PWMDeadBandDisable), (12 bytes).
    Removing pwm.o(i.PWMDeadBandEnable), (16 bytes).
    Removing pwm.o(i.PWMFaultIntClear), (8 bytes).
    Removing pwm.o(i.PWMFaultIntClearExt), (4 bytes).
    Removing pwm.o(i.PWMFaultIntRegister), (92 bytes).
    Removing pwm.o(i.PWMFaultIntUnregister), (84 bytes).
    Removing pwm.o(i.PWMGenConfigure), (38 bytes).
    Removing pwm.o(i.PWMGenDisable), (10 bytes).
    Removing pwm.o(i.PWMGenEnable), (10 bytes).
    Removing pwm.o(i.PWMGenFaultClear), (18 bytes).
    Removing pwm.o(i.PWMGenFaultConfigure), (18 bytes).
    Removing pwm.o(i.PWMGenFaultStatus), (18 bytes).
    Removing pwm.o(i.PWMGenFaultTriggerGet), (12 bytes).
    Removing pwm.o(i.PWMGenFaultTriggerSet), (12 bytes).
    Removing pwm.o(i.PWMGenIntClear), (6 bytes).
    Removing pwm.o(i.PWMGenIntRegister), (26 bytes).
    Removing pwm.o(i.PWMGenIntStatus), (12 bytes).
    Removing pwm.o(i.PWMGenIntTrigDisable), (10 bytes).
    Removing pwm.o(i.PWMGenIntTrigEnable), (10 bytes).
    Removing pwm.o(i.PWMGenIntUnregister), (22 bytes).
    Removing pwm.o(i.PWMGenPeriodGet), (18 bytes).
    Removing pwm.o(i.PWMGenPeriodSet), (18 bytes).
    Removing pwm.o(i.PWMIntDisable), (10 bytes).
    Removing pwm.o(i.PWMIntEnable), (8 bytes).
    Removing pwm.o(i.PWMIntStatus), (10 bytes).
    Removing pwm.o(i.PWMOutputFault), (16 bytes).
    Removing pwm.o(i.PWMOutputFaultLevel), (16 bytes).
    Removing pwm.o(i.PWMOutputInvert), (16 bytes).
    Removing pwm.o(i.PWMOutputState), (16 bytes).
    Removing pwm.o(i.PWMOutputUpdateMode), (62 bytes).
    Removing pwm.o(i.PWMPulseWidthGet), (32 bytes).
    Removing pwm.o(i.PWMPulseWidthSet), (32 bytes).
    Removing pwm.o(i.PWMSyncTimeBase), (4 bytes).
    Removing pwm.o(i.PWMSyncUpdate), (4 bytes).
    Removing pwm.o(i._PWMGenIntNumberGet), (224 bytes).
    Removing ssi.o(i.SSIAdvDataPutFrameEnd), (20 bytes).
    Removing ssi.o(i.SSIAdvDataPutFrameEndNonBlocking), (26 bytes).
    Removing ssi.o(i.SSIAdvFrameHoldDisable), (10 bytes).
    Removing ssi.o(i.SSIAdvFrameHoldEnable), (10 bytes).
    Removing ssi.o(i.SSIAdvModeSet), (12 bytes).
    Removing ssi.o(i.SSIBusy), (8 bytes).
    Removing ssi.o(i.SSIClockSourceGet), (6 bytes).
    Removing ssi.o(i.SSIClockSourceSet), (6 bytes).
    Removing ssi.o(i.SSIConfigSetExpClk), (58 bytes).
    Removing ssi.o(i.SSIDMADisable), (10 bytes).
    Removing ssi.o(i.SSIDMAEnable), (8 bytes).
    Removing ssi.o(i.SSIDataGet), (14 bytes).
    Removing ssi.o(i.SSIDataPutNonBlocking), (16 bytes).
    Removing ssi.o(i.SSIDisable), (10 bytes).
    Removing ssi.o(i.SSIEnable), (10 bytes).
    Removing ssi.o(i.SSIIntClear), (4 bytes).
    Removing ssi.o(i.SSIIntDisable), (10 bytes).
    Removing ssi.o(i.SSIIntEnable), (8 bytes).
    Removing ssi.o(i.SSIIntRegister), (88 bytes).
    Removing ssi.o(i.SSIIntStatus), (10 bytes).
    Removing ssi.o(i.SSIIntUnregister), (88 bytes).
    Removing ssi.o(i.SSILoopbackDisable), (10 bytes).
    Removing ssi.o(i.SSILoopbackEnable), (10 bytes).
    Removing ssi.o(.constdata), (64 bytes).
    Removing sysctl.o(i.SysCtlAltClkConfig), (12 bytes).
    Removing sysctl.o(i.SysCtlClockFreqSet), (740 bytes).
    Removing sysctl.o(i.SysCtlClockOutConfig), (20 bytes).
    Removing sysctl.o(i.SysCtlDeepSleep), (32 bytes).
    Removing sysctl.o(i.SysCtlDeepSleepClockConfigSet), (112 bytes).
    Removing sysctl.o(i.SysCtlDeepSleepClockSet), (12 bytes).
    Removing sysctl.o(i.SysCtlDeepSleepPowerSet), (12 bytes).
    Removing sysctl.o(i.SysCtlFlashSectorSizeGet), (56 bytes).
    Removing sysctl.o(i.SysCtlFlashSizeGet), (56 bytes).
    Removing sysctl.o(i.SysCtlGPIOAHBDisable), (28 bytes).
    Removing sysctl.o(i.SysCtlGPIOAHBEnable), (24 bytes).
    Removing sysctl.o(i.SysCtlIntClear), (12 bytes).
    Removing sysctl.o(i.SysCtlIntDisable), (16 bytes).
    Removing sysctl.o(i.SysCtlIntEnable), (16 bytes).
    Removing sysctl.o(i.SysCtlIntRegister), (20 bytes).
    Removing sysctl.o(i.SysCtlIntStatus), (16 bytes).
    Removing sysctl.o(i.SysCtlIntUnregister), (18 bytes).
    Removing sysctl.o(i.SysCtlLDODeepSleepGet), (12 bytes).
    Removing sysctl.o(i.SysCtlLDODeepSleepSet), (12 bytes).
    Removing sysctl.o(i.SysCtlLDOSleepGet), (12 bytes).
    Removing sysctl.o(i.SysCtlLDOSleepSet), (12 bytes).
    Removing sysctl.o(i.SysCtlMOSCConfigSet), (12 bytes).
    Removing sysctl.o(i.SysCtlNMIClear), (16 bytes).
    Removing sysctl.o(i.SysCtlNMIStatus), (12 bytes).
    Removing sysctl.o(i.SysCtlPIOSCCalibrate), (76 bytes).
    Removing sysctl.o(i.SysCtlPWMClockGet), (24 bytes).
    Removing sysctl.o(i.SysCtlPWMClockSet), (20 bytes).
    Removing sysctl.o(i.SysCtlPeripheralClockGating), (68 bytes).
    Removing sysctl.o(i.SysCtlPeripheralDeepSleepDisable), (40 bytes).
    Removing sysctl.o(i.SysCtlPeripheralDeepSleepEnable), (40 bytes).
    Removing sysctl.o(i.SysCtlPeripheralDisable), (40 bytes).
    Removing sysctl.o(i.SysCtlPeripheralPowerOff), (40 bytes).
    Removing sysctl.o(i.SysCtlPeripheralPowerOn), (40 bytes).
    Removing sysctl.o(i.SysCtlPeripheralPresent), (44 bytes).
    Removing sysctl.o(i.SysCtlPeripheralReset), (60 bytes).
    Removing sysctl.o(i.SysCtlPeripheralSleepDisable), (40 bytes).
    Removing sysctl.o(i.SysCtlPeripheralSleepEnable), (40 bytes).
    Removing sysctl.o(i.SysCtlReset), (16 bytes).
    Removing sysctl.o(i.SysCtlResetBehaviorGet), (12 bytes).
    Removing sysctl.o(i.SysCtlResetBehaviorSet), (12 bytes).
    Removing sysctl.o(i.SysCtlResetCauseClear), (16 bytes).
    Removing sysctl.o(i.SysCtlResetCauseGet), (12 bytes).
    Removing sysctl.o(i.SysCtlSRAMSizeGet), (16 bytes).
    Removing sysctl.o(i.SysCtlSleep), (4 bytes).
    Removing sysctl.o(i.SysCtlSleepPowerSet), (12 bytes).
    Removing sysctl.o(i.SysCtlUSBPLLDisable), (16 bytes).
    Removing sysctl.o(i.SysCtlUSBPLLEnable), (16 bytes).
    Removing sysctl.o(i.SysCtlVCOGet), (120 bytes).
    Removing sysctl.o(i.SysCtlVoltageEventClear), (16 bytes).
    Removing sysctl.o(i.SysCtlVoltageEventConfig), (12 bytes).
    Removing sysctl.o(i.SysCtlVoltageEventStatus), (12 bytes).
    Removing timer.o(i.TimerADCEventGet), (4 bytes).
    Removing timer.o(i.TimerADCEventSet), (4 bytes).
    Removing timer.o(i.TimerClockSourceGet), (6 bytes).
    Removing timer.o(i.TimerClockSourceSet), (6 bytes).
    Removing timer.o(i.TimerConfigure), (96 bytes).
    Removing timer.o(i.TimerControlEvent), (18 bytes).
    Removing timer.o(i.TimerControlLevel), (22 bytes).
    Removing timer.o(i.TimerControlStall), (22 bytes).
    Removing timer.o(i.TimerControlTrigger), (80 bytes).
    Removing timer.o(i.TimerControlWaitOnTrigger), (48 bytes).
    Removing timer.o(i.TimerDMAEventGet), (4 bytes).
    Removing timer.o(i.TimerDMAEventSet), (4 bytes).
    Removing timer.o(i.TimerDisable), (16 bytes).
    Removing timer.o(i.TimerEnable), (14 bytes).
    Removing timer.o(i.TimerIntClear), (4 bytes).
    Removing timer.o(i.TimerIntDisable), (10 bytes).
    Removing timer.o(i.TimerIntEnable), (8 bytes).
    Removing timer.o(i.TimerIntRegister), (104 bytes).
    Removing timer.o(i.TimerIntStatus), (10 bytes).
    Removing timer.o(i.TimerIntUnregister), (104 bytes).
    Removing timer.o(i.TimerLoadGet), (10 bytes).
    Removing timer.o(i.TimerLoadGet64), (14 bytes).
    Removing timer.o(i.TimerLoadSet), (18 bytes).
    Removing timer.o(i.TimerLoadSet64), (6 bytes).
    Removing timer.o(i.TimerMatchGet), (10 bytes).
    Removing timer.o(i.TimerMatchGet64), (14 bytes).
    Removing timer.o(i.TimerMatchSet), (18 bytes).
    Removing timer.o(i.TimerMatchSet64), (6 bytes).
    Removing timer.o(i.TimerPrescaleGet), (10 bytes).
    Removing timer.o(i.TimerPrescaleMatchGet), (10 bytes).
    Removing timer.o(i.TimerPrescaleMatchSet), (18 bytes).
    Removing timer.o(i.TimerPrescaleSet), (18 bytes).
    Removing timer.o(i.TimerRTCDisable), (10 bytes).
    Removing timer.o(i.TimerRTCEnable), (10 bytes).
    Removing timer.o(i.TimerSynchronize), (4 bytes).
    Removing timer.o(i.TimerUpdateMode), (42 bytes).
    Removing timer.o(i.TimerValueGet), (10 bytes).
    Removing timer.o(i.TimerValueGet64), (14 bytes).
    Removing timer.o(.constdata), (160 bytes).
    Removing uart.o(i.UART9BitAddrSend), (38 bytes).
    Removing uart.o(i.UART9BitAddrSet), (10 bytes).
    Removing uart.o(i.UART9BitDisable), (14 bytes).
    Removing uart.o(i.UART9BitEnable), (14 bytes).
    Removing uart.o(i.UARTBreakCtl), (18 bytes).
    Removing uart.o(i.UARTBusy), (8 bytes).
    Removing uart.o(i.UARTCharGet), (12 bytes).
    Removing uart.o(i.UARTCharGetNonBlocking), (16 bytes).
    Removing uart.o(i.UARTCharPut), (12 bytes).
    Removing uart.o(i.UARTCharPutNonBlocking), (16 bytes).
    Removing uart.o(i.UARTCharsAvail), (10 bytes).
    Removing uart.o(i.UARTClockSourceGet), (6 bytes).
    Removing uart.o(i.UARTClockSourceSet), (6 bytes).
    Removing uart.o(i.UARTConfigGetExpClk), (46 bytes).
    Removing uart.o(i.UARTDMADisable), (10 bytes).
    Removing uart.o(i.UARTDMAEnable), (8 bytes).
    Removing uart.o(i.UARTDisable), (30 bytes).
    Removing uart.o(i.UARTDisableSIR), (10 bytes).
    Removing uart.o(i.UARTEnableSIR), (18 bytes).
    Removing uart.o(i.UARTFIFODisable), (10 bytes).
    Removing uart.o(i.UARTFIFOEnable), (10 bytes).
    Removing uart.o(i.UARTFIFOLevelGet), (16 bytes).
    Removing uart.o(i.UARTFIFOLevelSet), (6 bytes).
    Removing uart.o(i.UARTFlowControlGet), (8 bytes).
    Removing uart.o(i.UARTFlowControlSet), (12 bytes).
    Removing uart.o(i.UARTIntClear), (4 bytes).
    Removing uart.o(i.UARTIntDisable), (10 bytes).
    Removing uart.o(i.UARTIntEnable), (8 bytes).
    Removing uart.o(i.UARTIntRegister), (88 bytes).
    Removing uart.o(i.UARTIntStatus), (10 bytes).
    Removing uart.o(i.UARTIntUnregister), (88 bytes).
    Removing uart.o(i.UARTLoopbackEnable), (10 bytes).
    Removing uart.o(i.UARTModemControlClear), (14 bytes).
    Removing uart.o(i.UARTModemControlGet), (8 bytes).
    Removing uart.o(i.UARTModemControlSet), (12 bytes).
    Removing uart.o(i.UARTModemStatusGet), (10 bytes).
    Removing uart.o(i.UARTParityModeGet), (8 bytes).
    Removing uart.o(i.UARTParityModeSet), (12 bytes).
    Removing uart.o(i.UARTRxErrorClear), (6 bytes).
    Removing uart.o(i.UARTRxErrorGet), (8 bytes).
    Removing uart.o(i.UARTSmartCardDisable), (10 bytes).
    Removing uart.o(i.UARTSmartCardEnable), (22 bytes).
    Removing uart.o(i.UARTSpaceAvail), (10 bytes).
    Removing uart.o(i.UARTTxIntModeGet), (8 bytes).
    Removing uart.o(i.UARTTxIntModeSet), (12 bytes).
    Removing uart.o(.constdata), (128 bytes).
    Removing delay.o(.text), (0 bytes).
    Removing delay.o(.text.MCAL_DelayMs), (68 bytes).
    Removing delay.o(.ARM.exidx.text.MCAL_DelayMs), (8 bytes).
    Removing delay.o(.text.MCAL_DelayUs), (68 bytes).
    Removing delay.o(.ARM.exidx.text.MCAL_DelayUs), (8 bytes).
    Removing cpu.o(.emb_text), (38 bytes).

858 unused section(s) (total 58035 bytes) removed from the image.

==============================================================================

Image Symbol Table

    Local Symbols

    Symbol Name                              Value     Ov Type        Size  Object(Section)

    ../clib/microlib/init/entry.s            0x00000000   Number         0  entry.o ABSOLUTE
    ../clib/microlib/init/entry.s            0x00000000   Number         0  entry2.o ABSOLUTE
    ../clib/microlib/init/entry.s            0x00000000   Number         0  entry5.o ABSOLUTE
    ../clib/microlib/init/entry.s            0x00000000   Number         0  entry7a.o ABSOLUTE
    ../clib/microlib/init/entry.s            0x00000000   Number         0  entry7b.o ABSOLUTE
    ../clib/microlib/init/entry.s            0x00000000   Number         0  entry8a.o ABSOLUTE
    ../clib/microlib/init/entry.s            0x00000000   Number         0  entry8b.o ABSOLUTE
    ../clib/microlib/init/entry.s            0x00000000   Number         0  entry9a.o ABSOLUTE
    ../clib/microlib/init/entry.s            0x00000000   Number         0  entry9b.o ABSOLUTE
    ../clib/microlib/init/entry.s            0x00000000   Number         0  entry10a.o ABSOLUTE
    ../clib/microlib/init/entry.s            0x00000000   Number         0  entry10b.o ABSOLUTE
    ../clib/microlib/init/entry.s            0x00000000   Number         0  entry11a.o ABSOLUTE
    ../clib/microlib/init/entry.s            0x00000000   Number         0  entry11b.o ABSOLUTE
    ../clib/microlib/string/memcpy.c         0x00000000   Number         0  memcpya.o ABSOLUTE
    ../clib/microlib/string/memcpy.c         0x00000000   Number         0  memcpyb.o ABSOLUTE
    ../clib/microlib/string/memset.c         0x00000000   Number         0  memseta.o ABSOLUTE
    ../clib/microlib/string/strlen.c         0x00000000   Number         0  strlen.o ABSOLUTE
    GPIO.c                                   0x00000000   Number         0  gpio.o ABSOLUTE
    GPIO_Config.c                            0x00000000   Number         0  gpio_config.o ABSOLUTE
    IR.c                                     0x00000000   Number         0  ir.o ABSOLUTE
    IR_Config.c                              0x00000000   Number         0  ir_config.o ABSOLUTE
    PWM.c                                    0x00000000   Number         0  pwm.o ABSOLUTE
    PWM_Config.c                             0x00000000   Number         0  pwm_config.o ABSOLUTE
    RCC.c                                    0x00000000   Number         0  rcc.o ABSOLUTE
    RCC_Config.c                             0x00000000   Number         0  rcc_config.o ABSOLUTE
    RTE/Device/TM4C123GH6PM/startup_TM4C123.s 0x00000000   Number         0  startup_tm4c123.o ABSOLUTE
    SPI.c                                    0x00000000   Number         0  spi.o ABSOLUTE
    SPI_Config.c                             0x00000000   Number         0  spi_config.o ABSOLUTE
    Timer.c                                  0x00000000   Number         0  timer.o ABSOLUTE
    Timer_Config.c                           0x00000000   Number         0  timer_config.o ABSOLUTE
    UART.c                                   0x00000000   Number         0  uart.o ABSOLUTE
    UART_Config.c                            0x00000000   Number         0  uart_config.o ABSOLUTE
    app.c                                    0x00000000   Number         0  app.o ABSOLUTE
    communication.c                          0x00000000   Number         0  communication.o ABSOLUTE
    cpu.c                                    0x00000000   Number         0  cpu.o ABSOLUTE
    cpu.c                                    0x00000000   Number         0  cpu.o ABSOLUTE
    dc.s                                     0x00000000   Number         0  dc.o ABSOLUTE
    delay.c                                  0x00000000   Number         0  delay.o ABSOLUTE
    freertos_evr.c                           0x00000000   Number         0  freertos_evr.o ABSOLUTE
    gpio.c                                   0x00000000   Number         0  gpio.o ABSOLUTE
    handlers.s                               0x00000000   Number         0  handlers.o ABSOLUTE
    heap_4.c                                 0x00000000   Number         0  heap_4.o ABSOLUTE
    init.s                                   0x00000000   Number         0  init.o ABSOLUTE
    interrupt.c                              0x00000000   Number         0  interrupt.o ABSOLUTE
    lcd.c                                    0x00000000   Number         0  lcd.o ABSOLUTE
    list.c                                   0x00000000   Number         0  list.o ABSOLUTE
    motor.c                                  0x00000000   Number         0  motor.o ABSOLUTE
    motor_Config.c                           0x00000000   Number         0  motor_config.o ABSOLUTE
    port.c                                   0x00000000   Number         0  port.o ABSOLUTE
    pwm.c                                    0x00000000   Number         0  pwm.o ABSOLUTE
    queue.c                                  0x00000000   Number         0  queue.o ABSOLUTE
    ssi.c                                    0x00000000   Number         0  ssi.o ABSOLUTE
    sysctl.c                                 0x00000000   Number         0  sysctl.o ABSOLUTE
    sysctl.c                                 0x00000000   Number         0  sysctl.o ABSOLUTE
    system_TM4C123.c                         0x00000000   Number         0  system_tm4c123.o ABSOLUTE
    tasks.c                                  0x00000000   Number         0  tasks.o ABSOLUTE
    timer.c                                  0x00000000   Number         0  timer.o ABSOLUTE
    timers.c                                 0x00000000   Number         0  timers.o ABSOLUTE
    uart.c                                   0x00000000   Number         0  uart.o ABSOLUTE
    ultrasonic.c                             0x00000000   Number         0  ultrasonic.o ABSOLUTE
    ultrasonic_Config.c                      0x00000000   Number         0  ultrasonic_config.o ABSOLUTE
    RESET                                    0x00000000   Section      620  startup_tm4c123.o(RESET)
    .ARM.Collect$$$$00000000                 0x0000026c   Section        0  entry.o(.ARM.Collect$$$$00000000)
    .ARM.Collect$$$$00000001                 0x0000026c   Section        4  entry2.o(.ARM.Collect$$$$00000001)
    .ARM.Collect$$$$00000004                 0x00000270   Section        4  entry5.o(.ARM.Collect$$$$00000004)
    .ARM.Collect$$$$00000008                 0x00000274   Section        0  entry7b.o(.ARM.Collect$$$$00000008)
    .ARM.Collect$$$$0000000A                 0x00000274   Section        0  entry8b.o(.ARM.Collect$$$$0000000A)
    .ARM.Collect$$$$0000000B                 0x00000274   Section        8  entry9a.o(.ARM.Collect$$$$0000000B)
    __lit__00000000                          0x0000027c   Data           4  entry2.o(.ARM.Collect$$$$00002712)
    .ARM.Collect$$$$0000000D                 0x0000027c   Section        0  entry10a.o(.ARM.Collect$$$$0000000D)
    .ARM.Collect$$$$0000000F                 0x0000027c   Section        0  entry11a.o(.ARM.Collect$$$$0000000F)
    .ARM.Collect$$$$00002712                 0x0000027c   Section        4  entry2.o(.ARM.Collect$$$$00002712)
    $v0                                      0x00000280   Number         0  sysctl.o(.emb_text)
    .emb_text                                0x00000280   Section        6  sysctl.o(.emb_text)
    $v0                                      0x00000288   Number         0  startup_tm4c123.o(.text)
    .text                                    0x00000288   Section      252  startup_tm4c123.o(.text)
    .text                                    0x00000384   Section       48  init.o(.text)
    [Anonymous Symbol]                       0x000003b4   Section        0  communication.o(.text.HAL_Comm_CheckSum_Generator)
    [Anonymous Symbol]                       0x000003c8   Section        0  communication.o(.text.HAL_Comm_ReceiveFrame)
    [Anonymous Symbol]                       0x00000418   Section        0  communication.o(.text.HAL_Comm_SendFrame)
    [Anonymous Symbol]                       0x00000474   Section        0  gpio.o(.text.MCAL_GPIO_Pin_Init)
    [Anonymous Symbol]                       0x0000061c   Section        0  gpio.o(.text.MCAL_GPIO_Pin_Write)
    [Anonymous Symbol]                       0x000006c0   Section        0  rcc.o(.text.MCAL_RCC_SysCtlClockExternal)
    [Anonymous Symbol]                       0x000006f8   Section        0  spi.o(.text.MCAL_SSI_ReceiveData)
    [Anonymous Symbol]                       0x00000730   Section        0  spi.o(.text.MCAL_SSI_SendData)
    [Anonymous Symbol]                       0x00000764   Section        0  uart.o(.text.MCAL_UART_Inti)
    [Anonymous Symbol]                       0x000008a0   Section        0  port.o(.text.PendSV_Handler)
    pxCurrentTCBConst                        0x00000900   Number         0  port.o(.text.PendSV_Handler)
    [Anonymous Symbol]                       0x00000910   Section        0  port.o(.text.SVC_Handler)
    pxCurrentTCBConst2                       0x00000930   Number         0  port.o(.text.SVC_Handler)
    [Anonymous Symbol]                       0x00000934   Section        0  port.o(.text.SysTick_Handler)
    [Anonymous Symbol]                       0x00000970   Section        0  system_tm4c123.o(.text.SystemInit)
    [Anonymous Symbol]                       0x00000a7c   Section        0  app.o(.text.main)
    prvResetNextTaskUnblockTime              0x00000b45   Thumb Code    60  tasks.o(.text.prvResetNextTaskUnblockTime)
    [Anonymous Symbol]                       0x00000b44   Section        0  tasks.o(.text.prvResetNextTaskUnblockTime)
    __tagsym$$used.0                         0x00000b80   Number         0  tasks.o(.text.vTaskSwitchContext)
    [Anonymous Symbol]                       0x00000b80   Section        0  tasks.o(.text.vTaskSwitchContext)
    [Anonymous Symbol]                       0x00000c40   Section        0  tasks.o(.text.xTaskIncrementTick)
    i.GPIODirModeSet                         0x00000ea0   Section        0  gpio.o(i.GPIODirModeSet)
    i.GPIOPadConfigSet                       0x00000ec8   Section        0  gpio.o(i.GPIOPadConfigSet)
    i.GPIOPinConfigure                       0x00001038   Section        0  gpio.o(i.GPIOPinConfigure)
    i.GPIOPinRead                            0x0000107c   Section        0  gpio.o(i.GPIOPinRead)
    i.GPIOPinTypeUART                        0x00001082   Section        0  gpio.o(i.GPIOPinTypeUART)
    i.GPIOPinWrite                           0x0000109e   Section        0  gpio.o(i.GPIOPinWrite)
    i.GPIOUnlockPin                          0x000010a4   Section        0  gpio.o(i.GPIOUnlockPin)
    i.SSIDataGetNonBlocking                  0x000010bc   Section        0  ssi.o(i.SSIDataGetNonBlocking)
    i.SSIDataPut                             0x000010d0   Section        0  ssi.o(i.SSIDataPut)
    i.SysCtlClockGet                         0x000010dc   Section        0  sysctl.o(i.SysCtlClockGet)
    i.SysCtlClockSet                         0x00001230   Section        0  sysctl.o(i.SysCtlClockSet)
    i.SysCtlPeripheralEnable                 0x00001350   Section        0  sysctl.o(i.SysCtlPeripheralEnable)
    i.SysCtlPeripheralReady                  0x00001378   Section        0  sysctl.o(i.SysCtlPeripheralReady)
    i.UARTConfigSetExpClk                    0x000013a4   Section        0  uart.o(i.UARTConfigSetExpClk)
    i.UARTEnable                             0x00001412   Section        0  uart.o(i.UARTEnable)
    i.__scatterload_copy                     0x00001426   Section       14  handlers.o(i.__scatterload_copy)
    i.__scatterload_null                     0x00001434   Section        2  handlers.o(i.__scatterload_null)
    i.__scatterload_zeroinit                 0x00001436   Section       14  handlers.o(i.__scatterload_zeroinit)
    g_ppui32GPIOIntMapBlizzard               0x00001444   Data         192  gpio.o(.constdata)
    .constdata                               0x00001444   Section      552  gpio.o(.constdata)
    g_ppui32GPIOIntMapSnowflake              0x00001504   Data         216  gpio.o(.constdata)
    g_pui32GPIOBaseAddrs                     0x000015dc   Data         144  gpio.o(.constdata)
    g_pui32VCOFrequencies                    0x0000166c   Data           8  sysctl.o(.constdata)
    .constdata                               0x0000166c   Section      596  sysctl.o(.constdata)
    g_pui32Xtals                             0x00001674   Data         108  sysctl.o(.constdata)
    g_pppui32XTALtoVCO                       0x000016e0   Data         432  sysctl.o(.constdata)
    g_sXTALtoMEMTIM                          0x00001890   Data          48  sysctl.o(.constdata)
    __tagsym$$used.1                         0x20000050   Number         0  tasks.o(.bss.pxCurrentTCB)
    pxDelayedTaskList                        0x20000054   Data           4  tasks.o(.bss.pxDelayedTaskList)
    [Anonymous Symbol]                       0x20000054   Section        0  tasks.o(.bss.pxDelayedTaskList)
    pxOverflowDelayedTaskList                0x20000058   Data           4  tasks.o(.bss.pxOverflowDelayedTaskList)
    [Anonymous Symbol]                       0x20000058   Section        0  tasks.o(.bss.pxOverflowDelayedTaskList)
    pxReadyTasksLists                        0x2000005c   Data         100  tasks.o(.bss.pxReadyTasksLists)
    [Anonymous Symbol]                       0x2000005c   Section        0  tasks.o(.bss.pxReadyTasksLists)
    uxSchedulerSuspended                     0x200000c0   Data           4  tasks.o(.bss.uxSchedulerSuspended)
    [Anonymous Symbol]                       0x200000c0   Section        0  tasks.o(.bss.uxSchedulerSuspended)
    uxTopReadyPriority                       0x200000c4   Data           4  tasks.o(.bss.uxTopReadyPriority)
    [Anonymous Symbol]                       0x200000c4   Section        0  tasks.o(.bss.uxTopReadyPriority)
    xNextTaskUnblockTime                     0x200000c8   Data           4  tasks.o(.bss.xNextTaskUnblockTime)
    [Anonymous Symbol]                       0x200000c8   Section        0  tasks.o(.bss.xNextTaskUnblockTime)
    xNumOfOverflows                          0x200000cc   Data           4  tasks.o(.bss.xNumOfOverflows)
    [Anonymous Symbol]                       0x200000cc   Section        0  tasks.o(.bss.xNumOfOverflows)
    xPendedTicks                             0x200000d0   Data           4  tasks.o(.bss.xPendedTicks)
    [Anonymous Symbol]                       0x200000d0   Section        0  tasks.o(.bss.xPendedTicks)
    xTickCount                               0x200000d4   Data           4  tasks.o(.bss.xTickCount)
    [Anonymous Symbol]                       0x200000d4   Section        0  tasks.o(.bss.xTickCount)
    xYieldPending                            0x200000d8   Data           4  tasks.o(.bss.xYieldPending)
    [Anonymous Symbol]                       0x200000d8   Section        0  tasks.o(.bss.xYieldPending)
    STACK                                    0x200000e0   Section      512  startup_tm4c123.o(STACK)

    Global Symbols

    Symbol Name                              Value     Ov Type        Size  Object(Section)

    BuildAttributes$$THM_ISAv4$E$P$D$K$B$S$7EM$VFPi3$EXTD16$VFPS$VFMA$PE$A:L22UL41UL21$X:L11$S22US41US21$IEEE1$IW$~IW$USESV6$~STKCKD$USESV7$~SHL$OTIME$EBA8$MICROLIB$REQ8$PRES8$EABIv2 0x00000000   Number         0  anon$$obj.o ABSOLUTE
    __Vectors                                0x00000000   Data           4  startup_tm4c123.o(RESET)
    __cpp_initialize__aeabi_                  - Undefined Weak Reference
    __cxa_finalize                            - Undefined Weak Reference
    __decompress                              - Undefined Weak Reference
    _clock_init                               - Undefined Weak Reference
    _microlib_exit                            - Undefined Weak Reference
    __Vectors_End                            0x0000026c   Data           0  startup_tm4c123.o(RESET)
    __Vectors_Size                           0x0000026c   Number         0  startup_tm4c123.o ABSOLUTE
    __main                                   0x0000026d   Thumb Code     0  entry.o(.ARM.Collect$$$$00000000)
    _main_stk                                0x0000026d   Thumb Code     0  entry2.o(.ARM.Collect$$$$00000001)
    _main_scatterload                        0x00000271   Thumb Code     0  entry5.o(.ARM.Collect$$$$00000004)
    __main_after_scatterload                 0x00000275   Thumb Code     0  entry5.o(.ARM.Collect$$$$00000004)
    _main_clock                              0x00000275   Thumb Code     0  entry7b.o(.ARM.Collect$$$$00000008)
    _main_cpp_init                           0x00000275   Thumb Code     0  entry8b.o(.ARM.Collect$$$$0000000A)
    _main_init                               0x00000275   Thumb Code     0  entry9a.o(.ARM.Collect$$$$0000000B)
    __rt_final_cpp                           0x0000027d   Thumb Code     0  entry10a.o(.ARM.Collect$$$$0000000D)
    __rt_final_exit                          0x0000027d   Thumb Code     0  entry11a.o(.ARM.Collect$$$$0000000F)
    SysCtlDelay                              0x00000281   Thumb Code     6  sysctl.o(.emb_text)
    Reset_Handler                            0x00000289   Thumb Code     8  startup_tm4c123.o(.text)
    NMI_Handler                              0x00000291   Thumb Code     2  startup_tm4c123.o(.text)
    HardFault_Handler                        0x00000293   Thumb Code     2  startup_tm4c123.o(.text)
    MemManage_Handler                        0x00000295   Thumb Code     2  startup_tm4c123.o(.text)
    BusFault_Handler                         0x00000297   Thumb Code     2  startup_tm4c123.o(.text)
    UsageFault_Handler                       0x00000299   Thumb Code     2  startup_tm4c123.o(.text)
    DebugMon_Handler                         0x0000029d   Thumb Code     2  startup_tm4c123.o(.text)
    GPIOA_Handler                            0x000002a3   Thumb Code     2  startup_tm4c123.o(.text)
    GPIOB_Handler                            0x000002a5   Thumb Code     2  startup_tm4c123.o(.text)
    GPIOC_Handler                            0x000002a7   Thumb Code     2  startup_tm4c123.o(.text)
    GPIOD_Handler                            0x000002a9   Thumb Code     2  startup_tm4c123.o(.text)
    GPIOE_Handler                            0x000002ab   Thumb Code     2  startup_tm4c123.o(.text)
    UART0_Handler                            0x000002ad   Thumb Code     2  startup_tm4c123.o(.text)
    UART1_Handler                            0x000002af   Thumb Code     2  startup_tm4c123.o(.text)
    SSI0_Handler                             0x000002b1   Thumb Code     2  startup_tm4c123.o(.text)
    I2C0_Handler                             0x000002b3   Thumb Code     2  startup_tm4c123.o(.text)
    PMW0_FAULT_Handler                       0x000002b5   Thumb Code     2  startup_tm4c123.o(.text)
    PWM0_0_Handler                           0x000002b7   Thumb Code     2  startup_tm4c123.o(.text)
    PWM0_1_Handler                           0x000002b9   Thumb Code     2  startup_tm4c123.o(.text)
    PWM0_2_Handler                           0x000002bb   Thumb Code     2  startup_tm4c123.o(.text)
    QEI0_Handler                             0x000002bd   Thumb Code     2  startup_tm4c123.o(.text)
    ADC0SS0_Handler                          0x000002bf   Thumb Code     2  startup_tm4c123.o(.text)
    ADC0SS1_Handler                          0x000002c1   Thumb Code     2  startup_tm4c123.o(.text)
    ADC0SS2_Handler                          0x000002c3   Thumb Code     2  startup_tm4c123.o(.text)
    ADC0SS3_Handler                          0x000002c5   Thumb Code     2  startup_tm4c123.o(.text)
    WDT0_Handler                             0x000002c7   Thumb Code     2  startup_tm4c123.o(.text)
    TIMER0A_Handler                          0x000002c9   Thumb Code     2  startup_tm4c123.o(.text)
    TIMER0B_Handler                          0x000002cb   Thumb Code     2  startup_tm4c123.o(.text)
    TIMER1A_Handler                          0x000002cd   Thumb Code     2  startup_tm4c123.o(.text)
    TIMER1B_Handler                          0x000002cf   Thumb Code     2  startup_tm4c123.o(.text)
    TIMER2A_Handler                          0x000002d1   Thumb Code     2  startup_tm4c123.o(.text)
    TIMER2B_Handler                          0x000002d3   Thumb Code     2  startup_tm4c123.o(.text)
    COMP0_Handler                            0x000002d5   Thumb Code     2  startup_tm4c123.o(.text)
    COMP1_Handler                            0x000002d7   Thumb Code     2  startup_tm4c123.o(.text)
    COMP2_Handler                            0x000002d9   Thumb Code     2  startup_tm4c123.o(.text)
    SYSCTL_Handler                           0x000002db   Thumb Code     2  startup_tm4c123.o(.text)
    FLASH_Handler                            0x000002dd   Thumb Code     2  startup_tm4c123.o(.text)
    GPIOF_Handler                            0x000002df   Thumb Code     2  startup_tm4c123.o(.text)
    GPIOG_Handler                            0x000002e1   Thumb Code     2  startup_tm4c123.o(.text)
    GPIOH_Handler                            0x000002e3   Thumb Code     2  startup_tm4c123.o(.text)
    UART2_Handler                            0x000002e5   Thumb Code     2  startup_tm4c123.o(.text)
    SSI1_Handler                             0x000002e7   Thumb Code     2  startup_tm4c123.o(.text)
    TIMER3A_Handler                          0x000002e9   Thumb Code     2  startup_tm4c123.o(.text)
    TIMER3B_Handler                          0x000002eb   Thumb Code     2  startup_tm4c123.o(.text)
    I2C1_Handler                             0x000002ed   Thumb Code     2  startup_tm4c123.o(.text)
    QEI1_Handler                             0x000002ef   Thumb Code     2  startup_tm4c123.o(.text)
    CAN0_Handler                             0x000002f1   Thumb Code     2  startup_tm4c123.o(.text)
    CAN1_Handler                             0x000002f3   Thumb Code     2  startup_tm4c123.o(.text)
    CAN2_Handler                             0x000002f5   Thumb Code     2  startup_tm4c123.o(.text)
    HIB_Handler                              0x000002f7   Thumb Code     2  startup_tm4c123.o(.text)
    USB0_Handler                             0x000002f9   Thumb Code     2  startup_tm4c123.o(.text)
    PWM0_3_Handler                           0x000002fb   Thumb Code     2  startup_tm4c123.o(.text)
    UDMA_Handler                             0x000002fd   Thumb Code     2  startup_tm4c123.o(.text)
    UDMAERR_Handler                          0x000002ff   Thumb Code     2  startup_tm4c123.o(.text)
    ADC1SS0_Handler                          0x00000301   Thumb Code     2  startup_tm4c123.o(.text)
    ADC1SS1_Handler                          0x00000303   Thumb Code     2  startup_tm4c123.o(.text)
    ADC1SS2_Handler                          0x00000305   Thumb Code     2  startup_tm4c123.o(.text)
    ADC1SS3_Handler                          0x00000307   Thumb Code     2  startup_tm4c123.o(.text)
    GPIOJ_Handler                            0x00000309   Thumb Code     2  startup_tm4c123.o(.text)
    GPIOK_Handler                            0x0000030b   Thumb Code     2  startup_tm4c123.o(.text)
    GPIOL_Handler                            0x0000030d   Thumb Code     2  startup_tm4c123.o(.text)
    SSI2_Handler                             0x0000030f   Thumb Code     2  startup_tm4c123.o(.text)
    SSI3_Handler                             0x00000311   Thumb Code     2  startup_tm4c123.o(.text)
    UART3_Handler                            0x00000313   Thumb Code     2  startup_tm4c123.o(.text)
    UART4_Handler                            0x00000315   Thumb Code     2  startup_tm4c123.o(.text)
    UART5_Handler                            0x00000317   Thumb Code     2  startup_tm4c123.o(.text)
    UART6_Handler                            0x00000319   Thumb Code     2  startup_tm4c123.o(.text)
    UART7_Handler                            0x0000031b   Thumb Code     2  startup_tm4c123.o(.text)
    I2C2_Handler                             0x0000031d   Thumb Code     2  startup_tm4c123.o(.text)
    I2C3_Handler                             0x0000031f   Thumb Code     2  startup_tm4c123.o(.text)
    TIMER4A_Handler                          0x00000321   Thumb Code     2  startup_tm4c123.o(.text)
    TIMER4B_Handler                          0x00000323   Thumb Code     2  startup_tm4c123.o(.text)
    TIMER5A_Handler                          0x00000325   Thumb Code     2  startup_tm4c123.o(.text)
    TIMER5B_Handler                          0x00000327   Thumb Code     2  startup_tm4c123.o(.text)
    WTIMER0A_Handler                         0x00000329   Thumb Code     2  startup_tm4c123.o(.text)
    WTIMER0B_Handler                         0x0000032b   Thumb Code     2  startup_tm4c123.o(.text)
    WTIMER1A_Handler                         0x0000032d   Thumb Code     2  startup_tm4c123.o(.text)
    WTIMER1B_Handler                         0x0000032f   Thumb Code     2  startup_tm4c123.o(.text)
    WTIMER2A_Handler                         0x00000331   Thumb Code     2  startup_tm4c123.o(.text)
    WTIMER2B_Handler                         0x00000333   Thumb Code     2  startup_tm4c123.o(.text)
    WTIMER3A_Handler                         0x00000335   Thumb Code     2  startup_tm4c123.o(.text)
    WTIMER3B_Handler                         0x00000337   Thumb Code     2  startup_tm4c123.o(.text)
    WTIMER4A_Handler                         0x00000339   Thumb Code     2  startup_tm4c123.o(.text)
    WTIMER4B_Handler                         0x0000033b   Thumb Code     2  startup_tm4c123.o(.text)
    WTIMER5A_Handler                         0x0000033d   Thumb Code     2  startup_tm4c123.o(.text)
    WTIMER5B_Handler                         0x0000033f   Thumb Code     2  startup_tm4c123.o(.text)
    FPU_Handler                              0x00000341   Thumb Code     2  startup_tm4c123.o(.text)
    I2C4_Handler                             0x00000343   Thumb Code     2  startup_tm4c123.o(.text)
    I2C5_Handler                             0x00000345   Thumb Code     2  startup_tm4c123.o(.text)
    GPIOM_Handler                            0x00000347   Thumb Code     2  startup_tm4c123.o(.text)
    GPION_Handler                            0x00000349   Thumb Code     2  startup_tm4c123.o(.text)
    QEI2_Handler                             0x0000034b   Thumb Code     2  startup_tm4c123.o(.text)
    GPIOP0_Handler                           0x0000034d   Thumb Code     2  startup_tm4c123.o(.text)
    GPIOP1_Handler                           0x0000034f   Thumb Code     2  startup_tm4c123.o(.text)
    GPIOP2_Handler                           0x00000351   Thumb Code     2  startup_tm4c123.o(.text)
    GPIOP3_Handler                           0x00000353   Thumb Code     2  startup_tm4c123.o(.text)
    GPIOP4_Handler                           0x00000355   Thumb Code     2  startup_tm4c123.o(.text)
    GPIOP5_Handler                           0x00000357   Thumb Code     2  startup_tm4c123.o(.text)
    GPIOP6_Handler                           0x00000359   Thumb Code     2  startup_tm4c123.o(.text)
    GPIOP7_Handler                           0x0000035b   Thumb Code     2  startup_tm4c123.o(.text)
    GPIOQ0_Handler                           0x0000035d   Thumb Code     2  startup_tm4c123.o(.text)
    GPIOQ1_Handler                           0x0000035f   Thumb Code     2  startup_tm4c123.o(.text)
    GPIOQ2_Handler                           0x00000361   Thumb Code     2  startup_tm4c123.o(.text)
    GPIOQ3_Handler                           0x00000363   Thumb Code     2  startup_tm4c123.o(.text)
    GPIOQ4_Handler                           0x00000365   Thumb Code     2  startup_tm4c123.o(.text)
    GPIOQ5_Handler                           0x00000367   Thumb Code     2  startup_tm4c123.o(.text)
    GPIOQ6_Handler                           0x00000369   Thumb Code     2  startup_tm4c123.o(.text)
    GPIOQ7_Handler                           0x0000036b   Thumb Code     2  startup_tm4c123.o(.text)
    GPIOR_Handler                            0x0000036d   Thumb Code     2  startup_tm4c123.o(.text)
    GPIOS_Handler                            0x0000036f   Thumb Code     2  startup_tm4c123.o(.text)
    PMW1_0_Handler                           0x00000371   Thumb Code     2  startup_tm4c123.o(.text)
    PWM1_1_Handler                           0x00000373   Thumb Code     2  startup_tm4c123.o(.text)
    PWM1_2_Handler                           0x00000375   Thumb Code     2  startup_tm4c123.o(.text)
    PWM1_3_Handler                           0x00000377   Thumb Code     2  startup_tm4c123.o(.text)
    PWM1_FAULT_Handler                       0x00000379   Thumb Code     2  startup_tm4c123.o(.text)
    __scatterload                            0x00000385   Thumb Code    38  init.o(.text)
    __scatterload_rt2                        0x00000385   Thumb Code     0  init.o(.text)
    HAL_Comm_CheckSum_Generator              0x000003b5   Thumb Code    18  communication.o(.text.HAL_Comm_CheckSum_Generator)
    HAL_Comm_ReceiveFrame                    0x000003c9   Thumb Code    78  communication.o(.text.HAL_Comm_ReceiveFrame)
    HAL_Comm_SendFrame                       0x00000419   Thumb Code    90  communication.o(.text.HAL_Comm_SendFrame)
    MCAL_GPIO_Pin_Init                       0x00000475   Thumb Code   422  gpio.o(.text.MCAL_GPIO_Pin_Init)
    MCAL_GPIO_Pin_Write                      0x0000061d   Thumb Code   162  gpio.o(.text.MCAL_GPIO_Pin_Write)
    MCAL_RCC_SysCtlClockExternal             0x000006c1   Thumb Code    56  rcc.o(.text.MCAL_RCC_SysCtlClockExternal)
    MCAL_SSI_ReceiveData                     0x000006f9   Thumb Code    56  spi.o(.text.MCAL_SSI_ReceiveData)
    MCAL_SSI_SendData                        0x00000731   Thumb Code    52  spi.o(.text.MCAL_SSI_SendData)
    MCAL_UART_Inti                           0x00000765   Thumb Code   310  uart.o(.text.MCAL_UART_Inti)
    PendSV_Handler                           0x000008a1   Thumb Code   100  port.o(.text.PendSV_Handler)
    SVC_Handler                              0x00000911   Thumb Code    36  port.o(.text.SVC_Handler)
    SysTick_Handler                          0x00000935   Thumb Code    60  port.o(.text.SysTick_Handler)
    SystemInit                               0x00000971   Thumb Code   268  system_tm4c123.o(.text.SystemInit)
    main                                     0x00000a7d   Thumb Code   200  app.o(.text.main)
    vTaskSwitchContext                       0x00000b81   Thumb Code   190  tasks.o(.text.vTaskSwitchContext)
    xTaskIncrementTick                       0x00000c41   Thumb Code   608  tasks.o(.text.xTaskIncrementTick)
    GPIODirModeSet                           0x00000ea1   Thumb Code    40  gpio.o(i.GPIODirModeSet)
    GPIOPadConfigSet                         0x00000ec9   Thumb Code   354  gpio.o(i.GPIOPadConfigSet)
    GPIOPinConfigure                         0x00001039   Thumb Code    60  gpio.o(i.GPIOPinConfigure)
    GPIOPinRead                              0x0000107d   Thumb Code     6  gpio.o(i.GPIOPinRead)
    GPIOPinTypeUART                          0x00001083   Thumb Code    28  gpio.o(i.GPIOPinTypeUART)
    GPIOPinWrite                             0x0000109f   Thumb Code     6  gpio.o(i.GPIOPinWrite)
    GPIOUnlockPin                            0x000010a5   Thumb Code    18  gpio.o(i.GPIOUnlockPin)
    SSIDataGetNonBlocking                    0x000010bd   Thumb Code    20  ssi.o(i.SSIDataGetNonBlocking)
    SSIDataPut                               0x000010d1   Thumb Code    12  ssi.o(i.SSIDataPut)
    SysCtlClockGet                           0x000010dd   Thumb Code   304  sysctl.o(i.SysCtlClockGet)
    SysCtlClockSet                           0x00001231   Thumb Code   270  sysctl.o(i.SysCtlClockSet)
    SysCtlPeripheralEnable                   0x00001351   Thumb Code    36  sysctl.o(i.SysCtlPeripheralEnable)
    SysCtlPeripheralReady                    0x00001379   Thumb Code    40  sysctl.o(i.SysCtlPeripheralReady)
    UARTConfigSetExpClk                      0x000013a5   Thumb Code   110  uart.o(i.UARTConfigSetExpClk)
    UARTEnable                               0x00001413   Thumb Code    20  uart.o(i.UARTEnable)
    __scatterload_copy                       0x00001427   Thumb Code    14  handlers.o(i.__scatterload_copy)
    __scatterload_null                       0x00001435   Thumb Code     2  handlers.o(i.__scatterload_null)
    __scatterload_zeroinit                   0x00001437   Thumb Code    14  handlers.o(i.__scatterload_zeroinit)
    PF1                                      0x000018c0   Data          20  gpio_config.o(.rodata.PF1)
    PF2                                      0x000018d4   Data          20  gpio_config.o(.rodata.PF2)
    RCC_config16                             0x000018e8   Data          16  rcc_config.o(.rodata.RCC_config16)
    Region$$Table$$Base                      0x000018f8   Number         0  anon$$obj.o(Region$$Table)
    Region$$Table$$Limit                     0x00001918   Number         0  anon$$obj.o(Region$$Table)
    SPI_config                               0x20000000   Data          48  spi_config.o(.data.SPI_config)
    UART_Config                              0x20000030   Data          32  uart_config.o(.data.UART_Config)
    pxCurrentTCB                             0x20000050   Data           4  tasks.o(.bss.pxCurrentTCB)
    __initial_sp                             0x200002e0   Data           0  startup_tm4c123.o(STACK)



==============================================================================

Memory Map of the image

  Image Entry point : 0x0000026d

  Load Region LR_IROM1 (Base: 0x00000000, Size: 0x00001968, Max: 0x00040000, ABSOLUTE)

    Execution Region ER_IROM1 (Exec base: 0x00000000, Load base: 0x00000000, Size: 0x00001918, Max: 0x00040000, ABSOLUTE)

    Exec Addr    Load Addr    Size         Type   Attr      Idx    E Section Name        Object

    0x00000000   0x00000000   0x0000026c   Data   RO          346    RESET               startup_tm4c123.o
    0x0000026c   0x0000026c   0x00000000   Code   RO         2541  * .ARM.Collect$$$$00000000  mc_w.l(entry.o)
    0x0000026c   0x0000026c   0x00000004   Code   RO         2552    .ARM.Collect$$$$00000001  mc_w.l(entry2.o)
    0x00000270   0x00000270   0x00000004   Code   RO         2555    .ARM.Collect$$$$00000004  mc_w.l(entry5.o)
    0x00000274   0x00000274   0x00000000   Code   RO         2557    .ARM.Collect$$$$00000008  mc_w.l(entry7b.o)
    0x00000274   0x00000274   0x00000000   Code   RO         2559    .ARM.Collect$$$$0000000A  mc_w.l(entry8b.o)
    0x00000274   0x00000274   0x00000008   Code   RO         2560    .ARM.Collect$$$$0000000B  mc_w.l(entry9a.o)
    0x0000027c   0x0000027c   0x00000000   Code   RO         2562    .ARM.Collect$$$$0000000D  mc_w.l(entry10a.o)
    0x0000027c   0x0000027c   0x00000000   Code   RO         2564    .ARM.Collect$$$$0000000F  mc_w.l(entry11a.o)
    0x0000027c   0x0000027c   0x00000004   Code   RO         2553    .ARM.Collect$$$$00002712  mc_w.l(entry2.o)
    0x00000280   0x00000280   0x00000006   Code   RO         1635    .emb_text           driverlib.lib(sysctl.o)
    0x00000286   0x00000286   0x00000002   PAD
    0x00000288   0x00000288   0x000000fc   Code   RO          347    .text               startup_tm4c123.o
    0x00000384   0x00000384   0x00000030   Code   RO         2566    .text               mc_w.l(init.o)
    0x000003b4   0x000003b4   0x00000012   Code   RO          313    .text.HAL_Comm_CheckSum_Generator  communication.o
    0x000003c6   0x000003c6   0x00000002   PAD
    0x000003c8   0x000003c8   0x0000004e   Code   RO          315    .text.HAL_Comm_ReceiveFrame  communication.o
    0x00000416   0x00000416   0x00000002   PAD
    0x00000418   0x00000418   0x0000005a   Code   RO          311    .text.HAL_Comm_SendFrame  communication.o
    0x00000472   0x00000472   0x00000002   PAD
    0x00000474   0x00000474   0x000001a6   Code   RO          148    .text.MCAL_GPIO_Pin_Init  gpio.o
    0x0000061a   0x0000061a   0x00000002   PAD
    0x0000061c   0x0000061c   0x000000a2   Code   RO          150    .text.MCAL_GPIO_Pin_Write  gpio.o
    0x000006be   0x000006be   0x00000002   PAD
    0x000006c0   0x000006c0   0x00000038   Code   RO          139    .text.MCAL_RCC_SysCtlClockExternal  rcc.o
    0x000006f8   0x000006f8   0x00000038   Code   RO          167    .text.MCAL_SSI_ReceiveData  spi.o
    0x00000730   0x00000730   0x00000034   Code   RO          165    .text.MCAL_SSI_SendData  spi.o
    0x00000764   0x00000764   0x00000136   Code   RO          206    .text.MCAL_UART_Inti  uart.o
    0x0000089a   0x0000089a   0x00000006   PAD
    0x000008a0   0x000008a0   0x00000064   Code   RO          406    .text.PendSV_Handler  port.o
    0x00000904   0x00000904   0x0000000c   PAD
    0x00000910   0x00000910   0x00000024   Code   RO          390    .text.SVC_Handler   port.o
    0x00000934   0x00000934   0x0000003c   Code   RO          408    .text.SysTick_Handler  port.o
    0x00000970   0x00000970   0x0000010c   Code   RO          358    .text.SystemInit    system_tm4c123.o
    0x00000a7c   0x00000a7c   0x000000c8   Code   RO            2    .text.main          app.o
    0x00000b44   0x00000b44   0x0000003c   Code   RO          554    .text.prvResetNextTaskUnblockTime  tasks.o
    0x00000b80   0x00000b80   0x000000be   Code   RO          578    .text.vTaskSwitchContext  tasks.o
    0x00000c3e   0x00000c3e   0x00000002   PAD
    0x00000c40   0x00000c40   0x00000260   Code   RO          592    .text.xTaskIncrementTick  tasks.o
    0x00000ea0   0x00000ea0   0x00000028   Code   RO          789    i.GPIODirModeSet    driverlib.lib(gpio.o)
    0x00000ec8   0x00000ec8   0x00000170   Code   RO          801    i.GPIOPadConfigSet  driverlib.lib(gpio.o)
    0x00001038   0x00001038   0x00000044   Code   RO          802    i.GPIOPinConfigure  driverlib.lib(gpio.o)
    0x0000107c   0x0000107c   0x00000006   Code   RO          803    i.GPIOPinRead       driverlib.lib(gpio.o)
    0x00001082   0x00001082   0x0000001c   Code   RO          825    i.GPIOPinTypeUART   driverlib.lib(gpio.o)
    0x0000109e   0x0000109e   0x00000006   Code   RO          831    i.GPIOPinWrite      driverlib.lib(gpio.o)
    0x000010a4   0x000010a4   0x00000018   Code   RO          832    i.GPIOUnlockPin     driverlib.lib(gpio.o)
    0x000010bc   0x000010bc   0x00000014   Code   RO         1483    i.SSIDataGetNonBlocking  driverlib.lib(ssi.o)
    0x000010d0   0x000010d0   0x0000000c   Code   RO         1484    i.SSIDataPut        driverlib.lib(ssi.o)
    0x000010dc   0x000010dc   0x00000154   Code   RO         1638    i.SysCtlClockGet    driverlib.lib(sysctl.o)
    0x00001230   0x00001230   0x00000120   Code   RO         1640    i.SysCtlClockSet    driverlib.lib(sysctl.o)
    0x00001350   0x00001350   0x00000028   Code   RO         1669    i.SysCtlPeripheralEnable  driverlib.lib(sysctl.o)
    0x00001378   0x00001378   0x0000002c   Code   RO         1673    i.SysCtlPeripheralReady  driverlib.lib(sysctl.o)
    0x000013a4   0x000013a4   0x0000006e   Code   RO         2239    i.UARTConfigSetExpClk  driverlib.lib(uart.o)
    0x00001412   0x00001412   0x00000014   Code   RO         2244    i.UARTEnable        driverlib.lib(uart.o)
    0x00001426   0x00001426   0x0000000e   Code   RO         2570    i.__scatterload_copy  mc_w.l(handlers.o)
    0x00001434   0x00001434   0x00000002   Code   RO         2571    i.__scatterload_null  mc_w.l(handlers.o)
    0x00001436   0x00001436   0x0000000e   Code   RO         2572    i.__scatterload_zeroinit  mc_w.l(handlers.o)
    0x00001444   0x00001444   0x00000228   Data   RO          834    .constdata          driverlib.lib(gpio.o)
    0x0000166c   0x0000166c   0x00000254   Data   RO         1691    .constdata          driverlib.lib(sysctl.o)
    0x000018c0   0x000018c0   0x00000014   Data   RO           48    .rodata.PF1         gpio_config.o
    0x000018d4   0x000018d4   0x00000014   Data   RO           49    .rodata.PF2         gpio_config.o
    0x000018e8   0x000018e8   0x00000010   Data   RO           58    .rodata.RCC_config16  rcc_config.o
    0x000018f8   0x000018f8   0x00000020   Data   RO         2569    Region$$Table       anon$$obj.o


    Execution Region RW_IRAM1 (Exec base: 0x20000000, Load base: 0x00001918, Size: 0x000002e0, Max: 0x00008000, ABSOLUTE)

    Exec Addr    Load Addr    Size         Type   Attr      Idx    E Section Name        Object

    0x20000000   0x00001918   0x00000030   Data   RW          182    .data.SPI_config    spi_config.o
    0x20000030   0x00001948   0x00000020   Data   RW          223    .data.UART_Config   uart_config.o
    0x20000050        -       0x00000004   Zero   RW          684    .bss.pxCurrentTCB   tasks.o
    0x20000054        -       0x00000004   Zero   RW          695    .bss.pxDelayedTaskList  tasks.o
    0x20000058        -       0x00000004   Zero   RW          696    .bss.pxOverflowDelayedTaskList  tasks.o
    0x2000005c        -       0x00000064   Zero   RW          686    .bss.pxReadyTasksLists  tasks.o
    0x200000c0        -       0x00000004   Zero   RW          693    .bss.uxSchedulerSuspended  tasks.o
    0x200000c4        -       0x00000004   Zero   RW          687    .bss.uxTopReadyPriority  tasks.o
    0x200000c8        -       0x00000004   Zero   RW          702    .bss.xNextTaskUnblockTime  tasks.o
    0x200000cc        -       0x00000004   Zero   RW          704    .bss.xNumOfOverflows  tasks.o
    0x200000d0        -       0x00000004   Zero   RW          703    .bss.xPendedTicks   tasks.o
    0x200000d4        -       0x00000004   Zero   RW          694    .bss.xTickCount     tasks.o
    0x200000d8        -       0x00000004   Zero   RW          698    .bss.xYieldPending  tasks.o
    0x200000dc   0x00001968   0x00000004   PAD
    0x200000e0        -       0x00000200   Zero   RW          344    STACK               startup_tm4c123.o


==============================================================================

Image component sizes


      Code (inc. data)   RO Data    RW Data    ZI Data      Debug   Object Name

       200          0          0          0          0       1058   app.o
       186          0          0          0          0       1518   communication.o
       584          0          0          0          0       2259   gpio.o
         0          0         40          0          0       1377   gpio_config.o
       196          8          0          0          0       4993   port.o
        56          0          0          0          0       1122   rcc.o
         0          0         16          0          0        782   rcc_config.o
       108          0          0          0          0       2508   spi.o
         0          0          0         48          0        797   spi_config.o
       252         10        620          0        512       5436   startup_tm4c123.o
       268          0          0          0          0       6732   system_tm4c123.o
       858          0          0          0        140      27330   tasks.o
       310          0          0          0          0       2160   uart.o
         0          0          0         32          0        644   uart_config.o

    ----------------------------------------------------------------------
      3048         30        708         80        656      58716   Object Totals
         0          0         32          0          0          0   (incl. Generated)
        30         12          0          0          4          0   (incl. Padding)

    ----------------------------------------------------------------------

      Code (inc. data)   RO Data    RW Data    ZI Data      Debug   Library Member Name

       540         28        552          0          0       9558   gpio.o
        32          0          0          0          0       1793   ssi.o
       718         62        596          0          0       4919   sysctl.o
       130          0          0          0          0       1987   uart.o
         0          0          0          0          0          0   entry.o
         0          0          0          0          0          0   entry10a.o
         0          0          0          0          0          0   entry11a.o
         8          4          0          0          0          0   entry2.o
         4          0          0          0          0          0   entry5.o
         0          0          0          0          0          0   entry7b.o
         0          0          0          0          0          0   entry8b.o
         8          4          0          0          0          0   entry9a.o
        30          0          0          0          0          0   handlers.o
        48         10          0          0          0         68   init.o

    ----------------------------------------------------------------------
      1520        108       1148          0          0      18325   Library Totals
         2          0          0          0          0          0   (incl. Padding)

    ----------------------------------------------------------------------

      Code (inc. data)   RO Data    RW Data    ZI Data      Debug   Library Name

      1420         90       1148          0          0      18257   driverlib.lib
        98         18          0          0          0         68   mc_w.l

    ----------------------------------------------------------------------
      1520        108       1148          0          0      18325   Library Totals

    ----------------------------------------------------------------------

==============================================================================


      Code (inc. data)   RO Data    RW Data    ZI Data      Debug   

      4568        138       1856         80        656      75985   Grand Totals
      4568        138       1856         80        656      75985   ELF Image Totals
      4568        138       1856         80          0          0   ROM Totals

==============================================================================

    Total RO  Size (Code + RO Data)                 6424 (   6.27kB)
    Total RW  Size (RW Data + ZI Data)               736 (   0.72kB)
    Total ROM Size (Code + RO Data + RW Data)       6504 (   6.35kB)

==============================================================================

